AGENTS_REMAINING l `/workspace/scratch/audio-host-independent-v08/candidate/dist/art/abbey-courtyard.png`, `tool-vignettes.png` and `hunter-portrait.png` leaves are immutable and fresh-stage-only. Preserve their exact historical bodies and consumer evidence; future reproduction uses a new stage and new inodes. Never rebuild into that candidate or write, truncate, chmod, change xattrs or set timestamps through these leaves. A separately reviewed exact physical-sharing transaction may retain their paths/bytes while recording inode/time/write-isolation losses; this workflow hold alone grants no sharing, deletion or retirement authority and is not OS-enforced protection.

The named-wait opt-in `/workspace/scratch/target-wait-cue-stage-r1` and default-on `/workspace/scratch/target-wait-default-stage-r1` builds are frozen. Never rebuild into them or write through their public/desktop/dist media mounts; use fresh stages and fresh output names. These coordinated workflow holds preserve the exact tested87/56 identities and do not assert OS-enforced isolation or self-contained releases.

Existing canonical `public/art/*.png` and `public/audio/*.wav` bodies also remain under the controlled frozen-stage media hold. New art/audio uses fresh names and inodes; do not modify existing bodies or metadata through those paths or retained aliases. This covers current mounts and any separately reviewed exact physical-sharing transaction; it grants no transaction or retirement authority. A future publication must preserve all frozen build identities first.

The native128 trial stage `/workspace/scratch/first-five-opening-cairn128-ready-stage-r1` is frozen. Its existing `public/art/*.png`, `public/audio/*.wav`, `dist/art/*.png`, `dist/audio/*.wav` and `desktop/icon.png` are immutable and fresh-stage-only. The now strict-built cue stage `/workspace/scratch/first-five-opening-ready-coach-stage-r1/desktop/icon.png` also has this hold. The default READY stage `/workspace/scratch/ready-default-stage-r1` and settleDrag query stage `/workspace/scratch/settle-drag-stage-r1` are frozen private code builds: do not rebuild into them. Their controlled public/desktop/dist media mounts preserve retained canonical bodies under this workflow hold; new reproduction uses fresh stages. This does not assert OS-enforced isolation or self-contained releases. Never rebuild into the frozen stage or write, truncate, chmod, set xattrs or alter timestamps through these media paths. Private trials may mount frozen media read-only under coordinated workflow holds; that is not OS-enforced read-only protection or a self-contained release. A separately reviewed producer transaction can share exact redundant physical encodings while preserving every path/body and recording metadata changes. This designation alone grants no retirement action. New source/code outputs must use separately owned stages and fresh files.

Four historical scratch `dist` media trees are now designated immutable and fresh-stage-only: `first-five-opening-stage-r2`, `first-five-opening-hand-cue-stage-r1`, `first-five-opening-hand-cue-terminal-stage-r1` and `first-five-opening-readout-stage-r1` under `/workspace/scratch`. This designation applies to their existing `dist/art/*.png` and `dist/audio/*.wav` paths, whether physical deduplication has occurred or not. Never rebuild into those historical directories or write, truncate, chmod, set xattrs or change timestamps through their media paths. Reproduction must use retained source and a new stage/new inodes. A separately reviewed storage transaction may preserve these exact paths and bytes while sharing physical media inodes; that does not permit later writes through any alias. Original physical metadata records and any intentional inode/time differences must remain preserved in supplemental reviews. This is a workflow hold, not an OS-enforced read-only claim or permission to retire backups.

Eight generated Playwright trace PNG paths now share retained canonical public/dist art inodes after independent byte-equivalence and transaction review. Never write, truncate, chmod or change xattrs through these aliases. Future art must use new names/inodes or atomic replacement that leaves historical trace pixels intact. The complete bounded proof records and limitations are in `reviews/reviewed-trace-media-alias-recovery-2026-10-01` and its immutable preservation supplement.

## Standing owner instruction: CONTINUE PRODUCTION

The owner repeatedly and explicitly instructs the team to keep improving this game and not stop at a milestone. This is a persistent project requirement, not a one-turn suggestion.

- Continue authorized foreground development while execution is available. Completing a build, review, version, PR or release archive is a checkpoint: immediately choose and begin the next meaningful improvement. Do not end the active production task merely to announce a milestone or offer to continue.
- Lead and coordinate agents with distinct file ownership. Use genuinely independent gameplay, visual and technical reviews. The standard is AAA studio craft and a compelling, professional monster-hunting game. Reviewers may reject it; never require praise or fabricate human enjoyment.
- Respect the latest direction: original gritty, realistic-looking monster-binding contract hunter, threatening creatures and consequential deck tactics. The former cute woodland direction is rejected. The owner grants freedom to revise any core rule when beneficial. Exercise creative judgment rather than copying inspiration lists or franchise IP.
- The owner supports high-quality 2.5D sprite sheets and depth/lighting/contact tricks when these outperform a difficult Blender route. Prioritize convincing painted animation and actual measured craft; full 3D is not a requirement. Preserve rejected rig experiments as research rather than promoting them to satisfy a technology preference.
- Follow the owner's newer retention instruction (1 October 2026): an older artifact may be selectively retired when a thorough independent review prefers its verified successor and the producer judges removal wise. Record exact old/successor identities, coverage, limitations and the removal decision first; preserve unique source/art inputs, review findings, ML datasets, useful rollback baselines and historical manifests. A newer version number alone is insufficient. Never silently overwrite retained versions or rewrite reviews. Increment versions for major accepted milestones, freeze and verify matching builds, archive/tag them, then carry on; repair or revert measured regressions.
- Do not substitute a scheduled trigger, a plan, a handoff or a final status message for active authorized work. An automation is only a fallback trigger; its configuration does not prove future execution. Notify meaningful progress during work and proceed into the next cycle.
- Follow honest evidence. Actual tools, sessions and access can impose hard limits; do not pretend work continues after execution has ended or claim unavailable tests/assets/accounts were used. If a real blocker prevents all useful work, identify it precisely and preserve reviewable progress. Never manufacture activity or spin unchanged checks to simulate continuous work.
- Keep temporary source freezes short and purposeful for reproducible reviews/releases. Agents must coordinate edits during a freeze and may prepare independently owned next-stage work; do not mutate frozen runtime behind a reviewer's back.
- Start from docs/CONTINUATION.md, current package/release manifests and newest independent reviews. Prioritize concrete observed shortcomings. Complete one improvement, test its effect, then repeat. Model win rate is balance evidence, not a human fun score.

These instructions govern ongoing repository work and persist across chats and context compaction. Newer explicit owner direction takes precedence. Do not treat them as permission to invent credentials, hide failures, overwrite history, spend money, or make unsupported commercial/Steam claims.

PLAN_KEYS ['status', 'scope', 'roots', 'roles', 'rowColumns', 'rows', 'existingCapsules', 'existingReferenceRule', 'runtimeAuthorities', 'actualComparisons', 'nestedLogicalGzipDomains', 'originalReviewGatesVerbatim', 'scopeRootInventory', 'exactActualControls', 'metadataSnapshot', 'externalDependencies', 'optionalInputDomains', 'futureSelectionContract', 'proposedArchive', 'publicationPlan', 'sourceReadQualifications']
PLAN_FIELD status FINAL_SOURCE_PLAN_REQUIRES_ROOT_ARCHIVE_GRANT
PLAN_FIELD scope Exact complete new clearer-wording actual and separate rejected/qualified grounded-pixel actual with immutable failed source/review/control/provenance history. Archive-only; clearer cue selection deferred. Optional new unimplemented master/negative alpha and rejected expiry prototype preserved separately; fresh mutable fix excluded.
PLAN_FIELD roots LIST 187
PLAN_FIELD roles LIST 19
PLAN_FIELD rowColumns LIST 6
PLAN_FIELD rows LIST 952
PLAN_FIELD existingCapsules LIST 2
PLAN_FIELD existingReferenceRule storage existingCapsule:ID means blobs/<row SHA> in exact ID archive; required pinned INDEX plus previous COMPLETE gate; all original logical names remain explicit.
PLAN_FIELD runtimeAuthorities LIST 3
PLAN_FIELD actualComparisons LIST 2
PLAN_FIELD nestedLogicalGzipDomains LIST 2
PLAN_FIELD originalReviewGatesVerbatim LIST 7
PLAN_FIELD scopeRootInventory DICT ['wording actual full originals', 'wording reviews including failed gameplay r1', 'wording source build caller originals and failures', 'grounded pixel actual full compressed originals', 'grounded pixel actual negative qualified reviews', 'grounded pixel source build caller all failures', 'fallen sprite converter output source and visual provenance', 'cached courtyard source provenance retained drafts', 'unimplemented starter input converter and negative alpha diagnostic', 'separate rejected expiry prototype no actual run']
PLAN_FIELD exactActualControls LIST 2
PLAN_FIELD metadataSnapshot DICT ['status', 'reportedConfirmedHead', 'docs', 'mustRemainUnchangedThroughArchiveAndCompleteReview']
PLAN_FIELD externalDependencies DICT ['gameMediaColumns', 'gameMediaRows', 'gameMediaBodyReadOrCopiedByMapWalk', 'historicalMasters', 'nodeModules', 'selfContainedRelease', 'uniqueNewNativeOutputAndCourtyardSourcePackagesIncludedInLogicalRows', 'allOldOriginalPathsRetained']
PLAN_FIELD optionalInputDomains DICT ['starterMaster', 'rejectedExpiryPrototypeGateSHA256', 'rejectedExpiryPrototypeActualRun', 'mutableSuccessorIncluded']
PLAN_FIELD futureSelectionContract DICT ['archiveHelperPublishesOrSelects', 'noPublisherAuthored', 'requiresCompletePreservationIndependentReviewThenRootJudgmentAndConfirmedCurrentPush', 'optionalLaterCanonicalSourceChangesOnly', 'oldMainSHA256', 'oldCueCSSCurrentlyAbsent', 'candidateMainSHA256', 'candidateCueCSSSHA256', 'oldFiveDistCodeBodies', 'oldDistSourceAndOutputRemainPhysical', 'canonicalDistReplacementNotAuthorizedHere', 'candidate89SourcesAnd56BuiltOutputsBoundByFreeze', 'holding51SharedOldMediaNoOverwrite', 'noRemovalTagVersionPlatformFunClaim']
PLAN_FIELD proposedArchive DICT ['workMiB', 'reserveMiB', 'diskMinimumMiB', 'physicalOutputCapBytes', 'logicalOutputCapBytes', 'ownRSSCapBytes', 'methodWholeCeilingSeconds', 'freshFreeDiskMinimumBytes', 'newUniqueBodyCount', 'newUniqueOriginalBytes', 'perBodyGzipSumEstimateBytes', 'estimateQualification']
PLAN_FIELD publicationPlan DICT ['candidateDestination', 'rootMayPublishOnlyAfterActualIndependentCompleteReview', 'requiredSiblingSupport', 'noOriginalRemovalOverwriteOrRuntimeWrites', 'noCanonicalArchiveCopyAuthorizedInSourcePhase']
PLAN_FIELD sourceReadQualifications DICT ['originalBodiesNOATIMERequested', 'permissionFallbackPaths', 'standardJSONMetadataIndexReadsMayAdvanceAtime', 'fullStatXattrPreservationClaimed', 'existingArchiveBodiesHashedCompressedOnlyNoExtraction', 'protectedZIPBodyRead']
FILES [('FINAL-SEAL.json', 2839), ('BASELINE-SUPPORT.json', 531), ('SOURCE-PROOF.json', 2938), ('CLOSURE.json', 787), ('SCOPE-AND-ALLOCATION.txt', 1595), ('preserve-checkpoint.py', 6854), ('MANIFEST.json', 1557), ('README.md', 4293), ('PROTOCOL.txt', 1062), ('PLAN.json', 185794), ('seal.py', 4604), ('METHOD-INVERSE.json', 1141), ('author-plan.py', 21010)]
MANIFEST {
  "sealed": true,
  "sourceOnly": true,
  "archiveOrPublisherExecuted": false,
  "requiresIndependentSourceReviewRootActualGrantAndCompleteReview": true,
  "bodies": [
    {
      "name": "PLAN.json",
      "bytes": 185794,
      "sha256": "0998d948c57e2fb3d1e01f34e61028d5c80db299df308d3b1e83ab902d4281b7"
    },
    {
      "name": "preserve-checkpoint.py",
      "bytes": 6854,
      "sha256": "5ee7a0a37946e3afcdf1d355cdfbc929ccf37b39edb1b4654e61e14250fb3f1a"
    }
  ],
  "methodInverseSHA256": "deb2d5a427c281103c971f2e4e1f319395db26c842d270da340f72b04c92f21d",
  "proofSHA256": "aea214e21cd7b3dfb24681a0242f721f6e7b074b96faff36f85a28394893e6e7",
  "scope": "Two distinct actual hypotheses preserved without converting negative pixel/expiry/alpha findings into acceptance. No publisher authored.",
  "sourceFamilyLogicalCapBytes": 262144,
  "baselineRequiredPublishedSupport": {
    "path": "/workspace/Roguelike-deckbuilder/reviews/opening-turn-payoff-default-2026-10-02/source-author/preserve-checkpoint.py",
    "sha256": "367ea7aeeb38186cc546c0bf52ee5e0e65e7705f9dda6d7ccf27c4097c441a69",
    "bytes": 6786,
    "status": "Exact published f912 preserver baseline, required external provenance support; already retained original, not recopied or inside new TAR member table.",
    "existingPublishedFamily": "/workspace/Roguelike-deckbuilder/reviews/opening-turn-payoff-default-2026-10-02",
    "doNotRemove": true
  },
  "fourPriorPushedMetadataDocsHeldThroughArchive": true,
  "optionalUnimplementedMasterAndNegativePrototypesIncluded": true
}

OWN_RSS 10821632
