ACTUAL BEFORE.json 5295 d224ffc62c613aaeea9f8eeee46b7b411a64b82a8c2adfe9a2acfa8fef130f35
{
  "rawFiles": [
    {
      "path": "/workspace/scratch/settle-drag-comparison-actual-r1/VISUAL-RESULT.json",
      "sha256": "b7713194f75462873cf59193251203f0cfebfd65c0f32b6732c2a1bac4354d74",
      "bytes": 3013464,
      "lstat": {
        "st_dev": 27,
        "st_ino": 685971,
        "st_mode": 33152,
        "st_nlink": 1,
        "st_uid": 1000,
        "st_gid": 1000,
        "st_size": 3013464,
        "st_blocks": 5888,
        "st_atime_ns": 1790896710795012204,
        "st_mtime_ns": 1790896679487510052,
        "st_ctime_ns": 1790896679487510052
      },
      "fstat": {
        "st_dev": 27,
        "st_ino": 685971,
        "st_mode": 33152,
        "st_nlink": 1,
        "st_uid": 1000,
        "st_gid": 1000,
        "st_size": 3013464,
        "st_blocks": 5888,
        "st_atime_ns": 1790896710795012204,
        "st_mtime_ns": 1790896679487510052,
        "st_ctime_ns": 1790896679487510052
      },
      "xattrs": {},
      "nofollowHeldParents": true,
      "O_NOATIME": true,
      "duringReadMetadataExact": true,
      "proposalMetadata": {
        "st_dev": 27,
        "st_ino": 685971,
        "st_mode": 33152,
        "st_nlink": 1,
        "st_uid": 1000,
        "st_gid": 1000,
        "st_size": 3013464,
        "st_blocks": 5888,
        "st_atime_ns": 1790896710795012204,
        "st_mtime_ns": 1790896679487510052,
        "st_ctime_ns": 1790896679487510052
      },
      "currentMetadata": {
        "st_dev": 27,
        "st_ino": 685971,
        "st_mode": 33152,
        "st_nlink": 1,
        "st_uid": 1000,
        "st_gid": 1000,
        "st_size": 3013464,
        "st_blocks": 5888,
        "st_atime_ns": 1790896710795012204,
        "st_mtime_ns": 1790896679487510052,
        "st_ctime_ns": 1790896679487510052
      }
    },
    {
      "path": "/workspace/scratch/settle-drag-comparison-actual-r1/VISUAL-PROGRESS.json",
      "sha256": "76c5d89a05d73e0fb9e0c17559c900be4515668fbfd3ec9e919e9bc2adda34b2",
      "bytes": 3013437,
      "lstat": {
        "st_dev": 27,
        "st_ino": 685925,
        "st_mode": 33152,
        "st_nlink": 1,
        "st_uid": 1000,
        "st_gid": 1000,
        "st_size": 3013437,
        "st_blocks": 5888,
        "st_atime_ns": 1790897086396807756,
        "st_mtime_ns": 1790896679283513385,
        "st_ctime_ns": 1790896679283513385
      },
      "fstat": {
        "st_dev": 27,
        "st_ino": 685925,
        "st_mode": 33152,
        "st_nlink": 1,
        "st_uid": 1000,
        "st_gid": 1000,
        "st_size": 3013437,
        "st_blocks": 5888,
        "st_atime_ns": 1790897086396807756,
        "st_mtime_ns": 1790896679283513385,
        "st_ctime_ns": 1790896679283513385
      },
      "xattrs": {},
      "nofollowHeldParents": true,
      "O_NOATIME": true,
      "duringReadMetadataExact": true,
      "proposalMetadata": {
        "st_dev": 27,
        "st_ino": 685925,
        "st_mode": 33152,
        "st_nlink": 1,
        "st_uid": 1000,
        "st_gid": 1000,
        "st_size": 3013437,
        "st_blocks": 5888,
        "st_atime_ns": 1790897086396807756,
        "st_mtime_ns": 1790896679283513385,
        "st_ctime_ns": 1790896679283513385
      },
      "currentMetadata": {
        "st_dev": 27,
        "st_ino": 685925,
        "st_mode": 33152,
        "st_nlink": 1,
        "st_uid": 1000,
        "st_gid": 1000,
        "st_size": 3013437,
        "st_blocks": 5888,
        "st_atime_ns": 1790897086396807756,
        "st_mtime_ns": 1790896679283513385,
        "st_ctime_ns": 1790896679283513385
      }
    }
  ],
  "capsule": {
    "path": "/workspace/Roguelike-deckbuilder/reviews/opening-ready-and-rapid-drop-2026-10-01/evidence.tar.gz",
    "sha256": "27c7d4e2a117c5fa2625146a5ca78e7965705f8f809e44b6c2d7b9efb52817af",
    "bytes": 3303630,
    "lstat": {
      "st_dev": 27,
      "st_ino": 686026,
      "st_mode": 33152,
      "st_nlink": 1,
      "st_uid": 1000,
      "st_gid": 1000,
      "st_size": 3303630,
      "st_blocks": 6456,
      "st_atime_ns": 1790897123232117632,
      "st_mtime_ns": 1790897087048791776,
      "st_ctime_ns": 1790897087048791776
    },
    "fstat": {
      "st_dev": 27,
      "st_ino": 686026,
      "st_mode": 33152,
      "st_nlink": 1,
      "st_uid": 1000,
      "st_gid": 1000,
      "st_size": 3303630,
      "st_blocks": 6456,
      "st_atime_ns": 1790897123232117632,
      "st_mtime_ns": 1790897087048791776,
      "st_ctime_ns": 1790897087048791776
    },
    "xattrs": {},
    "nofollowHeldParents": true,
    "O_NOATIME": true,
    "duringReadMetadataExact": true,
    "proposalMetadata": {
      "st_dev": 27,
      "st_ino": 686026,
      "st_mode": 33152,
      "st_nlink": 1,
      "st_uid": 1000,
      "st_gid": 1000,
      "st_size": 3303630,
      "st_blocks": 6456,
      "st_atime_ns": 1790897123232117632,
      "st_mtime_ns": 1790897087048791776,
      "st_ctime_ns": 1790897087048791776
    },
    "currentMetadata": {
      "st_dev": 27,
      "st_ino": 686026,
      "st_mode": 33152,
      "st_nlink": 1,
      "st_uid": 1000,
      "st_gid": 1000,
      "st_size": 3303630,
      "st_blocks": 6456,
      "st_atime_ns": 1790897123232117632,
      "st_mtime_ns": 1790897087048791776,
      "st_ctime_ns": 1790897087048791776
    }
  },
  "initialFree": 70139904
}

ACTUAL PRODUCER.json 994 d3113606bbee6c0f5ffec22d4a7a68aaf2db5da7a30e1361eac5aeed0a9750d7
{
  "decision": "RETIRE_ONLY_TWO_REPRODUCIBLE_LOOSE_JSON_COPIES",
  "proposalSHA256": "2e5142f33be1d86f33415183fa1f2b72d70484ccc9b414e1f242bf024554488c",
  "gateSHA256": "9f045cc3007cb2eb4a17e338816d3da346a5f4672722c7f706867ef43e659678",
  "pushSHA256": "4af4bb4549812f89656a0af5dbc00aaae0688001dfeff1388e06d75d3ad2c993",
  "commit": "2b21fbc736efa8e734e6b44a538e6f73ad31e86f",
  "methodSHA256": "b6c0af4994ce1f8430457189918cd03f1f9e31b34d35693c252642fdc9e4f92c",
  "judgment": "Prefer the already published byte-exact compressed evidence successor; these two loose scratch encodings are no longer needed continuously. Preserve capsule, every original review, source, save/event/JPEG, manifest, and reconstruction helper.",
  "losses": "Raw paths and original inode/time metadata lost. Historical hardcoded readers require reconstruction or new path-scoped reader. No metadata rollback or two-unlink atomicity; durable per-leaf prefix only.",
  "oneAttempt": true,
  "noAutomaticRetry": true
}

ACTUAL JOURNAL.jsonl 884 4e6732878c8067d6733d4c06d2a6e5ca192ed9430886edf7efd4f3a311bd44cd
{"utcNs": 1790908339933122669, "operation": "PRE_UNLINK", "path": "/workspace/scratch/settle-drag-comparison-actual-r1/VISUAL-RESULT.json", "sha256": "b7713194f75462873cf59193251203f0cfebfd65c0f32b6732c2a1bac4354d74"}
{"utcNs": 1790908339934873688, "operation": "UNLINK_DURABLE", "path": "/workspace/scratch/settle-drag-comparison-actual-r1/VISUAL-RESULT.json", "sha256": "b7713194f75462873cf59193251203f0cfebfd65c0f32b6732c2a1bac4354d74"}
{"utcNs": 1790908339939426803, "operation": "PRE_UNLINK", "path": "/workspace/scratch/settle-drag-comparison-actual-r1/VISUAL-PROGRESS.json", "sha256": "76c5d89a05d73e0fb9e0c17559c900be4515668fbfd3ec9e919e9bc2adda34b2"}
{"utcNs": 1790908339940265268, "operation": "UNLINK_DURABLE", "path": "/workspace/scratch/settle-drag-comparison-actual-r1/VISUAL-PROGRESS.json", "sha256": "76c5d89a05d73e0fb9e0c17559c900be4515668fbfd3ec9e919e9bc2adda34b2"}

ACTUAL RESULT.json 711 479cbb61ed331db15f50314a714fb83aaa21fe25c614a53b5aa2674437d1471a
{
  "normal": true,
  "retiredPaths": [
    "/workspace/scratch/settle-drag-comparison-actual-r1/VISUAL-RESULT.json",
    "/workspace/scratch/settle-drag-comparison-actual-r1/VISUAL-PROGRESS.json"
  ],
  "preservedBodies": [
    "b7713194f75462873cf59193251203f0cfebfd65c0f32b6732c2a1bac4354d74",
    "76c5d89a05d73e0fb9e0c17559c900be4515668fbfd3ec9e919e9bc2adda34b2"
  ],
  "capsuleSHA256": "27c7d4e2a117c5fa2625146a5ca78e7965705f8f809e44b6c2d7b9efb52817af",
  "grossAllocationBytes": 6029312,
  "windowFreeBefore": 70139904,
  "windowFreeAfterBeforeResultWrite": 76148736,
  "netWindowGainBytes": 6008832,
  "capsuleAndCurrent87_56Exact": true,
  "protectedOriginalStatExact": true,
  "noOtherAction": true
}

ROOT_CONTROL /workspace/scratch/two-json-retirement-push-root-r1/PUSH-CONFIRMED.json {
  "commit": "2b21fbc736efa8e734e6b44a538e6f73ad31e86f",
  "remote": "2b21fbc736efa8e734e6b44a538e6f73ad31e86f",
  "confirmed": true,
  "clean": true,
  "gateSHA256": "9f045cc3007cb2eb4a17e338816d3da346a5f4672722c7f706867ef43e659678",
  "methodSHA256": "b6c0af4994ce1f8430457189918cd03f1f9e31b34d35693c252642fdc9e4f92c",
  "copiedBytes": 267254,
  "noJSONRetirement": true
}

ROOT_CONTROL /workspace/scratch/two-json-retirement-actual-guard-root-r1/ADMISSION.json {
  "initial": {
    "time_ns": 1790908339755662350,
    "current": 14968078336,
    "maximum": 17179869184,
    "headroom": 2211790848,
    "free": 70144000
  },
  "work": 67108864,
  "reserve": 536870912,
  "command": [
    "python",
    "/workspace/scratch/retire-two-archived-json-copies-root-r1.py",
    "/workspace/scratch/settle-json-raw-retirement-proposal-r1/PROPOSAL.json",
    "2e5142f33be1d86f33415183fa1f2b72d70484ccc9b414e1f242bf024554488c",
    "/workspace/scratch/two-json-raw-retirement-independent-r1/GATE.json",
    "9f045cc3007cb2eb4a17e338816d3da346a5f4672722c7f706867ef43e659678",
    "/workspace/scratch/two-json-retirement-push-root-r1/PUSH-CONFIRMED.json",
    "4af4bb4549812f89656a0af5dbc00aaae0688001dfeff1388e06d75d3ad2c993"
  ],
  "stage": "/workspace/Roguelike-deckbuilder",
  "admitted": true,
  "memory_events_before": "low 0\nhigh 0\nmax 290744\noom 0\noom_kill 0\noom_group_kill 0\n"
}

ROOT_CONTROL /workspace/scratch/two-json-retirement-actual-guard-root-r1/RESULT.json {
  "exit_code": 0,
  "failure": null,
  "initial": {
    "time_ns": 1790908339755662350,
    "current": 14968078336,
    "maximum": 17179869184,
    "headroom": 2211790848,
    "free": 70144000
  },
  "final": {
    "time_ns": 1790908340058226279,
    "current": 14961434624,
    "maximum": 17179869184,
    "headroom": 2218434560,
    "free": 76140544
  },
  "samples": [
    {
      "time_ns": 1790908339756354580,
      "current": 14968078336,
      "maximum": 17179869184,
      "headroom": 2211790848,
      "free": 70139904,
      "delta": 0
    },
    {
      "time_ns": 1790908339856730419,
      "current": 14975799296,
      "maximum": 17179869184,
      "headroom": 2204069888,
      "free": 70139904,
      "delta": 7720960
    },
    {
      "time_ns": 1790908339957108913,
      "current": 14971183104,
      "maximum": 17179869184,
      "headroom": 2208686080,
      "free": 76148736,
      "delta": 3104768
    }
  ],
  "memory_events_before": "low 0\nhigh 0\nmax 290744\noom 0\noom_kill 0\noom_group_kill 0\n",
  "memory_events_after": "low 0\nhigh 0\nmax 290744\noom 0\noom_kill 0\noom_group_kill 0\n",
  "scope": "observed cgroup delta, not exclusive process attribution; all child group processes closed"
}

OWN_RSS_KIB 10112
