2026-10-02T18:31:59.0514893Z Current runner version: '2.337.0'
2026-10-02T18:31:59.0541730Z ##[group]Runner Image Provisioner
2026-10-02T18:31:59.0542642Z Hosted Compute Agent
2026-10-02T18:31:59.0543264Z Version: 20260901.588
2026-10-02T18:31:59.0543872Z Commit: f88ec8081b781fac6c440065ac7ff9e710ce3d0b
2026-10-02T18:31:59.0544583Z Build Date: 2026-09-01T19:56:44Z
2026-10-02T18:31:59.0545217Z Worker ID: {e537665e-0592-4ba0-bdd6-fef1bc464338}
2026-10-02T18:31:59.0545963Z Azure Region: westus3
2026-10-02T18:31:59.0546475Z ##[endgroup]
2026-10-02T18:31:59.0548063Z ##[group]Operating System
2026-10-02T18:31:59.0548714Z Microsoft Windows Server 2022
2026-10-02T18:31:59.0549334Z 10.0.20348
2026-10-02T18:31:59.0549804Z Datacenter
2026-10-02T18:31:59.0550256Z ##[endgroup]
2026-10-02T18:31:59.0550795Z ##[group]Runner Image
2026-10-02T18:31:59.0551394Z Image: windows-2022
2026-10-02T18:31:59.0551932Z Version: 20260927.320.1
2026-10-02T18:31:59.0553374Z Included Software: https://github.com/actions/runner-images/blob/win22/20260927.320/images/windows/Windows2022-Readme.md
2026-10-02T18:31:59.0554895Z Image Release: https://github.com/actions/runner-images/releases/tag/win22%2F20260927.320
2026-10-02T18:31:59.0555783Z ##[endgroup]
2026-10-02T18:31:59.0556854Z ##[group]GITHUB_TOKEN Permissions
2026-10-02T18:31:59.0558754Z Contents: read
2026-10-02T18:31:59.0559363Z Metadata: read
2026-10-02T18:31:59.0559873Z ##[endgroup]
2026-10-02T18:31:59.0562038Z Secret source: Actions
2026-10-02T18:31:59.0562984Z Cache mode: write
2026-10-02T18:31:59.0563620Z Prepare workflow directory
2026-10-02T18:31:59.1066229Z Prepare all required actions
2026-10-02T18:31:59.1115000Z Getting action download info
2026-10-02T18:31:59.4699535Z Download action repository 'actions/checkout@v4' (SHA:11d5960a326750d5838078e36cf38b85af677262)
2026-10-02T18:31:59.5996642Z Download action repository 'actions/setup-node@v4' (SHA:49933ea5288caeca8642d1e84afbd3f7d6820020)
2026-10-02T18:31:59.7623720Z Download action repository 'actions/upload-artifact@v4' (SHA:ea165f8d65b6e75b540449e92b4886f43607fa02)
2026-10-02T18:32:00.1515320Z Complete job name: windows-x64
2026-10-02T18:32:00.3661254Z ##[group]Run actions/checkout@v4
2026-10-02T18:32:00.3662700Z with:
2026-10-02T18:32:00.3663215Z   persist-credentials: false
2026-10-02T18:32:00.3663927Z   repository: evangjones99-gif/Roguelike-deckbuilder
2026-10-02T18:32:00.3669378Z   token: ***
2026-10-02T18:32:00.3669863Z   ssh-strict: true
2026-10-02T18:32:00.3670353Z   ssh-user: git
2026-10-02T18:32:00.3670824Z   clean: true
2026-10-02T18:32:00.3671323Z   sparse-checkout-cone-mode: true
2026-10-02T18:32:00.3671882Z   fetch-depth: 1
2026-10-02T18:32:00.3672275Z   fetch-tags: false
2026-10-02T18:32:00.3672683Z   show-progress: true
2026-10-02T18:32:00.3673088Z   lfs: false
2026-10-02T18:32:00.3673458Z   submodules: false
2026-10-02T18:32:00.3673875Z   set-safe-directory: true
2026-10-02T18:32:00.3674341Z   allow-unsafe-pr-checkout: false
2026-10-02T18:32:00.3675044Z env:
2026-10-02T18:32:00.3675434Z   CSC_IDENTITY_AUTO_DISCOVERY: false
2026-10-02T18:32:00.3675971Z ##[endgroup]
2026-10-02T18:32:00.5156778Z Syncing repository: evangjones99-gif/Roguelike-deckbuilder
2026-10-02T18:32:00.5158698Z ##[group]Getting Git version info
2026-10-02T18:32:00.5159471Z Working directory is 'D:\a\Roguelike-deckbuilder\Roguelike-deckbuilder'
2026-10-02T18:32:00.6528855Z [command]"C:\Program Files\Git\bin\git.exe" version
2026-10-02T18:32:01.1178001Z git version 2.55.0.windows.5
2026-10-02T18:32:01.1220243Z ##[endgroup]
2026-10-02T18:32:01.1241153Z Temporarily overriding HOME='D:\a\_temp\6c491b62-3acd-45b4-9e34-4d8e5c84d67f' before making global git config changes
2026-10-02T18:32:01.1245944Z Adding repository directory to the temporary git global config as a safe directory
2026-10-02T18:32:01.1253606Z [command]"C:\Program Files\Git\bin\git.exe" config --global --add safe.directory D:\a\Roguelike-deckbuilder\Roguelike-deckbuilder
2026-10-02T18:32:01.2252290Z Deleting the contents of 'D:\a\Roguelike-deckbuilder\Roguelike-deckbuilder'
2026-10-02T18:32:01.2257618Z ##[group]Initializing the repository
2026-10-02T18:32:01.2267510Z [command]"C:\Program Files\Git\bin\git.exe" init D:\a\Roguelike-deckbuilder\Roguelike-deckbuilder
2026-10-02T18:32:01.3338405Z Initialized empty Git repository in D:/a/Roguelike-deckbuilder/Roguelike-deckbuilder/.git/
2026-10-02T18:32:01.3374946Z [command]"C:\Program Files\Git\bin\git.exe" remote add origin https://github.com/evangjones99-gif/Roguelike-deckbuilder
2026-10-02T18:32:01.4007594Z ##[endgroup]
2026-10-02T18:32:01.4009295Z ##[group]Disabling automatic garbage collection
2026-10-02T18:32:01.4016178Z [command]"C:\Program Files\Git\bin\git.exe" config --local gc.auto 0
2026-10-02T18:32:01.4255260Z ##[endgroup]
2026-10-02T18:32:01.4256834Z ##[group]Setting up auth
2026-10-02T18:32:01.4268326Z [command]"C:\Program Files\Git\bin\git.exe" config --local --name-only --get-regexp core\.sshCommand
2026-10-02T18:32:01.4509042Z [command]"C:\Program Files\Git\bin\git.exe" submodule foreach --recursive "sh -c \"git config --local --name-only --get-regexp 'core\.sshCommand' && git config --local --unset-all 'core.sshCommand' || :\""
2026-10-02T18:32:03.0268492Z [command]"C:\Program Files\Git\bin\git.exe" config --local --name-only --get-regexp http\.https\:\/\/github\.com\/\.extraheader
2026-10-02T18:32:03.0508392Z [command]"C:\Program Files\Git\bin\git.exe" submodule foreach --recursive "sh -c \"git config --local --name-only --get-regexp 'http\.https\:\/\/github\.com\/\.extraheader' && git config --local --unset-all 'http.https://github.com/.extraheader' || :\""
2026-10-02T18:32:03.5345009Z [command]"C:\Program Files\Git\bin\git.exe" config --local --name-only --get-regexp ^includeIf\.gitdir:
2026-10-02T18:32:03.5582756Z [command]"C:\Program Files\Git\bin\git.exe" submodule foreach --recursive "git config --local --show-origin --name-only --get-regexp remote.origin.url"
2026-10-02T18:32:04.0034937Z [command]"C:\Program Files\Git\bin\git.exe" config --local http.https://github.com/.extraheader "AUTHORIZATION: basic ***"
2026-10-02T18:32:04.0283988Z ##[endgroup]
2026-10-02T18:32:04.0287249Z ##[group]Fetching the repository
2026-10-02T18:32:04.0298326Z [command]"C:\Program Files\Git\bin\git.exe" -c protocol.version=2 fetch --no-tags --prune --no-recurse-submodules --depth=1 origin +8d03be7d78a3d0b733a504baa0841990d44b0715:refs/remotes/pull/1/merge
2026-10-02T18:32:39.1290575Z From https://github.com/evangjones99-gif/Roguelike-deckbuilder
2026-10-02T18:32:39.1291841Z  * [new ref]         8d03be7d78a3d0b733a504baa0841990d44b0715 -> pull/1/merge
2026-10-02T18:32:39.1320952Z ##[endgroup]
2026-10-02T18:32:39.1321614Z ##[group]Determining the checkout info
2026-10-02T18:32:39.1323769Z ##[endgroup]
2026-10-02T18:32:39.1335072Z [command]"C:\Program Files\Git\bin\git.exe" sparse-checkout disable
2026-10-02T18:32:39.1878702Z [command]"C:\Program Files\Git\bin\git.exe" config --local --unset-all extensions.worktreeConfig
2026-10-02T18:32:39.2126981Z ##[group]Checking out the ref
2026-10-02T18:32:39.2137539Z [command]"C:\Program Files\Git\bin\git.exe" checkout --progress --force refs/remotes/pull/1/merge
2026-10-02T18:32:40.3211694Z Updating files:   7% (678/9027)
2026-10-02T18:32:40.4083720Z Updating files:   8% (723/9027)
2026-10-02T18:32:40.5193608Z Updating files:   9% (813/9027)
2026-10-02T18:32:40.6804208Z Updating files:  10% (903/9027)
2026-10-02T18:32:40.7614239Z Updating files:  11% (993/9027)
2026-10-02T18:32:40.8806623Z Updating files:  12% (1084/9027)
2026-10-02T18:32:40.9850810Z Updating files:  13% (1174/9027)
2026-10-02T18:32:41.1242154Z Updating files:  14% (1264/9027)
2026-10-02T18:32:41.1840921Z Updating files:  15% (1355/9027)
2026-10-02T18:32:41.2565316Z Updating files:  16% (1445/9027)
2026-10-02T18:32:41.2780149Z Updating files:  16% (1518/9027)
2026-10-02T18:32:41.3781686Z Updating files:  17% (1535/9027)
2026-10-02T18:32:41.4985970Z Updating files:  18% (1625/9027)
2026-10-02T18:32:41.6134952Z Updating files:  19% (1716/9027)
2026-10-02T18:32:41.6970220Z Updating files:  20% (1806/9027)
2026-10-02T18:32:41.7358793Z Updating files:  21% (1896/9027)
2026-10-02T18:32:41.8524226Z Updating files:  22% (1986/9027)
2026-10-02T18:32:41.9456075Z Updating files:  23% (2077/9027)
2026-10-02T18:32:42.0564337Z Updating files:  24% (2167/9027)
2026-10-02T18:32:42.1245728Z Updating files:  25% (2257/9027)
2026-10-02T18:32:42.2138787Z Updating files:  26% (2348/9027)
2026-10-02T18:32:42.2569763Z Updating files:  27% (2438/9027)
2026-10-02T18:32:42.3034668Z Updating files:  27% (2482/9027)
2026-10-02T18:32:42.5714671Z Updating files:  28% (2528/9027)
2026-10-02T18:32:42.6674026Z Updating files:  29% (2618/9027)
2026-10-02T18:32:42.7337747Z Updating files:  30% (2709/9027)
2026-10-02T18:32:42.8440683Z Updating files:  31% (2799/9027)
2026-10-02T18:32:42.9250656Z Updating files:  32% (2889/9027)
2026-10-02T18:32:42.9902049Z Updating files:  33% (2979/9027)
2026-10-02T18:32:43.0967610Z Updating files:  34% (3070/9027)
2026-10-02T18:32:43.1480316Z Updating files:  35% (3160/9027)
2026-10-02T18:32:43.2368412Z Updating files:  36% (3250/9027)
2026-10-02T18:32:43.2575559Z Updating files:  37% (3340/9027)
2026-10-02T18:32:43.3202089Z Updating files:  37% (3377/9027)
2026-10-02T18:32:43.3879702Z Updating files:  38% (3431/9027)
2026-10-02T18:32:43.4769985Z Updating files:  39% (3521/9027)
2026-10-02T18:32:43.6490539Z Updating files:  40% (3611/9027)
2026-10-02T18:32:43.7012402Z Updating files:  41% (3702/9027)
2026-10-02T18:32:43.7870421Z Updating files:  42% (3792/9027)
2026-10-02T18:32:44.2380748Z Updating files:  43% (3882/9027)
2026-10-02T18:32:44.2590030Z Updating files:  44% (3972/9027)
2026-10-02T18:32:44.3208379Z Updating files:  44% (4017/9027)
2026-10-02T18:32:44.3398955Z Updating files:  45% (4063/9027)
2026-10-02T18:32:44.3590540Z Updating files:  46% (4153/9027)
2026-10-02T18:32:44.3863420Z Updating files:  47% (4243/9027)
2026-10-02T18:32:44.5091854Z Updating files:  48% (4333/9027)
2026-10-02T18:32:44.5848147Z Updating files:  49% (4424/9027)
2026-10-02T18:32:44.6091061Z Updating files:  50% (4514/9027)
2026-10-02T18:32:44.6721894Z Updating files:  51% (4604/9027)
2026-10-02T18:32:44.8432286Z Updating files:  52% (4695/9027)
2026-10-02T18:32:45.2336195Z Updating files:  53% (4785/9027)
2026-10-02T18:32:45.2579460Z Updating files:  54% (4875/9027)
2026-10-02T18:32:45.6807495Z Updating files:  54% (4916/9027)
2026-10-02T18:32:45.7192676Z Updating files:  55% (4965/9027)
2026-10-02T18:32:45.7415195Z Updating files:  56% (5056/9027)
2026-10-02T18:32:45.8067713Z Updating files:  57% (5146/9027)
2026-10-02T18:32:45.8420726Z Updating files:  58% (5236/9027)
2026-10-02T18:32:45.8692229Z Updating files:  59% (5326/9027)
2026-10-02T18:32:45.9176050Z Updating files:  60% (5417/9027)
2026-10-02T18:32:45.9541185Z Updating files:  61% (5507/9027)
2026-10-02T18:32:46.0005670Z Updating files:  62% (5597/9027)
2026-10-02T18:32:46.0247158Z Updating files:  63% (5688/9027)
2026-10-02T18:32:46.0540762Z Updating files:  64% (5778/9027)
2026-10-02T18:32:46.0717441Z Updating files:  65% (5868/9027)
2026-10-02T18:32:46.0739330Z ##[error]error: unable to create file reviews/owner-playtest-ux-overhaul-2026-10-01/preserved-earned-2f1-independent-r1/body/tmp/standard-sol-owner-ux-gameplay-independent-r1/run-baseline-104729-1790848595541/41-baseline-hunter-roster-preview-390.jpg: Filename too long
2026-10-02T18:32:46.0749365Z ##[error]error: unable to create file reviews/owner-playtest-ux-overhaul-2026-10-01/preserved-earned-2f1-independent-r1/body/tmp/standard-sol-owner-ux-gameplay-independent-r1/run-baseline-104729-1790848595541/88-baseline-hunter-earned-four-bodies-390.jpg: Filename too long
2026-10-02T18:32:46.0756780Z ##[error]error: unable to create file reviews/owner-playtest-ux-overhaul-2026-10-01/preserved-earned-2f1-independent-r1/body/tmp/standard-sol-owner-ux-gameplay-independent-r1/run-baseline-104729-1790848742654/27-baseline-hunter-second-three-v-two-390.jpg: Filename too long
2026-10-02T18:32:46.0763248Z ##[error]error: unable to create file reviews/owner-playtest-ux-overhaul-2026-10-01/preserved-earned-2f1-independent-r1/body/tmp/standard-sol-owner-ux-gameplay-independent-r1/run-baseline-104729-1790848742654/58-baseline-hunter-shield-preview-390.jpg: Filename too long
2026-10-02T18:32:46.0777866Z ##[error]error: unable to create file reviews/owner-playtest-ux-overhaul-2026-10-01/preserved-earned-2f1-independent-r1/body/tmp/standard-sol-owner-ux-gameplay-independent-r1/run-baseline-58173-1790846976286/228-baseline-earned-target-preview-390.jpg: Filename too long
2026-10-02T18:32:46.0791612Z ##[error]error: unable to create file reviews/owner-playtest-ux-overhaul-2026-10-01/preserved-earned-2f1-independent-r1/body/tmp/standard-sol-owner-ux-gameplay-independent-r1/run-baseline-58173-1790846976286/76-baseline-earned-final-kill-immediate.jpg: Filename too long
2026-10-02T18:32:46.0818745Z ##[error]error: unable to create file reviews/owner-playtest-ux-overhaul-2026-10-01/preserved-earned-2f1-independent-r1/body/tmp/standard-sol-owner-ux-gameplay-independent-r1/run-candidate-104729-1790848279820/13-candidate-hunter-earned-body-390.jpg: Filename too long
2026-10-02T18:32:46.0836339Z ##[error]error: unable to create file reviews/owner-playtest-ux-overhaul-2026-10-01/preserved-earned-2f1-independent-r1/body/tmp/standard-sol-owner-ux-gameplay-independent-r1/run-candidate-104729-1790848356210/76-candidate-hunter-three-bodies-390.jpg: Filename too long
2026-10-02T18:32:46.0856119Z ##[error]error: unable to create file reviews/owner-playtest-ux-overhaul-2026-10-01/preserved-earned-2f1-independent-r1/body/tmp/standard-sol-owner-ux-gameplay-independent-r1/run-candidate-104729-1790848510180/27-candidate-hunter-second-earned-three-v-two-390.jpg: Filename too long
2026-10-02T18:32:46.0863754Z ##[error]error: unable to create file reviews/owner-playtest-ux-overhaul-2026-10-01/preserved-earned-2f1-independent-r1/body/tmp/standard-sol-owner-ux-gameplay-independent-r1/run-candidate-104729-1790848510180/58-candidate-hunter-shield-preview-390.jpg: Filename too long
2026-10-02T18:32:46.1323215Z Updating files:  66% (5958/9027)
2026-10-02T18:32:46.1815275Z Updating files:  67% (6049/9027)
2026-10-02T18:32:46.2233841Z Updating files:  68% (6139/9027)
2026-10-02T18:32:46.2511257Z Updating files:  69% (6229/9027)
2026-10-02T18:32:46.2583032Z Updating files:  70% (6319/9027)
2026-10-02T18:32:46.2746007Z Updating files:  70% (6347/9027)
2026-10-02T18:32:46.3545401Z Updating files:  71% (6410/9027)
2026-10-02T18:32:46.3882943Z Updating files:  72% (6500/9027)
2026-10-02T18:32:46.4095331Z Updating files:  73% (6590/9027)
2026-10-02T18:32:46.4286745Z Updating files:  74% (6680/9027)
2026-10-02T18:32:46.5021681Z Updating files:  75% (6771/9027)
2026-10-02T18:32:46.6064188Z Updating files:  76% (6861/9027)
2026-10-02T18:32:47.2184711Z Updating files:  77% (6951/9027)
2026-10-02T18:32:47.2592624Z Updating files:  78% (7042/9027)
2026-10-02T18:32:47.3225648Z Updating files:  78% (7079/9027)
2026-10-02T18:32:47.3910604Z Updating files:  79% (7132/9027)
2026-10-02T18:32:47.4081624Z Updating files:  80% (7222/9027)
2026-10-02T18:32:47.4722594Z Updating files:  81% (7312/9027)
2026-10-02T18:32:47.4919508Z Updating files:  82% (7403/9027)
2026-10-02T18:32:47.5096567Z Updating files:  83% (7493/9027)
2026-10-02T18:32:47.5628752Z Updating files:  84% (7583/9027)
2026-10-02T18:32:47.5815151Z Updating files:  85% (7673/9027)
2026-10-02T18:32:47.6085648Z Updating files:  86% (7764/9027)
2026-10-02T18:32:47.6948618Z Updating files:  87% (7854/9027)
2026-10-02T18:32:47.7706765Z Updating files:  88% (7944/9027)
2026-10-02T18:32:47.8467822Z Updating files:  89% (8035/9027)
2026-10-02T18:32:47.9440730Z Updating files:  90% (8125/9027)
2026-10-02T18:32:48.4816175Z Updating files:  91% (8215/9027)
2026-10-02T18:32:48.5560201Z Updating files:  91% (8261/9027)
2026-10-02T18:32:48.6599097Z Updating files:  92% (8305/9027)
2026-10-02T18:32:48.7548924Z Updating files:  93% (8396/9027)
2026-10-02T18:32:48.8467402Z Updating files:  94% (8486/9027)
2026-10-02T18:32:48.9481743Z Updating files:  95% (8576/9027)
2026-10-02T18:32:49.0666896Z Updating files:  96% (8666/9027)
2026-10-02T18:32:49.1168973Z Updating files:  97% (8757/9027)
2026-10-02T18:32:49.1647958Z Updating files:  98% (8847/9027)
2026-10-02T18:32:49.1904109Z Updating files:  99% (8937/9027)
2026-10-02T18:32:49.1904618Z Updating files: 100% (9027/9027)
2026-10-02T18:32:49.1905010Z Updating files: 100% (9027/9027), done.
2026-10-02T18:32:49.2100619Z Note: switching to 'refs/remotes/pull/1/merge'.
2026-10-02T18:32:49.2101039Z 
2026-10-02T18:32:49.2101381Z You are in 'detached HEAD' state. You can look around, make experimental
2026-10-02T18:32:49.2101932Z changes and commit them, and you can discard any commits you make in this
2026-10-02T18:32:49.2102439Z state without impacting any branches by switching back to a branch.
2026-10-02T18:32:49.2102745Z 
2026-10-02T18:32:49.2102937Z If you want to create a new branch to retain commits you create, you may
2026-10-02T18:32:49.2103407Z do so (now or later) by using -c with the switch command. Example:
2026-10-02T18:32:49.2103724Z 
2026-10-02T18:32:49.2103919Z   git switch -c <new-branch-name>
2026-10-02T18:32:49.2104102Z 
2026-10-02T18:32:49.2104231Z Or undo this operation with:
2026-10-02T18:32:49.2104392Z 
2026-10-02T18:32:49.2104510Z   git switch -
2026-10-02T18:32:49.2104659Z 
2026-10-02T18:32:49.2104880Z Turn off this advice by setting config variable advice.detachedHead to false
2026-10-02T18:32:49.2105219Z 
2026-10-02T18:32:49.2105570Z HEAD is now at 8d03be7 Merge a3ed18a56090d591ffd302dedd0f333cd3888cbc into 98660a7ef214c8a875b25482f64475c8d70e5efc
2026-10-02T18:32:49.3712891Z ##[group]Removing auth
2026-10-02T18:32:49.3722354Z [command]"C:\Program Files\Git\bin\git.exe" config --local --name-only --get-regexp core\.sshCommand
2026-10-02T18:32:49.3993869Z [command]"C:\Program Files\Git\bin\git.exe" submodule foreach --recursive "sh -c \"git config --local --name-only --get-regexp 'core\.sshCommand' && git config --local --unset-all 'core.sshCommand' || :\""
2026-10-02T18:32:49.8845112Z [command]"C:\Program Files\Git\bin\git.exe" config --local --name-only --get-regexp http\.https\:\/\/github\.com\/\.extraheader
2026-10-02T18:32:49.9050201Z http.https://github.com/.extraheader
2026-10-02T18:32:49.9088291Z [command]"C:\Program Files\Git\bin\git.exe" config --local --unset-all http.https://github.com/.extraheader
2026-10-02T18:32:49.9339969Z [command]"C:\Program Files\Git\bin\git.exe" submodule foreach --recursive "sh -c \"git config --local --name-only --get-regexp 'http\.https\:\/\/github\.com\/\.extraheader' && git config --local --unset-all 'http.https://github.com/.extraheader' || :\""
2026-10-02T18:32:50.3994971Z [command]"C:\Program Files\Git\bin\git.exe" config --local --name-only --get-regexp ^includeIf\.gitdir:
2026-10-02T18:32:50.4249122Z [command]"C:\Program Files\Git\bin\git.exe" submodule foreach --recursive "git config --local --show-origin --name-only --get-regexp remote.origin.url"
2026-10-02T18:32:51.0494173Z ##[endgroup]
2026-10-02T18:32:51.0579837Z ##[error]The process 'C:\Program Files\Git\bin\git.exe' failed with exit code 1
2026-10-02T18:32:51.1005807Z ##[group]Run actions/upload-artifact@v4
2026-10-02T18:32:51.1006225Z with:
2026-10-02T18:32:51.1006500Z   name: hollowpact--windows-evidence-37048062806-1
2026-10-02T18:32:51.1007482Z   path: reviews/windows-native/
build-desktop/windows-transfer/manifest.json
build-desktop/builder-effective-config.yaml
build-desktop/windows-native-config.json
dist/build-provenance.json

2026-10-02T18:32:51.1008373Z   if-no-files-found: warn
2026-10-02T18:32:51.1008630Z   retention-days: 30
2026-10-02T18:32:51.1008878Z   compression-level: 6
2026-10-02T18:32:51.1009113Z   overwrite: false
2026-10-02T18:32:51.1009369Z   include-hidden-files: false
2026-10-02T18:32:51.1009639Z env:
2026-10-02T18:32:51.1009867Z   CSC_IDENTITY_AUTO_DISCOVERY: false
2026-10-02T18:32:51.1010151Z ##[endgroup]
2026-10-02T18:32:51.2925056Z (node:1456) [DEP0040] DeprecationWarning: The `punycode` module is deprecated. Please use a userland alternative instead.
2026-10-02T18:32:51.2928224Z (Use `node --trace-deprecation ...` to show where the warning was created)
2026-10-02T18:32:51.3298315Z Multiple search paths detected. Calculating the least common ancestor of all paths
2026-10-02T18:32:51.3303583Z The least common ancestor is D:\a\Roguelike-deckbuilder\Roguelike-deckbuilder. This will be the root directory of the artifact
2026-10-02T18:32:51.3304823Z With the provided path, there will be 54 files uploaded
2026-10-02T18:32:51.3309808Z Artifact name is valid!
2026-10-02T18:32:51.3312481Z Root directory input is valid!
2026-10-02T18:32:51.6669425Z Beginning upload of artifact content to blob storage
2026-10-02T18:32:51.9910116Z (node:1456) [DEP0169] DeprecationWarning: `url.parse()` behavior is not standardized and prone to errors that have security implications. Use the WHATWG URL API instead. CVEs are not issued for `url.parse()` vulnerabilities.
2026-10-02T18:32:53.1312984Z Uploaded bytes 8388608
2026-10-02T18:32:53.2225092Z Uploaded bytes 9549977
2026-10-02T18:32:53.2891111Z Finished uploading artifact content to blob storage!
2026-10-02T18:32:53.2892634Z SHA256 digest of uploaded artifact zip is 71ae4d9db6a0ddb24ba82363d4243b5bf8b03bbf0a40102a8faa6d1dd120df35
2026-10-02T18:32:53.2894838Z Finalizing artifact upload
2026-10-02T18:32:54.1124414Z Artifact hollowpact--windows-evidence-37048062806-1.zip successfully finalized. Artifact ID 11245207286
2026-10-02T18:32:54.1126140Z Artifact hollowpact--windows-evidence-37048062806-1 has been successfully uploaded! Final size is 9549977 bytes. Artifact ID is 11245207286
2026-10-02T18:32:54.1134920Z Artifact download URL: https://github.com/evangjones99-gif/Roguelike-deckbuilder/actions/runs/37048062806/artifacts/11245207286
2026-10-02T18:32:54.9496749Z ##[group]Run actions/upload-artifact@v4
2026-10-02T18:32:54.9497113Z with:
2026-10-02T18:32:54.9497336Z   name: hollowpact--windows-x64-37048062806-1
2026-10-02T18:32:54.9498245Z   path: reviews/windows-native/
build-desktop/hollowpact-*-windows-native-x64.zip
build-desktop/builder-effective-config.yaml
build-desktop/windows-native-config.json
dist/build-provenance.json

2026-10-02T18:32:54.9499128Z   if-no-files-found: warn
2026-10-02T18:32:54.9499340Z   retention-days: 30
2026-10-02T18:32:54.9499542Z   compression-level: 6
2026-10-02T18:32:54.9499753Z   overwrite: false
2026-10-02T18:32:54.9499949Z   include-hidden-files: false
2026-10-02T18:32:54.9500163Z env:
2026-10-02T18:32:54.9500338Z   CSC_IDENTITY_AUTO_DISCOVERY: false
2026-10-02T18:32:54.9500590Z ##[endgroup]
2026-10-02T18:32:55.1432713Z (node:6412) [DEP0040] DeprecationWarning: The `punycode` module is deprecated. Please use a userland alternative instead.
2026-10-02T18:32:55.1434311Z (Use `node --trace-deprecation ...` to show where the warning was created)
2026-10-02T18:32:55.1803816Z Multiple search paths detected. Calculating the least common ancestor of all paths
2026-10-02T18:32:55.1808411Z The least common ancestor is D:\a\Roguelike-deckbuilder\Roguelike-deckbuilder. This will be the root directory of the artifact
2026-10-02T18:32:55.1809628Z With the provided path, there will be 54 files uploaded
2026-10-02T18:32:55.1814656Z Artifact name is valid!
2026-10-02T18:32:55.1817423Z Root directory input is valid!
2026-10-02T18:32:55.5449720Z Beginning upload of artifact content to blob storage
2026-10-02T18:32:55.8618550Z (node:6412) [DEP0169] DeprecationWarning: `url.parse()` behavior is not standardized and prone to errors that have security implications. Use the WHATWG URL API instead. CVEs are not issued for `url.parse()` vulnerabilities.
2026-10-02T18:32:56.8382570Z Uploaded bytes 8388608
2026-10-02T18:32:56.9719725Z Uploaded bytes 9549977
2026-10-02T18:32:57.0357579Z Finished uploading artifact content to blob storage!
2026-10-02T18:32:57.0358909Z SHA256 digest of uploaded artifact zip is 94f3aede5537e7c3479d3abef651ec8e46db82e890e5f6263a116e257f1a4496
2026-10-02T18:32:57.0361808Z Finalizing artifact upload
2026-10-02T18:32:57.2915227Z Artifact hollowpact--windows-x64-37048062806-1.zip successfully finalized. Artifact ID 11245152309
2026-10-02T18:32:57.2916718Z Artifact hollowpact--windows-x64-37048062806-1 has been successfully uploaded! Final size is 9549977 bytes. Artifact ID is 11245152309
2026-10-02T18:32:57.2927304Z Artifact download URL: https://github.com/evangjones99-gif/Roguelike-deckbuilder/actions/runs/37048062806/artifacts/11245152309
2026-10-02T18:32:57.3230661Z Post job cleanup.
2026-10-02T18:32:57.5141741Z [command]"C:\Program Files\Git\bin\git.exe" version
2026-10-02T18:32:57.5375640Z git version 2.55.0.windows.5
2026-10-02T18:32:57.5439045Z Temporarily overriding HOME='D:\a\_temp\0bf9fd75-a37e-4422-b5df-a6fb42b8b1dd' before making global git config changes
2026-10-02T18:32:57.5440400Z Adding repository directory to the temporary git global config as a safe directory
2026-10-02T18:32:57.5452316Z [command]"C:\Program Files\Git\bin\git.exe" config --global --add safe.directory D:\a\Roguelike-deckbuilder\Roguelike-deckbuilder
2026-10-02T18:32:57.5721711Z [command]"C:\Program Files\Git\bin\git.exe" config --local --name-only --get-regexp core\.sshCommand
2026-10-02T18:32:57.6094378Z [command]"C:\Program Files\Git\bin\git.exe" submodule foreach --recursive "sh -c \"git config --local --name-only --get-regexp 'core\.sshCommand' && git config --local --unset-all 'core.sshCommand' || :\""
2026-10-02T18:32:58.0729815Z [command]"C:\Program Files\Git\bin\git.exe" config --local --name-only --get-regexp http\.https\:\/\/github\.com\/\.extraheader
2026-10-02T18:32:58.0972428Z [command]"C:\Program Files\Git\bin\git.exe" submodule foreach --recursive "sh -c \"git config --local --name-only --get-regexp 'http\.https\:\/\/github\.com\/\.extraheader' && git config --local --unset-all 'http.https://github.com/.extraheader' || :\""
2026-10-02T18:32:58.5619391Z [command]"C:\Program Files\Git\bin\git.exe" config --local --name-only --get-regexp ^includeIf\.gitdir:
2026-10-02T18:32:58.5860256Z [command]"C:\Program Files\Git\bin\git.exe" submodule foreach --recursive "git config --local --show-origin --name-only --get-regexp remote.origin.url"
2026-10-02T18:32:59.1105712Z Cleaning up orphan processes
2026-10-02T18:32:59.1138333Z ##[warning]Node.js 20 is deprecated. The following actions target Node.js 20 but are being forced to run on Node.js 24: actions/checkout@v4, actions/upload-artifact@v4. For more information see: https://github.blog/changelog/2025-09-19-deprecation-of-node-20-on-github-actions-runners/
