2026-10-02T18:06:07.8981105Z Current runner version: '2.337.0'
2026-10-02T18:06:07.9004922Z ##[group]Runner Image Provisioner
2026-10-02T18:06:07.9005680Z Hosted Compute Agent
2026-10-02T18:06:07.9006247Z Version: 20260901.588
2026-10-02T18:06:07.9006845Z Commit: f88ec8081b781fac6c440065ac7ff9e710ce3d0b
2026-10-02T18:06:07.9007521Z Build Date: 2026-09-01T19:56:44Z
2026-10-02T18:06:07.9008156Z Worker ID: {e979d7d2-2174-4a55-b525-4d3c4cea6866}
2026-10-02T18:06:07.9008833Z Azure Region: westcentralus
2026-10-02T18:06:07.9009394Z ##[endgroup]
2026-10-02T18:06:07.9010918Z ##[group]Operating System
2026-10-02T18:06:07.9011546Z Microsoft Windows Server 2022
2026-10-02T18:06:07.9012107Z 10.0.20348
2026-10-02T18:06:07.9012556Z Datacenter
2026-10-02T18:06:07.9013047Z ##[endgroup]
2026-10-02T18:06:07.9014034Z ##[group]Runner Image
2026-10-02T18:06:07.9014746Z Image: windows-2022
2026-10-02T18:06:07.9015319Z Version: 20260927.320.1
2026-10-02T18:06:07.9016680Z Included Software: https://github.com/actions/runner-images/blob/win22/20260927.320/images/windows/Windows2022-Readme.md
2026-10-02T18:06:07.9018213Z Image Release: https://github.com/actions/runner-images/releases/tag/win22%2F20260927.320
2026-10-02T18:06:07.9019087Z ##[endgroup]
2026-10-02T18:06:07.9020190Z ##[group]GITHUB_TOKEN Permissions
2026-10-02T18:06:07.9021933Z Contents: read
2026-10-02T18:06:07.9022545Z Metadata: read
2026-10-02T18:06:07.9023101Z ##[endgroup]
2026-10-02T18:06:07.9025082Z Secret source: Actions
2026-10-02T18:06:07.9025911Z Cache mode: write
2026-10-02T18:06:07.9026528Z Prepare workflow directory
2026-10-02T18:06:07.9487168Z Prepare all required actions
2026-10-02T18:06:07.9533131Z Getting action download info
2026-10-02T18:06:08.3286229Z Download action repository 'actions/checkout@v4' (SHA:11d5960a326750d5838078e36cf38b85af677262)
2026-10-02T18:06:08.4559869Z Download action repository 'actions/setup-node@v4' (SHA:49933ea5288caeca8642d1e84afbd3f7d6820020)
2026-10-02T18:06:08.6285055Z Download action repository 'actions/upload-artifact@v4' (SHA:ea165f8d65b6e75b540449e92b4886f43607fa02)
2026-10-02T18:06:09.1117282Z Complete job name: windows-x64
2026-10-02T18:06:09.3621609Z ##[group]Run actions/checkout@v4
2026-10-02T18:06:09.3623309Z with:
2026-10-02T18:06:09.3624242Z   persist-credentials: false
2026-10-02T18:06:09.3625514Z   repository: evangjones99-gif/Roguelike-deckbuilder
2026-10-02T18:06:09.3634365Z   token: ***
2026-10-02T18:06:09.3635105Z   ssh-strict: true
2026-10-02T18:06:09.3635867Z   ssh-user: git
2026-10-02T18:06:09.3636588Z   clean: true
2026-10-02T18:06:09.3637368Z   sparse-checkout-cone-mode: true
2026-10-02T18:06:09.3638268Z   fetch-depth: 1
2026-10-02T18:06:09.3639004Z   fetch-tags: false
2026-10-02T18:06:09.3639778Z   show-progress: true
2026-10-02T18:06:09.3640544Z   lfs: false
2026-10-02T18:06:09.3641250Z   submodules: false
2026-10-02T18:06:09.3642019Z   set-safe-directory: true
2026-10-02T18:06:09.3642892Z   allow-unsafe-pr-checkout: false
2026-10-02T18:06:09.3643971Z env:
2026-10-02T18:06:09.3644699Z   CSC_IDENTITY_AUTO_DISCOVERY: false
2026-10-02T18:06:09.3645646Z ##[endgroup]
2026-10-02T18:06:09.5119797Z Syncing repository: evangjones99-gif/Roguelike-deckbuilder
2026-10-02T18:06:09.5122544Z ##[group]Getting Git version info
2026-10-02T18:06:09.5123930Z Working directory is 'D:\a\Roguelike-deckbuilder\Roguelike-deckbuilder'
2026-10-02T18:06:09.6407922Z [command]"C:\Program Files\Git\bin\git.exe" version
2026-10-02T18:06:10.3115975Z git version 2.55.0.windows.5
2026-10-02T18:06:10.3154977Z ##[endgroup]
2026-10-02T18:06:10.3172712Z Temporarily overriding HOME='D:\a\_temp\4dba1a3f-e217-454f-b777-54ef46b4cb86' before making global git config changes
2026-10-02T18:06:10.3183186Z Adding repository directory to the temporary git global config as a safe directory
2026-10-02T18:06:10.3186127Z [command]"C:\Program Files\Git\bin\git.exe" config --global --add safe.directory D:\a\Roguelike-deckbuilder\Roguelike-deckbuilder
2026-10-02T18:06:10.4028769Z Deleting the contents of 'D:\a\Roguelike-deckbuilder\Roguelike-deckbuilder'
2026-10-02T18:06:10.4033638Z ##[group]Initializing the repository
2026-10-02T18:06:10.4042487Z [command]"C:\Program Files\Git\bin\git.exe" init D:\a\Roguelike-deckbuilder\Roguelike-deckbuilder
2026-10-02T18:06:10.5290117Z Initialized empty Git repository in D:/a/Roguelike-deckbuilder/Roguelike-deckbuilder/.git/
2026-10-02T18:06:10.5332549Z [command]"C:\Program Files\Git\bin\git.exe" remote add origin https://github.com/evangjones99-gif/Roguelike-deckbuilder
2026-10-02T18:06:10.6161865Z ##[endgroup]
2026-10-02T18:06:10.6164017Z ##[group]Disabling automatic garbage collection
2026-10-02T18:06:10.6171672Z [command]"C:\Program Files\Git\bin\git.exe" config --local gc.auto 0
2026-10-02T18:06:10.6392880Z ##[endgroup]
2026-10-02T18:06:10.6394162Z ##[group]Setting up auth
2026-10-02T18:06:10.6403889Z [command]"C:\Program Files\Git\bin\git.exe" config --local --name-only --get-regexp core\.sshCommand
2026-10-02T18:06:10.6622886Z [command]"C:\Program Files\Git\bin\git.exe" submodule foreach --recursive "sh -c \"git config --local --name-only --get-regexp 'core\.sshCommand' && git config --local --unset-all 'core.sshCommand' || :\""
2026-10-02T18:06:12.7612754Z [command]"C:\Program Files\Git\bin\git.exe" config --local --name-only --get-regexp http\.https\:\/\/github\.com\/\.extraheader
2026-10-02T18:06:12.7834959Z [command]"C:\Program Files\Git\bin\git.exe" submodule foreach --recursive "sh -c \"git config --local --name-only --get-regexp 'http\.https\:\/\/github\.com\/\.extraheader' && git config --local --unset-all 'http.https://github.com/.extraheader' || :\""
2026-10-02T18:06:13.2019651Z [command]"C:\Program Files\Git\bin\git.exe" config --local --name-only --get-regexp ^includeIf\.gitdir:
2026-10-02T18:06:13.2252544Z [command]"C:\Program Files\Git\bin\git.exe" submodule foreach --recursive "git config --local --show-origin --name-only --get-regexp remote.origin.url"
2026-10-02T18:06:13.6559939Z [command]"C:\Program Files\Git\bin\git.exe" config --local http.https://github.com/.extraheader "AUTHORIZATION: basic ***"
2026-10-02T18:06:13.6795960Z ##[endgroup]
2026-10-02T18:06:13.6799232Z ##[group]Fetching the repository
2026-10-02T18:06:13.6809845Z [command]"C:\Program Files\Git\bin\git.exe" -c protocol.version=2 fetch --no-tags --prune --no-recurse-submodules --depth=1 origin +64cf037a0470a281ee66021e2f09f143281c324f:refs/remotes/pull/1/merge
2026-10-02T18:06:47.5511158Z From https://github.com/evangjones99-gif/Roguelike-deckbuilder
2026-10-02T18:06:47.5512067Z  * [new ref]         64cf037a0470a281ee66021e2f09f143281c324f -> pull/1/merge
2026-10-02T18:06:47.5541285Z ##[endgroup]
2026-10-02T18:06:47.5541974Z ##[group]Determining the checkout info
2026-10-02T18:06:47.5544282Z ##[endgroup]
2026-10-02T18:06:47.5559643Z [command]"C:\Program Files\Git\bin\git.exe" sparse-checkout disable
2026-10-02T18:06:47.6069640Z [command]"C:\Program Files\Git\bin\git.exe" config --local --unset-all extensions.worktreeConfig
2026-10-02T18:06:47.6307578Z ##[group]Checking out the ref
2026-10-02T18:06:47.6316491Z [command]"C:\Program Files\Git\bin\git.exe" checkout --progress --force refs/remotes/pull/1/merge
2026-10-02T18:06:48.7081879Z Updating files:   7% (688/8982)
2026-10-02T18:06:48.8256748Z Updating files:   8% (719/8982)
2026-10-02T18:06:48.9253731Z Updating files:   9% (809/8982)
2026-10-02T18:06:49.0760033Z Updating files:  10% (899/8982)
2026-10-02T18:06:49.1524773Z Updating files:  11% (989/8982)
2026-10-02T18:06:49.2699807Z Updating files:  12% (1078/8982)
2026-10-02T18:06:49.3683092Z Updating files:  13% (1168/8982)
2026-10-02T18:06:49.5066296Z Updating files:  14% (1258/8982)
2026-10-02T18:06:49.5628934Z Updating files:  15% (1348/8982)
2026-10-02T18:06:49.6506940Z Updating files:  16% (1438/8982)
2026-10-02T18:06:49.6679737Z Updating files:  17% (1527/8982)
2026-10-02T18:06:49.7511926Z Updating files:  17% (1539/8982)
2026-10-02T18:06:49.8682088Z Updating files:  18% (1617/8982)
2026-10-02T18:06:49.9666194Z Updating files:  19% (1707/8982)
2026-10-02T18:06:50.0624104Z Updating files:  20% (1797/8982)
2026-10-02T18:06:50.0961127Z Updating files:  21% (1887/8982)
2026-10-02T18:06:50.3140511Z Updating files:  22% (1977/8982)
2026-10-02T18:06:50.4052114Z Updating files:  23% (2066/8982)
2026-10-02T18:06:50.5147549Z Updating files:  24% (2156/8982)
2026-10-02T18:06:50.5761470Z Updating files:  25% (2246/8982)
2026-10-02T18:06:50.6679612Z Updating files:  26% (2336/8982)
2026-10-02T18:06:50.6695417Z Updating files:  26% (2425/8982)
2026-10-02T18:06:50.7535374Z Updating files:  27% (2426/8982)
2026-10-02T18:06:50.8327579Z Updating files:  28% (2515/8982)
2026-10-02T18:06:50.9445326Z Updating files:  29% (2605/8982)
2026-10-02T18:06:51.0042490Z Updating files:  30% (2695/8982)
2026-10-02T18:06:51.1100400Z Updating files:  31% (2785/8982)
2026-10-02T18:06:51.1972661Z Updating files:  32% (2875/8982)
2026-10-02T18:06:51.2501240Z Updating files:  33% (2965/8982)
2026-10-02T18:06:51.3623983Z Updating files:  34% (3054/8982)
2026-10-02T18:06:51.4198292Z Updating files:  35% (3144/8982)
2026-10-02T18:06:51.5016632Z Updating files:  36% (3234/8982)
2026-10-02T18:06:51.5817482Z Updating files:  37% (3324/8982)
2026-10-02T18:06:51.8412114Z Updating files:  38% (3414/8982)
2026-10-02T18:06:51.9121195Z Updating files:  38% (3417/8982)
2026-10-02T18:06:51.9886311Z Updating files:  39% (3503/8982)
2026-10-02T18:06:52.1518194Z Updating files:  40% (3593/8982)
2026-10-02T18:06:52.2292692Z Updating files:  41% (3683/8982)
2026-10-02T18:06:52.2965936Z Updating files:  42% (3773/8982)
2026-10-02T18:06:52.4430322Z Updating files:  43% (3863/8982)
2026-10-02T18:06:52.4956247Z Updating files:  44% (3953/8982)
2026-10-02T18:06:52.5619691Z Updating files:  45% (4042/8982)
2026-10-02T18:06:52.5796980Z Updating files:  46% (4132/8982)
2026-10-02T18:06:52.6068949Z Updating files:  47% (4222/8982)
2026-10-02T18:06:52.6687322Z Updating files:  48% (4312/8982)
2026-10-02T18:06:52.7058428Z Updating files:  48% (4372/8982)
2026-10-02T18:06:52.7880536Z Updating files:  49% (4402/8982)
2026-10-02T18:06:52.8282461Z Updating files:  50% (4491/8982)
2026-10-02T18:06:52.8582467Z Updating files:  51% (4581/8982)
2026-10-02T18:06:53.0287264Z Updating files:  52% (4671/8982)
2026-10-02T18:06:53.6843252Z Updating files:  53% (4761/8982)
2026-10-02T18:06:53.7744015Z Updating files:  53% (4807/8982)
2026-10-02T18:06:53.8094168Z Updating files:  54% (4851/8982)
2026-10-02T18:06:53.8367120Z Updating files:  55% (4941/8982)
2026-10-02T18:06:53.8708670Z Updating files:  56% (5030/8982)
2026-10-02T18:06:53.9392258Z Updating files:  57% (5120/8982)
2026-10-02T18:06:53.9743938Z Updating files:  58% (5210/8982)
2026-10-02T18:06:53.9991028Z Updating files:  59% (5300/8982)
2026-10-02T18:06:54.0355668Z Updating files:  60% (5390/8982)
2026-10-02T18:06:54.0837525Z Updating files:  61% (5480/8982)
2026-10-02T18:06:54.1295360Z Updating files:  62% (5569/8982)
2026-10-02T18:06:54.1562737Z Updating files:  63% (5659/8982)
2026-10-02T18:06:54.1914456Z Updating files:  64% (5749/8982)
2026-10-02T18:06:54.1962979Z Updating files:  65% (5839/8982)
2026-10-02T18:06:54.1987037Z ##[error]error: unable to create file reviews/owner-playtest-ux-overhaul-2026-10-01/preserved-earned-2f1-independent-r1/body/tmp/standard-sol-owner-ux-gameplay-independent-r1/run-baseline-104729-1790848595541/41-baseline-hunter-roster-preview-390.jpg: Filename too long
2026-10-02T18:06:54.1999381Z ##[error]error: unable to create file reviews/owner-playtest-ux-overhaul-2026-10-01/preserved-earned-2f1-independent-r1/body/tmp/standard-sol-owner-ux-gameplay-independent-r1/run-baseline-104729-1790848595541/88-baseline-hunter-earned-four-bodies-390.jpg: Filename too long
2026-10-02T18:06:54.2006017Z ##[error]error: unable to create file reviews/owner-playtest-ux-overhaul-2026-10-01/preserved-earned-2f1-independent-r1/body/tmp/standard-sol-owner-ux-gameplay-independent-r1/run-baseline-104729-1790848742654/27-baseline-hunter-second-three-v-two-390.jpg: Filename too long
2026-10-02T18:06:54.2012315Z ##[error]error: unable to create file reviews/owner-playtest-ux-overhaul-2026-10-01/preserved-earned-2f1-independent-r1/body/tmp/standard-sol-owner-ux-gameplay-independent-r1/run-baseline-104729-1790848742654/58-baseline-hunter-shield-preview-390.jpg: Filename too long
2026-10-02T18:06:54.2023894Z ##[error]error: unable to create file reviews/owner-playtest-ux-overhaul-2026-10-01/preserved-earned-2f1-independent-r1/body/tmp/standard-sol-owner-ux-gameplay-independent-r1/run-baseline-58173-1790846976286/228-baseline-earned-target-preview-390.jpg: Filename too long
2026-10-02T18:06:54.2038171Z ##[error]error: unable to create file reviews/owner-playtest-ux-overhaul-2026-10-01/preserved-earned-2f1-independent-r1/body/tmp/standard-sol-owner-ux-gameplay-independent-r1/run-baseline-58173-1790846976286/76-baseline-earned-final-kill-immediate.jpg: Filename too long
2026-10-02T18:06:54.2062936Z ##[error]error: unable to create file reviews/owner-playtest-ux-overhaul-2026-10-01/preserved-earned-2f1-independent-r1/body/tmp/standard-sol-owner-ux-gameplay-independent-r1/run-candidate-104729-1790848279820/13-candidate-hunter-earned-body-390.jpg: Filename too long
2026-10-02T18:06:54.2082652Z ##[error]error: unable to create file reviews/owner-playtest-ux-overhaul-2026-10-01/preserved-earned-2f1-independent-r1/body/tmp/standard-sol-owner-ux-gameplay-independent-r1/run-candidate-104729-1790848356210/76-candidate-hunter-three-bodies-390.jpg: Filename too long
2026-10-02T18:06:54.2101090Z ##[error]error: unable to create file reviews/owner-playtest-ux-overhaul-2026-10-01/preserved-earned-2f1-independent-r1/body/tmp/standard-sol-owner-ux-gameplay-independent-r1/run-candidate-104729-1790848510180/27-candidate-hunter-second-earned-three-v-two-390.jpg: Filename too long
2026-10-02T18:06:54.2105034Z ##[error]error: unable to create file reviews/owner-playtest-ux-overhaul-2026-10-01/preserved-earned-2f1-independent-r1/body/tmp/standard-sol-owner-ux-gameplay-independent-r1/run-candidate-104729-1790848510180/58-candidate-hunter-shield-preview-390.jpg: Filename too long
2026-10-02T18:06:54.2658821Z Updating files:  66% (5929/8982)
2026-10-02T18:06:54.3072025Z Updating files:  67% (6018/8982)
2026-10-02T18:06:54.8111304Z Updating files:  68% (6108/8982)
2026-10-02T18:06:54.8515279Z Updating files:  68% (6147/8982)
2026-10-02T18:06:54.8723753Z Updating files:  69% (6198/8982)
2026-10-02T18:06:54.8986811Z Updating files:  70% (6288/8982)
2026-10-02T18:06:54.9744190Z Updating files:  71% (6378/8982)
2026-10-02T18:06:55.0071211Z Updating files:  72% (6468/8982)
2026-10-02T18:06:55.0274274Z Updating files:  73% (6557/8982)
2026-10-02T18:06:55.0497946Z Updating files:  74% (6647/8982)
2026-10-02T18:06:55.1213344Z Updating files:  75% (6737/8982)
2026-10-02T18:06:55.2303098Z Updating files:  76% (6827/8982)
2026-10-02T18:06:55.3370652Z Updating files:  77% (6917/8982)
2026-10-02T18:06:55.4507762Z Updating files:  78% (7006/8982)
2026-10-02T18:06:55.5053668Z Updating files:  79% (7096/8982)
2026-10-02T18:06:55.5214421Z Updating files:  80% (7186/8982)
2026-10-02T18:06:55.5844887Z Updating files:  81% (7276/8982)
2026-10-02T18:06:55.6031384Z Updating files:  82% (7366/8982)
2026-10-02T18:06:55.6203497Z Updating files:  83% (7456/8982)
2026-10-02T18:06:55.9371727Z Updating files:  84% (7545/8982)
2026-10-02T18:06:55.9401735Z Updating files:  84% (7624/8982)
2026-10-02T18:06:56.1751221Z Updating files:  85% (7635/8982)
2026-10-02T18:06:56.2063620Z Updating files:  86% (7725/8982)
2026-10-02T18:06:56.2924915Z Updating files:  87% (7815/8982)
2026-10-02T18:06:56.3671002Z Updating files:  88% (7905/8982)
2026-10-02T18:06:56.4437416Z Updating files:  89% (7994/8982)
2026-10-02T18:06:56.5381441Z Updating files:  90% (8084/8982)
2026-10-02T18:06:56.6694294Z Updating files:  91% (8174/8982)
2026-10-02T18:06:56.6715699Z Updating files:  92% (8264/8982)
2026-10-02T18:06:56.7708013Z Updating files:  92% (8265/8982)
2026-10-02T18:06:56.8677802Z Updating files:  93% (8354/8982)
2026-10-02T18:06:56.9567401Z Updating files:  94% (8444/8982)
2026-10-02T18:06:57.5663479Z Updating files:  95% (8533/8982)
2026-10-02T18:06:57.6721434Z Updating files:  96% (8623/8982)
2026-10-02T18:06:57.6805567Z Updating files:  96% (8696/8982)
2026-10-02T18:06:57.7299866Z Updating files:  97% (8713/8982)
2026-10-02T18:06:57.7755343Z Updating files:  98% (8803/8982)
2026-10-02T18:06:57.8005734Z Updating files:  99% (8893/8982)
2026-10-02T18:06:57.8006226Z Updating files: 100% (8982/8982)
2026-10-02T18:06:57.8006566Z Updating files: 100% (8982/8982), done.
2026-10-02T18:06:57.8195467Z Note: switching to 'refs/remotes/pull/1/merge'.
2026-10-02T18:06:57.8195983Z 
2026-10-02T18:06:57.8196408Z You are in 'detached HEAD' state. You can look around, make experimental
2026-10-02T18:06:57.8197366Z changes and commit them, and you can discard any commits you make in this
2026-10-02T18:06:57.8198324Z state without impacting any branches by switching back to a branch.
2026-10-02T18:06:57.8198856Z 
2026-10-02T18:06:57.8199259Z If you want to create a new branch to retain commits you create, you may
2026-10-02T18:06:57.8200181Z do so (now or later) by using -c with the switch command. Example:
2026-10-02T18:06:57.8200738Z 
2026-10-02T18:06:57.8200969Z   git switch -c <new-branch-name>
2026-10-02T18:06:57.8201331Z 
2026-10-02T18:06:57.8201515Z Or undo this operation with:
2026-10-02T18:06:57.8201867Z 
2026-10-02T18:06:57.8202067Z   git switch -
2026-10-02T18:06:57.8202299Z 
2026-10-02T18:06:57.8202736Z Turn off this advice by setting config variable advice.detachedHead to false
2026-10-02T18:06:57.8203344Z 
2026-10-02T18:06:57.8204034Z HEAD is now at 64cf037 Merge ff5ac095f35a605d86e01edf0183b15f2e9c3874 into 98660a7ef214c8a875b25482f64475c8d70e5efc
2026-10-02T18:06:57.9856141Z ##[group]Removing auth
2026-10-02T18:06:57.9865763Z [command]"C:\Program Files\Git\bin\git.exe" config --local --name-only --get-regexp core\.sshCommand
2026-10-02T18:06:58.0095310Z [command]"C:\Program Files\Git\bin\git.exe" submodule foreach --recursive "sh -c \"git config --local --name-only --get-regexp 'core\.sshCommand' && git config --local --unset-all 'core.sshCommand' || :\""
2026-10-02T18:06:58.4380533Z [command]"C:\Program Files\Git\bin\git.exe" config --local --name-only --get-regexp http\.https\:\/\/github\.com\/\.extraheader
2026-10-02T18:06:58.4580846Z http.https://github.com/.extraheader
2026-10-02T18:06:58.4613813Z [command]"C:\Program Files\Git\bin\git.exe" config --local --unset-all http.https://github.com/.extraheader
2026-10-02T18:06:58.4837703Z [command]"C:\Program Files\Git\bin\git.exe" submodule foreach --recursive "sh -c \"git config --local --name-only --get-regexp 'http\.https\:\/\/github\.com\/\.extraheader' && git config --local --unset-all 'http.https://github.com/.extraheader' || :\""
2026-10-02T18:06:58.9357770Z [command]"C:\Program Files\Git\bin\git.exe" config --local --name-only --get-regexp ^includeIf\.gitdir:
2026-10-02T18:06:58.9575911Z [command]"C:\Program Files\Git\bin\git.exe" submodule foreach --recursive "git config --local --show-origin --name-only --get-regexp remote.origin.url"
2026-10-02T18:06:59.4222454Z ##[endgroup]
2026-10-02T18:06:59.4309206Z ##[error]The process 'C:\Program Files\Git\bin\git.exe' failed with exit code 1
2026-10-02T18:06:59.4665892Z ##[group]Run actions/upload-artifact@v4
2026-10-02T18:06:59.4666420Z with:
2026-10-02T18:06:59.4666795Z   name: hollowpact--windows-evidence-37045171775-1
2026-10-02T18:06:59.4668117Z   path: reviews/windows-native/
build-desktop/windows-transfer/manifest.json
build-desktop/builder-effective-config.yaml
build-desktop/windows-native-config.json
dist/build-provenance.json

2026-10-02T18:06:59.4669412Z   if-no-files-found: warn
2026-10-02T18:06:59.4669712Z   retention-days: 30
2026-10-02T18:06:59.4669987Z   compression-level: 6
2026-10-02T18:06:59.4670255Z   overwrite: false
2026-10-02T18:06:59.4670534Z   include-hidden-files: false
2026-10-02T18:06:59.4670833Z env:
2026-10-02T18:06:59.4671085Z   CSC_IDENTITY_AUTO_DISCOVERY: false
2026-10-02T18:06:59.4671424Z ##[endgroup]
2026-10-02T18:06:59.6484572Z (node:960) [DEP0040] DeprecationWarning: The `punycode` module is deprecated. Please use a userland alternative instead.
2026-10-02T18:06:59.6486620Z (Use `node --trace-deprecation ...` to show where the warning was created)
2026-10-02T18:06:59.6859306Z Multiple search paths detected. Calculating the least common ancestor of all paths
2026-10-02T18:06:59.6863123Z The least common ancestor is D:\a\Roguelike-deckbuilder\Roguelike-deckbuilder. This will be the root directory of the artifact
2026-10-02T18:06:59.6864976Z With the provided path, there will be 54 files uploaded
2026-10-02T18:06:59.6869819Z Artifact name is valid!
2026-10-02T18:06:59.6872595Z Root directory input is valid!
2026-10-02T18:07:00.0287046Z Beginning upload of artifact content to blob storage
2026-10-02T18:07:00.3397730Z (node:960) [DEP0169] DeprecationWarning: `url.parse()` behavior is not standardized and prone to errors that have security implications. Use the WHATWG URL API instead. CVEs are not issued for `url.parse()` vulnerabilities.
2026-10-02T18:07:01.4034972Z Uploaded bytes 8388608
2026-10-02T18:07:01.5015752Z Uploaded bytes 9549977
2026-10-02T18:07:01.5595759Z Finished uploading artifact content to blob storage!
2026-10-02T18:07:01.5598104Z SHA256 digest of uploaded artifact zip is 75cd6fc222b21862895350820bcc5b455eb6b9b0503ce446b43327740d5e6834
2026-10-02T18:07:01.5600508Z Finalizing artifact upload
2026-10-02T18:07:01.8259284Z Artifact hollowpact--windows-evidence-37045171775-1.zip successfully finalized. Artifact ID 11243424358
2026-10-02T18:07:01.8260422Z Artifact hollowpact--windows-evidence-37045171775-1 has been successfully uploaded! Final size is 9549977 bytes. Artifact ID is 11243424358
2026-10-02T18:07:01.8269013Z Artifact download URL: https://github.com/evangjones99-gif/Roguelike-deckbuilder/actions/runs/37045171775/artifacts/11243424358
2026-10-02T18:07:02.6238351Z ##[group]Run actions/upload-artifact@v4
2026-10-02T18:07:02.6238704Z with:
2026-10-02T18:07:02.6238943Z   name: hollowpact--windows-x64-37045171775-1
2026-10-02T18:07:02.6239858Z   path: reviews/windows-native/
build-desktop/hollowpact-*-windows-native-x64.zip
build-desktop/builder-effective-config.yaml
build-desktop/windows-native-config.json
dist/build-provenance.json

2026-10-02T18:07:02.6240707Z   if-no-files-found: warn
2026-10-02T18:07:02.6240934Z   retention-days: 30
2026-10-02T18:07:02.6241143Z   compression-level: 6
2026-10-02T18:07:02.6241356Z   overwrite: false
2026-10-02T18:07:02.6241563Z   include-hidden-files: false
2026-10-02T18:07:02.6241784Z env:
2026-10-02T18:07:02.6241965Z   CSC_IDENTITY_AUTO_DISCOVERY: false
2026-10-02T18:07:02.6242209Z ##[endgroup]
2026-10-02T18:07:02.8078227Z (node:7228) [DEP0040] DeprecationWarning: The `punycode` module is deprecated. Please use a userland alternative instead.
2026-10-02T18:07:02.8079034Z (Use `node --trace-deprecation ...` to show where the warning was created)
2026-10-02T18:07:02.8398731Z Multiple search paths detected. Calculating the least common ancestor of all paths
2026-10-02T18:07:02.8402266Z The least common ancestor is D:\a\Roguelike-deckbuilder\Roguelike-deckbuilder. This will be the root directory of the artifact
2026-10-02T18:07:02.8403243Z With the provided path, there will be 54 files uploaded
2026-10-02T18:07:02.8408586Z Artifact name is valid!
2026-10-02T18:07:02.8410857Z Root directory input is valid!
2026-10-02T18:07:03.1674345Z Beginning upload of artifact content to blob storage
2026-10-02T18:07:03.4798866Z (node:7228) [DEP0169] DeprecationWarning: `url.parse()` behavior is not standardized and prone to errors that have security implications. Use the WHATWG URL API instead. CVEs are not issued for `url.parse()` vulnerabilities.
2026-10-02T18:07:04.3744399Z Uploaded bytes 8388608
2026-10-02T18:07:04.4637826Z Uploaded bytes 9549977
2026-10-02T18:07:04.5219570Z Finished uploading artifact content to blob storage!
2026-10-02T18:07:04.5220913Z SHA256 digest of uploaded artifact zip is a2aa4bd8029771fce9dfddebc76771e7940cdd6f1caf36b84bd927ee8ab98708
2026-10-02T18:07:04.5224202Z Finalizing artifact upload
2026-10-02T18:07:04.7645980Z Artifact hollowpact--windows-x64-37045171775-1.zip successfully finalized. Artifact ID 11243689298
2026-10-02T18:07:04.7647404Z Artifact hollowpact--windows-x64-37045171775-1 has been successfully uploaded! Final size is 9549977 bytes. Artifact ID is 11243689298
2026-10-02T18:07:04.7655249Z Artifact download URL: https://github.com/evangjones99-gif/Roguelike-deckbuilder/actions/runs/37045171775/artifacts/11243689298
2026-10-02T18:07:04.7948919Z Post job cleanup.
2026-10-02T18:07:04.9786002Z [command]"C:\Program Files\Git\bin\git.exe" version
2026-10-02T18:07:04.9997742Z git version 2.55.0.windows.5
2026-10-02T18:07:05.0060471Z Temporarily overriding HOME='D:\a\_temp\3ddcb9ca-bbde-4f5b-a643-e1fb9fbdf016' before making global git config changes
2026-10-02T18:07:05.0061828Z Adding repository directory to the temporary git global config as a safe directory
2026-10-02T18:07:05.0072298Z [command]"C:\Program Files\Git\bin\git.exe" config --global --add safe.directory D:\a\Roguelike-deckbuilder\Roguelike-deckbuilder
2026-10-02T18:07:05.0354293Z [command]"C:\Program Files\Git\bin\git.exe" config --local --name-only --get-regexp core\.sshCommand
2026-10-02T18:07:05.0580445Z [command]"C:\Program Files\Git\bin\git.exe" submodule foreach --recursive "sh -c \"git config --local --name-only --get-regexp 'core\.sshCommand' && git config --local --unset-all 'core.sshCommand' || :\""
2026-10-02T18:07:05.5149183Z [command]"C:\Program Files\Git\bin\git.exe" config --local --name-only --get-regexp http\.https\:\/\/github\.com\/\.extraheader
2026-10-02T18:07:05.5377734Z [command]"C:\Program Files\Git\bin\git.exe" submodule foreach --recursive "sh -c \"git config --local --name-only --get-regexp 'http\.https\:\/\/github\.com\/\.extraheader' && git config --local --unset-all 'http.https://github.com/.extraheader' || :\""
2026-10-02T18:07:05.9551925Z [command]"C:\Program Files\Git\bin\git.exe" config --local --name-only --get-regexp ^includeIf\.gitdir:
2026-10-02T18:07:05.9780965Z [command]"C:\Program Files\Git\bin\git.exe" submodule foreach --recursive "git config --local --show-origin --name-only --get-regexp remote.origin.url"
2026-10-02T18:07:06.4260345Z Cleaning up orphan processes
2026-10-02T18:07:06.4292902Z ##[warning]Node.js 20 is deprecated. The following actions target Node.js 20 but are being forced to run on Node.js 24: actions/checkout@v4, actions/upload-artifact@v4. For more information see: https://github.blog/changelog/2025-09-19-deprecation-of-node-20-on-github-actions-runners/
