{"stage":"/workspace/scratch/starter-family-native128-stage-r1","donorStage":"/workspace/scratch/native128-empty-intent-stage-r1","donorFreeze":{"path":"/workspace/scratch/native128-empty-intent-strict-build-root-r1/final-seal-r1/RUNTIME-FREEZE.json","bytes":21441,"sha256":"71327a14333f97af3037ca87f3ffadcee81e1a20b97d561d79ec48d7685f73ca"},"donorSourceDigest":"76e5ba02635900ad242b047f9aa5e11adbc67b9e99f9cb67b35884405d21bc40","donorOutputsDigest":"2547c159b14f634a2ec17473bded94af60c38e6f4aba8ea208f32dba9875f3a8","donorAliasCatalogue":{"path":"/workspace/scratch/native128-empty-intent-strict-build-root-r1/final-seal-r1/ACTUAL-ALIAS-CATALOGUE.json","bytes":89174,"sha256":"09ffbd89a7e4eaeba2e29d5946a7301ebaaf8c2a8b31c360b4b929db1c926611"},"donorAliasCount":115,"supportCount":30,"sourcePlan":{"path":"/workspace/scratch/starter-family-native128-wiring-source-author-r2/PLAN.json","bytes":13533,"sha256":"7f40607b43f820e0e738b3899b0ab66c61c6acfc3ec42e6af9b6ee362e5b908f"},"starterSourceGate":{"path":"/workspace/scratch/starter-family-native128-wiring-source-independent-r2/GATE.json","bytes":2678,"sha256":"d9e11d101944af80ada2f36cf7137633742aeff1d601d6bdf823ef924ade9beb"},"sourceFinal":{"path":"/workspace/scratch/starter-family-native128-wiring-source-author-r2/FINAL-SEAL.json","bytes":672,"sha256":"5d8395a94db71d439ba87f9cb3c33bbf37a1d59bf7dfac95c1aa08caea5f9413"},"materializationGrant":{"path":"/workspace/scratch/starter-family-native128-materialization-grant-root-r1.json","bytes":882,"sha256":"5f57fdd5cba66dae233643cf64a6fca3ad5a97d48a2f218a58114ddeaa1eb341"},"materializationGuard":{"path":"/workspace/scratch/starter-family-native128-materialization-guard-root-r1/RESULT.json","bytes":853,"sha256":"16b3a6f0d4ddeb252fcb32309beed93878cd5c5c638d1f428b77f10eb5811828"},"replacements":{"src/main.ts":{"path":"/workspace/scratch/starter-family-native128-materialized-source-root-r1/main.ts","bytes":117957,"sha256":"d1e71626b4c70679f4ba692b62ccb2aea0dbe5ce74e9a1426b6208fc26a45fe2"},"src/coherent-native128.ts":{"path":"/workspace/scratch/starter-family-native128-materialized-source-root-r1/coherent-native128.ts","bytes":19633,"sha256":"17b0ae71bd36d9803d5dd4ddea2e8070a200bbe11ea08ada4ad142bd292c42a9"},"src/art.ts":{"path":"/workspace/scratch/starter-family-native128-materialized-source-root-r1/art.ts","bytes":12379,"sha256":"28f20bc5118668b0d1570c38078847026b4109f8518726b09d4d4390024e34ab"},"public/art/coherent-native128-manual-crop-view-manifest.json":{"path":"/workspace/scratch/starter-family-native128-materialized-source-root-r1/coherent-native128-manual-crop-view-manifest.json","bytes":5438,"sha256":"1e0699b76dc3543b5374df5ff8e33aa81254c6d05c94fe7483247d183308b8af"}},"newNativePNGs":{"public/art/ash-widow-correction-rear-three-quarter-manual-crop-native128-draft.png":{"path":"/workspace/scratch/ash-widow-correction-native128-final-output-root-r2/ash-widow-correction-rear-three-quarter-manual-crop-native128-draft.png","bytes":3112,"sha256":"e02e10cb6b02404b87d22053321e3b0268fa6729c09f6d4b3df3bedc6eb9d462"},"public/art/ash-widow-correction-front-portrait-manual-crop-native128-draft.png":{"path":"/workspace/scratch/ash-widow-correction-native128-final-output-root-r2/ash-widow-correction-front-portrait-manual-crop-native128-draft.png","bytes":3350,"sha256":"21bead977286b45053242fb8b37d225838e2d78b448e22d1b2a8373a61f72a8d"},"public/art/fen-stalker-rear-three-quarter-manual-crop-native128-draft.png":{"path":"/workspace/scratch/starter-family-native128-final-output-root-r3/fen-stalker-rear-three-quarter-manual-crop-native128-draft.png","bytes":3329,"sha256":"fffd1824d6872a022b45b2dfe56ff08061d774c59836e587db605cc7b96fa263"},"public/art/fen-stalker-front-portrait-manual-crop-native128-draft.png":{"path":"/workspace/scratch/starter-family-native128-final-output-root-r3/fen-stalker-front-portrait-manual-crop-native128-draft.png","bytes":4535,"sha256":"a39d0f56f3c7f46278a99f5d80290fad9ab9ee9ddf93c93df2c9c311843bdb52"},"public/art/briar-colossus-rear-three-quarter-manual-crop-native128-draft.png":{"path":"/workspace/scratch/starter-family-native128-final-output-root-r3/briar-colossus-rear-three-quarter-manual-crop-native128-draft.png","bytes":4103,"sha256":"2a87f31ed0b7e9e6156a776100e994d7b467c522d36bffb7769e1fce895f5f4f"},"public/art/briar-colossus-front-portrait-manual-crop-native128-draft.png":{"path":"/workspace/scratch/starter-family-native128-final-output-root-r3/briar-colossus-front-portrait-manual-crop-native128-draft.png","bytes":4708,"sha256":"4ff2356ad27ee3f23d227743c2d79b1fe16e083ec02f205448a953599ab48275"}},"expectedInputs":"MAP 104","expectedSourceDigest":"65b31b3f21e34a624bdac962e4919c7dc1791e502eb6cfdb1612103b8036fe9c","expectedInputCount":104,"expectedHeldOutputs":"MAP 65","expectedHeldOutputCount":65,"expectedHeldOutputsDigest":"6055d834b8081b0170e4edaa204647ca731ff042a748a0eb91ec76614e424aa1","expectedAliasKeys":"MAP 121","expectedAliasCount":121,"strictBuildEvidence":"/workspace/scratch/starter-family-native128-strict-build-root-r1","qualification":"Fresh private starter-family static asset trial. Four exact source/manifest replacements, six private new PNG copies; old media/support mounts held. Existing floor/corpse/UI/input/rules/save/query/cue behavior unchanged; canonical guidance composition future. Engineering/private-fit art gates do not approve scene/default/animation/fun. Alias count derived from complete expected leaf set, measured chains frozen after build. Workflow hold is not OS readonly/selfcontained.","resourcePlan":{"assemblyMiB":64,"buildWorkMiB":384,"reserveMiB":512,"diskMiB":64,"heapMiB":256,"stopSeconds":55,"wholeSeconds":60,"attempts":1}}

DIFF assemble.py
--- /workspace/scratch/native128-empty-intent-build-controls-source-author-r1/assemble.py
+++ /workspace/scratch/starter-family-native128-build-controls-source-author-r1/assemble.py
@@ -1,8 +1,8 @@
-"""Root-only future fresh empty-intent CSS assembly; import has no side effects."""
+"""Root-only future fresh thirteen-sprite starter assembly; import has no side effects."""
 from pathlib import Path
 import argparse,hashlib,json,os,shutil
 P=Path(__file__).parent
-STAGE=Path('/workspace/scratch/native128-empty-intent-stage-r1')
+STAGE=Path('/workspace/scratch/starter-family-native128-stage-r1')
 def require(ok,message):
     if not ok:raise ValueError(message)
 def data(path):
@@ -47,56 +47,76 @@
     require(activation.get('rootAssemblyAuthorized') is True,'Root activation required')
     method=document(activation.get('methodGate'))
     require(str(method.get('decision','')).startswith('ACCEPT') and method.get('controlsPlanSHA256')==sha(P/'PLAN.json'),'Wrong independent controls gate')
-    source=document(plan['emptyIntentSourceGate']);sourceAuthorPlan=document(plan['emptyIntentSourceAuthorPlan'])
-    require(source.get('decision')=='ACCEPT_EMPTY_INTENT_CSS_SOURCE_ELIGIBILITY_ONLY' and source.get('strictBuildSourceEligible') is True and source.get('candidate')==plan['replacement'] and source.get('cssSHA256')==plan['replacement']['sha256'] and source.get('plan')==plan['emptyIntentSourceAuthorPlan'] and sourceAuthorPlan.get('candidate')==plan['replacement'] and source.get('base')==sourceAuthorPlan.get('base'),'Exact accepted CSS source gate and full candidate/base/author tuple required')
-    require(sha(plan['replacement']['path'])==plan['replacement']['sha256'],'CSS candidate changed')
+    source=document(plan['starterSourceGate']);author=document(plan['sourcePlan']);final=document(plan['sourceFinal'])
+    require(source.get('accepted') is True and source.get('sourceEngineeringEligible') is True and source.get('controlsPlanSHA256')==plan['sourcePlan']['sha256'] and source.get('authorFinalSHA256')==plan['sourceFinal']['sha256'] and source.get('candidateSourceDigest')==plan['expectedSourceDigest'] and source.get('fourFullByteInversesVerified') is True and source.get('all13NativeImageIdentitiesVerifiedWithoutDecode') is True,'Exact accepted starter tuple')
+    required={'src/main.ts':'mainDecodedSHA256','src/coherent-native128.ts':'helperDecodedSHA256','src/art.ts':'artSHA256','public/art/coherent-native128-manual-crop-view-manifest.json':'manifestSHA256'}
+    require(set(plan['replacements'])==set(required),'Only four declared substitutions')
+    for relative,field in required.items():
+        pp=plan['replacements'][relative];cp=author['candidateSources'][Path(relative).name]
+        require(source[field]==pp['sha256']==cp['decodedSHA256'] and pp['bytes']==cp['decodedBytes'] and sha(pp['path'])==pp['sha256'] and not Path(pp['path']).is_symlink(),'Materialized source full identity changed')
+    require(author['externalSixPNGs']==list(plan['newNativePNGs'].values()) and len(plan['newNativePNGs'])==6,'Exact six native source tuple')
+    for pp in plan['newNativePNGs'].values():require(sha(pp['path'])==pp['sha256'] and Path(pp['path']).stat().st_size==pp['bytes'] and not Path(pp['path']).is_symlink(),'Native external body changed')
+    for pp in author['exactGatePins'].values():document(pp)
+    grant=document(plan['materializationGrant']);receipt=document(plan['materializationGuard'])
+    require(grant.get('authorized') is True and grant.get('sourceMaterializationOnly') is True and grant['gateSHA256']==plan['starterSourceGate']['sha256'] and grant['planSHA256']==plan['sourcePlan']['sha256'] and receipt['exit_code']==0 and receipt['failure'] is None,'Exact prior Root materialization controls')
+    require(all(str(Path(pp['path']).parent)==grant['exactOutputDirectory'] for pp in plan['replacements'].values()),'Wrong materialized directory')
     baseline=document(plan['donorFreeze']);donor=Path(baseline['stage'])
     require(str(donor)==plan['donorStage'] and baseline['sourceDigest']==plan['donorSourceDigest'] and baseline['outputsDigest']==plan['donorOutputsDigest'],'Wrong frozen donor')
     require(len(baseline['inputs'])==98 and len(baseline['outputs'])==64 and digest_map(baseline['inputs'])==baseline['sourceDigest'] and digest_map(baseline['outputs'])==baseline['outputsDigest'],'Full98/64 donor coherence')
     catalogue=document(plan['donorAliasCatalogue'])
-    require(baseline['actualAliasCatalogue']=={'path':plan['donorAliasCatalogue']['path'],'sha256':plan['donorAliasCatalogue']['sha256'],'count':115} and catalogue['roots'][0]==str(donor) and len(catalogue['leaves'])==115,'Wrong complete donor chain catalogue')
+    require(baseline['actualAliasCatalogue']=={'path':plan['donorAliasCatalogue']['path'],'sha256':plan['donorAliasCatalogue']['sha256'],'count':plan['donorAliasCount']} and catalogue['roots'][0]==str(donor) and len(catalogue['leaves'])==plan['donorAliasCount'],'Exact complete donor chain catalogue')
     for root in ['src','desktop','public']:require((donor/root).is_dir() and not (donor/root).is_symlink(),'Private donor directories required')
     actual={x.relative_to(donor).as_posix() for root in ['src','desktop','public'] for x in (donor/root).rglob('*') if x.is_file()}
     actual.update(['index.html','THIRD-PARTY.md','package.json','package-lock.json','tsconfig.json','vite.config.ts','scripts/build.mjs'])
     require(actual==set(baseline['inputs']),'Donor full input membership mismatch')
-    actualOutputs={x.relative_to(donor/'dist').as_posix() for x in (donor/'dist').rglob('*') if x.is_file()}
-    require(actualOutputs==set(baseline['outputs']),'Donor full output membership mismatch')
+    require({x.relative_to(donor/'dist').as_posix() for x in (donor/'dist').rglob('*') if x.is_file()}==set(baseline['outputs']),'Donor full output membership mismatch')
     for root,mapping in [('',baseline['inputs']),('dist/',baseline['outputs'])]:
         for relative,expectedSHA in mapping.items():
             rel=root+relative;before=pinned_donor_file(donor,rel,catalogue)
             require(sha(donor/rel)==expectedSHA and pinned_donor_file(donor,rel,catalogue)==before,'Donor body/chain changed: '+rel)
     support=baseline['supportBodies'];require(len(support)==30,'Full support30 required')
     for relative,expectedSHA in support.items():safe_relative(relative);require(relative not in baseline['inputs'] and sha(donor/relative)==expectedSHA,'Support changed')
-    require(source['base']['sha256']==baseline['inputs']['src/coherent-native128.css'],'CSS source gate donor body mismatch')
-    require(plan['replacementRelative']=='src/coherent-native128.css','Only declared CSS substitution allowed')
-    inputs=dict(baseline['inputs']);inputs[plan['replacementRelative']]=plan['replacement']['sha256']
-    require(len(inputs)==plan['expectedInputCount']==98 and digest_map(inputs)==plan['expectedSourceDigest'],'Derived full98 CSS prediction mismatch')
-    inverse=dict(inputs);inverse[plan['replacementRelative']]=baseline['inputs'][plan['replacementRelative']]
-    require(inverse==baseline['inputs'] and digest_map(inverse)==baseline['sourceDigest'],'Full CSS-map inverse failed')
-    held={r:h for r,h in baseline['outputs'].items() if r.startswith(('art/','audio/'))}
-    require(digest_map(held)==plan['expectedHeldOutputsDigest'] and len(held)==plan['expectedHeldOutputCount']==59,'Unchanged59 held outputs required')
+    inputs=dict(baseline['inputs']);inputs.update({r:x['sha256'] for r,x in plan['replacements'].items()});inputs.update({r:x['sha256'] for r,x in plan['newNativePNGs'].items()})
+    require(inputs==plan['expectedInputs'] and len(inputs)==104 and digest_map(inputs)==plan['expectedSourceDigest'],'Full104 source prediction mismatch')
+    inverse=dict(inputs)
+    for r in plan['newNativePNGs']:del inverse[r]
+    for r in plan['replacements']:inverse[r]=baseline['inputs'][r]
+    require(inverse==baseline['inputs'],'Full104→98 map inverse')
+    originalHeld={r:h for r,h in baseline['outputs'].items() if r.startswith(('art/','audio/'))};held=dict(originalHeld)
+    require(len(originalHeld)==59,'Baseline59 output bodies')
+    held.update({r[7:]:x['sha256'] for r,x in plan['replacements'].items() if r.startswith('public/')});held.update({r[7:]:x['sha256'] for r,x in plan['newNativePNGs'].items()})
+    require(held==plan['expectedHeldOutputs'] and len(held)==65 and digest_map(held)==plan['expectedHeldOutputsDigest'],'Candidate65 output bodies')
+    inverseHeld=dict(held)
+    for r in plan['newNativePNGs']:del inverseHeld[r[7:]]
+    inverseHeld['art/coherent-native128-manual-crop-view-manifest.json']=originalHeld['art/coherent-native128-manual-crop-view-manifest.json']
+    require(inverseHeld==originalHeld,'Full65→59 output inverse')
+    manifest=document(plan['replacements']['public/art/coherent-native128-manual-crop-view-manifest.json']);art=data(plan['replacements']['src/art.ts']['path']).decode();helper=data(plan['replacements']['src/coherent-native128.ts']['path']).decode()
+    descriptor=json.loads(art.split('export const COHERENT_NATIVE128 = ',1)[1].split(' as const;',1)[0])
+    oldManifest=json.loads(data(donor/'public/art/coherent-native128-manual-crop-view-manifest.json'))
+    require(len(manifest['sprites'])==13 and manifest['sprites'][:7]==oldManifest['sprites'] and descriptor['sprites']==manifest['sprites'] and descriptor['manifestSha256']==plan['replacements']['public/art/coherent-native128-manual-crop-view-manifest.json']['sha256'] and manifest['animation'] is None,'Exact13 roles/digest descriptor')
+    require('sprites.length !== 13' in helper and 'images.length === 13' in helper,'All13 readiness admission source')
+    expectedAliases=sorted([r for r in inputs if media_leaf(r) and r not in plan['newNativePNGs']]+['dist/'+r for r in held if media_leaf(r)])
+    require(expectedAliases==plan['expectedAliasKeys'],'Derived complete new alias domain')
     require(not STAGE.exists() and not STAGE.is_symlink(),'Fresh stage only; preserve partial failures')
-    v=os.statvfs(STAGE.parent);require(v.f_bavail*v.f_frsize>=64*1048576,'Disk64 absent')
-    STAGE.mkdir()
+    v=os.statvfs(STAGE.parent);require(v.f_bavail*v.f_frsize>=64*1048576,'Disk64 absent');STAGE.mkdir()
     for relative in sorted(inputs):
         destination=STAGE/safe_relative(relative);destination.parent.mkdir(parents=True,exist_ok=True)
-        origin=plan['replacement']['path'] if relative==plan['replacementRelative'] else donor/relative
-        if media_leaf(relative):destination.symlink_to(origin)
+        pp=plan['replacements'].get(relative) or plan['newNativePNGs'].get(relative);origin=pp['path'] if pp else donor/relative
+        if media_leaf(relative) and relative not in plan['newNativePNGs']:destination.symlink_to(origin)
         else:copy(origin,destination)
     (STAGE/'node_modules').symlink_to(donor/'node_modules',target_is_directory=True)
     for relative in support:
-        destination=STAGE/relative;destination.parent.mkdir(parents=True,exist_ok=True)
-        require(not destination.exists(),'Support collision');copy(donor/relative,destination)
-    observed={r:sha(STAGE/r) for r in sorted(inputs)};require(observed==inputs,'Fresh assembly identity mismatch')
+        destination=STAGE/relative;destination.parent.mkdir(parents=True,exist_ok=True);require(not destination.exists(),'Support collision');copy(donor/relative,destination)
+    observed={r:sha(STAGE/r) for r in sorted(inputs)};require(observed==inputs,'Fresh assembly full identity mismatch')
     for rel in inputs:
         real,chain=trace(STAGE/rel)
-        if media_leaf(rel):
-            donorReal,donorChain=pinned_donor_file(donor,rel,catalogue)
-            require(chain==[{'path':str(STAGE/rel),'target':str(donor/rel),'finalLeaf':True}]+donorChain and real==donorReal,'New input alias chain mismatch')
+        if media_leaf(rel) and rel not in plan['newNativePNGs']:
+            donorReal,donorChain=pinned_donor_file(donor,rel,catalogue);require(chain==[{'path':str(STAGE/rel),'target':str(donor/rel),'finalLeaf':True}]+donorChain and real==donorReal,'New input alias chain mismatch')
         else:
-            require(not chain and real==STAGE/rel,'Code/JSON must be private real copies')
-            old=(donor/rel).stat();new=(STAGE/rel).stat();require((old.st_dev,old.st_ino)!=(new.st_dev,new.st_ino),'Private inode reused')
-    assembly={'stage':str(STAGE),'inputs':observed,'inputCount':98,'sourceDigest':digest_map(observed),'baselineStage':str(donor),'baselineOutputs':baseline['outputs'],'baseline':plan['donorFreeze'],'expectedHeldOutputs':held,'supportBodies':support,'activationPath':str(Path(activation_path).absolute()),'activationSHA256':sha(activation_path),'sourceGate':activation['methodGate'],'emptyIntentSourceGate':plan['emptyIntentSourceGate'],'emptyIntentSourceAuthorPlan':plan['emptyIntentSourceAuthorPlan'],'donorAliasCatalogue':plan['donorAliasCatalogue'],'qualification':plan['qualification']}
+            require(not chain and real==STAGE/rel,'Code/JSON/new PNG must be private copies')
+            origin=plan['replacements'].get(rel) or plan['newNativePNGs'].get(rel);origin=Path(origin['path']) if origin else donor/rel
+            old=origin.stat();new=(STAGE/rel).stat();require((old.st_dev,old.st_ino)!=(new.st_dev,new.st_ino),'Private inode reused')
+    assembly={'stage':str(STAGE),'inputs':observed,'inputCount':104,'sourceDigest':digest_map(observed),'baselineStage':str(donor),'baselineOutputs':baseline['outputs'],'baseline':plan['donorFreeze'],'expectedHeldOutputs':held,'supportBodies':support,'activationPath':str(Path(activation_path).absolute()),'activationSHA256':sha(activation_path),'sourceGate':activation['methodGate'],'starterSourceGate':plan['starterSourceGate'],'starterSourcePlan':plan['sourcePlan'],'donorAliasCatalogue':plan['donorAliasCatalogue'],'newPrivateNativeInputs':sorted(plan['newNativePNGs']),'expectedAliasKeys':expectedAliases,'qualification':plan['qualification']}
     control=STAGE/'.control';control.mkdir();(control/'ASSEMBLY.json').write_text(json.dumps(assembly,indent=2)+'\n');return assembly
 if __name__=='__main__':
     parser=argparse.ArgumentParser(description=__doc__);parser.add_argument('--activation',required=True)


DIFF bounded-build.py
--- /workspace/scratch/native128-empty-intent-build-controls-source-author-r1/bounded-build.py
+++ /workspace/scratch/starter-family-native128-build-controls-source-author-r1/bounded-build.py
@@ -1,5 +1,5 @@
 import os,sys,time,json,pathlib,subprocess,signal,hashlib
-P=pathlib.Path(__file__).parent;S=pathlib.Path('/workspace/scratch/native128-empty-intent-stage-r1');E=pathlib.Path(sys.argv[1]);E.mkdir(exist_ok=False);D=E/'build-outer-r1';D.mkdir(exist_ok=False)
+P=pathlib.Path(__file__).parent;S=pathlib.Path('/workspace/scratch/starter-family-native128-stage-r1');E=pathlib.Path(sys.argv[1]);E.mkdir(exist_ok=False);D=E/'build-outer-r1';D.mkdir(exist_ok=False)
 G=pathlib.Path('/workspace/scratch/guard-node-phase-r1.py');work=384*1048576;reserve=512*1048576;C=pathlib.Path('/sys/fs/cgroup');start=time.monotonic();owned={};observed_pairs={};rows=[];proc=None;rootfd=None;launched_starttime=None;rc=None;failure=None;errors=[];remaining={}
 def sample():
  cur=int((C/'memory.current').read_text());mx=int((C/'memory.max').read_text());return {'elapsed':time.monotonic()-start,'current':cur,'maximum':mx,'headroom':mx-cur,'free':os.statvfs(S).f_bavail*os.statvfs(S).f_frsize}


DIFF finalize.py
--- /workspace/scratch/native128-empty-intent-build-controls-source-author-r1/finalize.py
+++ /workspace/scratch/starter-family-native128-build-controls-source-author-r1/finalize.py
@@ -7,7 +7,7 @@
     evidence=Path(evidence).absolute();require(not evidence.exists(),'Fresh seal folder required')
     build_result=evidence.parent/'build-outer-r1/RESULT.json'
     result=json.loads(data(build_result));require(result.get('normal') is True and all(result['checks'].values()),'Bounded strict build/owned closure not normal')
-    assembly=json.loads(data(STAGE/'.control/ASSEMBLY.json'));require(assembly['stage']==str(STAGE) and assembly['inputCount']==98,'Wrong assembly')
+    assembly=json.loads(data(STAGE/'.control/ASSEMBLY.json'));require(assembly['stage']==str(STAGE) and assembly['inputCount']==104,'Wrong assembly')
     provenance=json.loads(data(STAGE/'dist/build-provenance.json'));require(provenance['sourceDigest']==assembly['sourceDigest'] and provenance['hashes']==assembly['inputs'],'Strict build identity mismatch')
     require((STAGE/'dist').is_dir() and not (STAGE/'dist').is_symlink(),'Fresh private outputs required')
     for relative,expected in assembly['inputs'].items():require(sha(STAGE/relative)==expected,'Input changed during build')
@@ -21,7 +21,7 @@
     built={x.relative_to(STAGE/'dist').as_posix() for x in (STAGE/'dist').rglob('*') if x.is_file()}
     require(len(built)==5 and {'CREDITS.md','build-provenance.json','index.html'}<=built,'Five new measured code outputs required')
     require(sum(x.startswith('assets/') and x.endswith('.css') for x in built)==1 and sum(x.startswith('assets/') and x.endswith('.js') for x in built)==1,'One CSS and JS bundle required')
-    require(len(held)==59,'Exact59 retained art/audio outputs required')
+    require(len(held)==65,'Exact65 retained/new art/audio outputs required')
     for relative,expected in held.items():
         destination=STAGE/'dist'/relative;require(not destination.exists() and not destination.is_symlink(),'Output collision; never overwrite')
         origin=STAGE/'public'/relative;require(sha(origin)==expected,'Candidate held body changed');destination.parent.mkdir(parents=True,exist_ok=True)
@@ -30,8 +30,8 @@
         require(sha(destination)==expected,'Mounted/copied output identity mismatch')
     inputs={r:sha(STAGE/r) for r in sorted(assembly['inputs'])};require(inputs==assembly['inputs'],'Final source identity changed')
     outputs={x.relative_to(STAGE/'dist').as_posix():sha(x) for x in sorted((STAGE/'dist').rglob('*')) if x.is_file()}
-    require(len(inputs)==98 and len(outputs)==64 and all(outputs[r]==h for r,h in held.items()),'Full98/64 identity mismatch')
-    freeze={'stage':str(STAGE),'sourceDigest':digest_map(inputs),'inputs':inputs,'outputsDigest':digest_map(outputs),'outputs':outputs,'inputCount':98,'outputCount':64,'assemblySHA256':sha(STAGE/'.control/ASSEMBLY.json'),'supportBodies':assembly['supportBodies'],'buildResourceClosure':{'path':str(build_result),'sha256':sha(build_result)},'qualification':assembly['qualification'],'actualBrowserRun':False,'acceptedDefault':False,'animationProved':False}
+    require(len(inputs)==104 and len(outputs)==70 and all(outputs[r]==h for r,h in held.items()),'Full104/70 identity mismatch')
+    freeze={'stage':str(STAGE),'sourceDigest':digest_map(inputs),'inputs':inputs,'outputsDigest':digest_map(outputs),'outputs':outputs,'inputCount':104,'outputCount':70,'assemblySHA256':sha(STAGE/'.control/ASSEMBLY.json'),'supportBodies':assembly['supportBodies'],'buildResourceClosure':{'path':str(build_result),'sha256':sha(build_result)},'qualification':assembly['qualification'],'actualBrowserRun':False,'acceptedDefault':False,'animationProved':False}
     aliases={};roots=[str(STAGE),str(donor)]+[r for r in catalogue['roots'] if r not in [str(STAGE),str(donor)]]
     encode=lambda path:next([i,path[len(root):]] for i,root in sorted(enumerate(roots),key=lambda item:-len(item[1])) if path==root or path.startswith(root+'/'))
     chains=[]
@@ -47,11 +47,11 @@
         chain=[[encode(x['path']),encode(x['target']),x['finalLeaf']] for x in links]
         if chain not in chains:chains.append(chain)
         aliases[rel]=[expectedSHA,encode(str(real)),chains.index(chain)]
-    require(len(aliases)==115,'Full115 fresh leaf chain inventory required')
+    require(set(aliases)==set(assembly['expectedAliasKeys']),'Complete derived fresh alias leaf domain required')
     evidence.mkdir()
     aliasPath=evidence/'ACTUAL-ALIAS-CATALOGUE.json'
     aliasPath.write_text(json.dumps({'format':'exact-complete-current-leaf-chains-build-evidence-v1','stage':str(STAGE),'roots':roots,'chains':chains,'leaves':aliases,'qualification':'Complete observed first links; workflow holds, not OS readonly or a caller launch grant.'},separators=(',',':'))+'\n')
-    freeze['actualAliasCatalogue']={'path':str(aliasPath),'sha256':sha(aliasPath),'count':115}
+    freeze['actualAliasCatalogue']={'path':str(aliasPath),'sha256':sha(aliasPath),'count':len(aliases)}
     (evidence/'RUNTIME-FREEZE.json').write_text(json.dumps(freeze,indent=2)+'\n');(evidence/'ASSEMBLY-IDENTITY.json').write_text(json.dumps({'path':str(STAGE/'.control/ASSEMBLY.json'),'sha256':freeze['assemblySHA256']})+'\n');return freeze
 if __name__=='__main__':
     parser=argparse.ArgumentParser(description=__doc__);parser.add_argument('--evidence',required=True);f=finalize(parser.parse_args().evidence)


DIFF strict-build-runner.mjs
--- /workspace/scratch/native128-empty-intent-build-controls-source-author-r1/strict-build-runner.mjs
+++ /workspace/scratch/starter-family-native128-build-controls-source-author-r1/strict-build-runner.mjs
@@ -5,7 +5,7 @@
 import { execFileSync } from 'node:child_process';
 import { createRequire } from 'node:module';
 import { pathToFileURL } from 'node:url';
-const stage='/workspace/scratch/native128-empty-intent-stage-r1';
+const stage='/workspace/scratch/starter-family-native128-stage-r1';
 if(process.cwd()!==stage) throw new Error('Exact fresh pixel stage required');
 const assembly=JSON.parse(fs.readFileSync('.control/ASSEMBLY.json'));
 if(assembly.stage!==stage||fs.existsSync('dist')) throw new Error('Wrong or already-built stage');

{"ownMaxRSSKiB": 9728}
