{
  "reviewRoots": [
    {
      "path": "/workspace/scratch/coherent-native128-actual-technical-independent-r6",
      "inventorySHA256": "f14c369a12d2fe795ec3d26006c5cbfa7bdbea395cd71c38a51547e1846d1cab",
      "gateSHA256": "50fd308665ca04c14b28b6d3d6121afa48f963963937d9423542a10103947ca9"
    },
    {
      "path": "/workspace/scratch/coherent-native128-actual-gameplay-independent-r6",
      "inventorySHA256": "c50bb56140d67a73917c519cf5e87433d9777ec609b28395c1a04745af44ac10",
      "gateSHA256": "2d1333400bb993b809b46d8262a5c5ef6ec292dc96c247ef60d40a4b75c25bbd"
    },
    {
      "path": "/workspace/scratch/coherent-native128-actual-visual-independent-r6",
      "inventorySHA256": "0e1eebcd0b70d1666088892425f58e1c3ffe55e133ff5dde5d1a9b95342b52c7",
      "gateSHA256": "d45dbf19e8243d8a687c0c5f7c37f7eb165558add033ba5e466121a33f2ae3db"
    }
  ],
  "metadata": [
    {
      "path": "/workspace/Roguelike-deckbuilder/AGENTS.md",
      "sha256": "121d70851473627d73099518d5dd6b38a74773405c057a08b5eb87596dce2616",
      "stat": {
        "dev": 27,
        "ino": 524549,
        "mode": 33152,
        "uid": 1000,
        "gid": 1000,
        "nlink": 1,
        "size": 20471,
        "blocks": 40,
        "atime_ns": 1790928240104784837,
        "mtime_ns": 1790927830777761566,
        "ctime_ns": 1790927830777761566
      },
      "xattrs": {}
    },
    {
      "path": "/workspace/Roguelike-deckbuilder/docs/CONTINUATION.md",
      "sha256": "998e485bef4628a716c80050405ae4351f67057ffc610b81edf9d97ca44878af",
      "stat": {
        "dev": 27,
        "ino": 524481,
        "mode": 33152,
        "uid": 1000,
        "gid": 1000,
        "nlink": 1,
        "size": 193058,
        "blocks": 384,
        "atime_ns": 1790928202545335656,
        "mtime_ns": 1790927830777268618,
        "ctime_ns": 1790927830777268618
      },
      "xattrs": {}
    },
    {
      "path": "/workspace/Roguelike-deckbuilder/docs/PRODUCTION.md",
      "sha256": "c504e01a363c7f022880d4d877cd9af2a47443f03b4b138fefb9f5e5c6536c27",
      "stat": {
        "dev": 27,
        "ino": 539593,
        "mode": 33152,
        "uid": 1000,
        "gid": 1000,
        "nlink": 1,
        "size": 33933,
        "blocks": 72,
        "atime_ns": 1790928202545335656,
        "mtime_ns": 1790927830777544315,
        "ctime_ns": 1790927830777544315
      },
      "xattrs": {}
    }
  ],
  "qualification": "Review outcomes archived verbatim; no acceptance/default/fun inference."
}
