PROPOSAL SHAPE {"decision": "Conditional second historical exact-three-PNG encoding proposal only; no action/recovery/independent approval/producer judgment.", "candidateGroup": "/workspace/scratch/audio-host-independent-v08/independent/rebuilt-dist/art", "pairs": "list:3", "knownAnchorAliases": "list:3", "parentMetadata": "list:2", "grossOldAllocationBytes": 8499200, "logicalOldBytes": 8492116, "sourceControls": "list:3", "selection": "Exactly one different historical independent rebuild group; no inventory walk or second body group. Not selected currentdist/frozen protected/release/original archive. R1 retained unchanged.", "historicalConsumer": "Old independent REVIEW records exterior source eb1e4fcadd0b166092484bf9e7ebddfc4e51f3811e3154a24c8b42663273b1fd,66 inputs/51 outputs and exact rebuild with declared VITE_BUILD_ID into a new output directory. Dev4193/built4195 diagnostics remain retained; host was rejected for production promotion because automatic resize removed binding visuals while sounds stayed scheduled. This group is the historical reproduced output, not current production.", "oldPhysicalEncodingNeed": "Byte-for-byte reconstruction and the original method/result/source/manifests are still useful and must remain. Separate writable copies of these three output media add no different source/rights/diagnostic pixels. Under exact immutable/fresh-stage-only holds, shared storage can preserve every historical path/body/result while recovering only redundant allocation. That is a conditional author preference; independent review must verify and prefer the replacement, then producer judge old independent physical isolation unnecessary.", "futureHold": "Root must designate exactly CAND plus the three named existing leaves immutable/fresh-stage-only, forbid rebuild/in-place copy/chmod/xattrs/timestamp writes through these or any anchor aliases, and use fresh stages/new inodes for reproductions. This packet does not claim that new hold already exists or is OS enforced. Existing canonical/public/frozen/trace media holds do not imply a hold on this rebuild.", "metadataIsolationLosses": "Candidate inode identities ultimately disappear after separately reviewed backup retirement. Shared recipients inherit anchor atime/mtime; anchor nlink5\u21926 and ctime change through all five existing physical aliases, including one unresolved alias. Parent mtime/ctime change. Independent writable/per-path metadata isolation is lost. Do not equalize shared timestamps/modes/xattrs. Original stat/xattr ledgers are retained; no exact kernel inode/ctime rollback after original retirement.", "knownAliasGap": "Candidate nlink1 records one physical entry per image, but consumers via symlinks/FD/mmap/future code are not excluded. Four anchor physical entries match current stat; one of nlink5 remains unidentified. Independent action review must accept or resolve that exact gap and validate byte maps before/post; no universal alias metadata proof.", "prospectiveTransaction": "Root-only separately authored finite durable before/journal/fsync transaction with nofollow held identity rechecks, three unique sibling temp hardlinks/atomic replacements, retained old inode backups until independent postchecks/producer retirement judgment. No implementation or authorization supplied here.", "preservation": "All historical source/art inputs, unique files, review/failures/manifests/rights/provenance, paths and exact bodies remain; original aggregate identities remain truthful historical byte maps. Supplemental inode/time differences must be preserved explicitly. No whole-tree retirement or placeholder.", "capacity": "Gross allocation is prospective. Current packet, independent review, journal/backups/push footprints reduce net and backups delay actual recovery. Fresh resource admission after authorized recovery is mandatory; no8MiB net guarantee. Root must publish r1 POST/rejected-ghost evidence and current push before any new action.", "retainedMethodFailure": "Original reader-guard-r1 rc1 on O_NOATIME read-open of root-owned slash before any input body; source/log/outer resource receipts retained. Fresh parentfix uses O_PATH nofollow directory traversal, O_NOATIME regular body streams and held proc-fd metadata xattrs; no body/resource predicate relaxed.", "scope": "Only six PNG body streams (candidate3 + anchor3) and small text/JSON control streams. No metadata broad walk, archives, release bodies, decode, Node/imported application/browser/native/Git/build/canonical mutation/storage action. All source FDs closed."}
decision "Conditional second historical exact-three-PNG encoding proposal only; no action/recovery/independent approval/producer judgment."
candidateGroup "/workspace/scratch/audio-host-independent-v08/independent/rebuilt-dist/art"
knownAnchorAliases [{"anchor": "/workspace/Roguelike-deckbuilder/public/art/abbey-courtyard.png", "knownPhysicalEntries": [{"path": "/workspace/Roguelike-deckbuilder/public/art/abbey-courtyard.png", "lstat": {"st_dev": 27, "st_ino": 655363, "st_mode": 33152, "st_nlink": 5, "st_uid": 1000, "st_gid": 1000, "st_size": 3060309, "st_blocks": 5984, "st_atime_ns": 1790898151007202045, "st_mtime_ns": 1790792012410051235, "st_ctime_ns": 1790904436827253842}}, {"path": "/workspace/scratch/first-five-opening-cairn128-ready-stage-r1/public/art/abbey-courtyard.png", "lstat": {"st_dev": 27, "st_ino": 655363, "st_mode": 33152, "st_nlink": 5, "st_uid": 1000, "st_gid": 1000, "st_size": 3060309, "st_blocks": 5984, "st_atime_ns": 1790898151007202045, "st_mtime_ns": 1790792012410051235, "st_ctime_ns": 1790904436827253842}}, {"path": "/workspace/scratch/first-five-opening-cairn128-ready-stage-r1/dist/art/abbey-courtyard.png", "lstat": {"st_dev": 27, "st_ino": 655363, "st_mode": 33152, "st_nlink": 5, "st_uid": 1000, "st_gid": 1000, "st_size": 3060309, "st_blocks": 5984, "st_atime_ns": 1790898151007202045, "st_mtime_ns": 1790792012410051235, "st_ctime_ns": 1790904436827253842}}, {"path": "/workspace/scratch/audio-host-independent-v08/candidate/dist/art/abbey-courtyard.png", "lstat": {"st_dev": 27, "st_ino": 655363, "st_mode": 33152, "st_nlink": 5, "st_uid": 1000, "st_gid": 1000, "st_size": 3060309, "st_blocks": 5984, "st_atime_ns": 1790898151007202045, "st_mtime_ns": 1790792012410051235, "st_ctime_ns": 1790904436827253842}}], "knownPhysicalEntryCount": 4, "anchorNlink": 5, "unresolvedPhysicalAliasCount": 1, "qualification": "Known physical entries only; no universal logical-symlink/process/mmap/future-writer absence proof. All existing canonical/frozen holds remain applicable; sharing implies unchanged bytes, not unchanged shared metadata."}, {"anchor": "/workspace/Roguelike-deckbuilder/public/art/tool-vignettes.png", "knownPhysicalEntries": [{"path": "/workspace/Roguelike-deckbuilder/public/art/tool-vignettes.png", "lstat": {"st_dev": 27, "st_ino": 657805, "st_mode": 33152, "st_nlink": 5, "st_uid": 1000, "st_gid": 1000, "st_size": 2917100, "st_blocks": 5704, "st_atime_ns": 1790898151170562003, "st_mtime_ns": 1790803009868046413, "st_ctime_ns": 1790904436833950851}}, {"path": "/workspace/scratch/first-five-opening-cairn128-ready-stage-r1/public/art/tool-vignettes.png", "lstat": {"st_dev": 27, "st_ino": 657805, "st_mode": 33152, "st_nlink": 5, "st_uid": 1000, "st_gid": 1000, "st_size": 2917100, "st_blocks": 5704, "st_atime_ns": 1790898151170562003, "st_mtime_ns": 1790803009868046413, "st_ctime_ns": 1790904436833950851}}, {"path": "/workspace/scratch/first-five-opening-cairn128-ready-stage-r1/dist/art/tool-vignettes.png", "lstat": {"st_dev": 27, "st_ino": 657805, "st_mode": 33152, "st_nlink": 5, "st_uid": 1000, "st_gid": 1000, "st_size": 2917100, "st_blocks": 5704, "st_atime_ns": 1790898151170562003, "st_mtime_ns": 1790803009868046413, "st_ctime_ns": 1790904436833950851}}, {"path": "/workspace/scratch/audio-host-independent-v08/candidate/dist/art/tool-vignettes.png", "lstat": {"st_dev": 27, "st_ino": 657805, "st_mode": 33152, "st_nlink": 5, "st_uid": 1000, "st_gid": 1000, "st_size": 2917100, "st_blocks": 5704, "st_atime_ns": 1790898151170562003, "st_mtime_ns": 1790803009868046413, "st_ctime_ns": 1790904436833950851}}], "knownPhysicalEntryCount": 4, "anchorNlink": 5, "unresolvedPhysicalAliasCount": 1, "qualification": "Known physical entries only; no universal logical-symlink/process/mmap/future-writer absence proof. All existing canonical/frozen holds remain applicable; sharing implies unchanged bytes, not unchanged shared metadata."}, {"anchor": "/workspace/Roguelike-deckbuilder/public/art/hunter-portrait.png", "knownPhysicalEntries": [{"path": "/workspace/Roguelike-deckbuilder/public/art/hunter-portrait.png", "lstat": {"st_dev": 27, "st_ino": 655545, "st_mode": 33152, "st_nlink": 5, "st_uid": 1000, "st_gid": 1000, "st_size": 2514707, "st_blocks": 4912, "st_atime_ns": 1790898151106047514, "st_mtime_ns": 1790795201706304533, "st_ctime_ns": 1790904436840131331}}, {"path": "/workspace/scratch/first-five-opening-cairn128-ready-stage-r1/public/art/hunter-portrait.png", "lstat": {"st_dev": 27, "st_ino": 655545, "st_mode": 33152, "st_nlink": 5, "st_uid": 1000, "st_gid": 1000, "st_size": 2514707, "st_blocks": 4912, "st_atime_ns": 1790898151106047514, "st_mtime_ns": 1790795201706304533, "st_ctime_ns": 1790904436840131331}}, {"path": "/workspace/scratch/first-five-opening-cairn128-ready-stage-r1/dist/art/hunter-portrait.png", "lstat": {"st_dev": 27, "st_ino": 655545, "st_mode": 33152, "st_nlink": 5, "st_uid": 1000, "st_gid": 1000, "st_size": 2514707, "st_blocks": 4912, "st_atime_ns": 1790898151106047514, "st_mtime_ns": 1790795201706304533, "st_ctime_ns": 1790904436840131331}}, {"path": "/workspace/scratch/audio-host-independent-v08/candidate/dist/art/hunter-portrait.png", "lstat": {"st_dev": 27, "st_ino": 655545, "st_mode": 33152, "st_nlink": 5, "st_uid": 1000, "st_gid": 1000, "st_size": 2514707, "st_blocks": 4912, "st_atime_ns": 1790898151106047514, "st_mtime_ns": 1790795201706304533, "st_ctime_ns": 1790904436840131331}}], "knownPhysicalEntryCount": 4, "anchorNlink": 5, "unresolvedPhysicalAliasCount": 1, "qualification": "Known physical entries only; no universal logical-symlink/process/mmap/future-writer absence proof. All existing canonical/frozen holds remain applicable; sharing implies unchanged bytes, not unchanged shared metadata."}]
parentMetadata [{"path": "/workspace/scratch/audio-host-independent-v08/independent/rebuilt-dist/art", "xattrs": {}}, {"path": "/workspace/Roguelike-deckbuilder/public/art", "xattrs": {}}]
grossOldAllocationBytes 8499200
logicalOldBytes 8492116
sourceControls [{"path": "/workspace/scratch/media-loose-png-recovery-proposal-author-r1/EVIDENCE.json", "sha256": "02bc18528c9146cfd9c32c42cc0d28b75a6d7cc387854507f6c369fb80dcb7f2", "xattrs": {}, "O_NOATIME": true, "parentMethod": "O_PATH|O_DIRECTORY|O_NOFOLLOW; no directory enumeration, held metadata references", "duringReadMetadataExact": true}, {"path": "/workspace/scratch/audio-host-independent-v08/independent/REVIEW.md", "sha256": "64c499c9887a0da6757002ed924ad1b21d0f50604fee790123f5aef2dda90ac3", "xattrs": {}, "O_NOATIME": true, "parentMethod": "O_PATH|O_DIRECTORY|O_NOFOLLOW; no directory enumeration, held metadata references", "duringReadMetadataExact": true}, {"path": "/workspace/Roguelike-deckbuilder/AGENTS.md", "sha256": "f9bb313329762de931904873238474de8cfb209c30835856c5c83a7eaadbb463", "xattrs": {}, "O_NOATIME": true, "parentMethod": "O_PATH|O_DIRECTORY|O_NOFOLLOW; no directory enumeration, held metadata references", "duringReadMetadataExact": true}]
selection "Exactly one different historical independent rebuild group; no inventory walk or second body group. Not selected currentdist/frozen protected/release/original archive. R1 retained unchanged."
historicalConsumer "Old independent REVIEW records exterior source eb1e4fcadd0b166092484bf9e7ebddfc4e51f3811e3154a24c8b42663273b1fd,66 inputs/51 outputs and exact rebuild with declared VITE_BUILD_ID into a new output directory. Dev4193/built4195 diagnostics remain retained; host was rejected for production promotion because automatic resize removed binding visuals while sounds stayed scheduled. This group is the historical reproduced output, not current production."
oldPhysicalEncodingNeed "Byte-for-byte reconstruction and the original method/result/source/manifests are still useful and must remain. Separate writable copies of these three output media add no different source/rights/diagnostic pixels. Under exact immutable/fresh-stage-only holds, shared storage can preserve every historical path/body/result while recovering only redundant allocation. That is a conditional author preference; independent review must verify and prefer the replacement, then producer judge old independent physical isolation unnecessary."
futureHold "Root must designate exactly CAND plus the three named existing leaves immutable/fresh-stage-only, forbid rebuild/in-place copy/chmod/xattrs/timestamp writes through these or any anchor aliases, and use fresh stages/new inodes for reproductions. This packet does not claim that new hold already exists or is OS enforced. Existing canonical/public/frozen/trace media holds do not imply a hold on this rebuild."
metadataIsolationLosses "Candidate inode identities ultimately disappear after separately reviewed backup retirement. Shared recipients inherit anchor atime/mtime; anchor nlink5\u21926 and ctime change through all five existing physical aliases, including one unresolved alias. Parent mtime/ctime change. Independent writable/per-path metadata isolation is lost. Do not equalize shared timestamps/modes/xattrs. Original stat/xattr ledgers are retained; no exact kernel inode/ctime rollback after original retirement."
knownAliasGap "Candidate nlink1 records one physical entry per image, but consumers via symlinks/FD/mmap/future code are not excluded. Four anchor physical entries match current stat; one of nlink5 remains unidentified. Independent action review must accept or resolve that exact gap and validate byte maps before/post; no universal alias metadata proof."
prospectiveTransaction "Root-only separately authored finite durable before/journal/fsync transaction with nofollow held identity rechecks, three unique sibling temp hardlinks/atomic replacements, retained old inode backups until independent postchecks/producer retirement judgment. No implementation or authorization supplied here."
preservation "All historical source/art inputs, unique files, review/failures/manifests/rights/provenance, paths and exact bodies remain; original aggregate identities remain truthful historical byte maps. Supplemental inode/time differences must be preserved explicitly. No whole-tree retirement or placeholder."
capacity "Gross allocation is prospective. Current packet, independent review, journal/backups/push footprints reduce net and backups delay actual recovery. Fresh resource admission after authorized recovery is mandatory; no8MiB net guarantee. Root must publish r1 POST/rejected-ghost evidence and current push before any new action."
retainedMethodFailure "Original reader-guard-r1 rc1 on O_NOATIME read-open of root-owned slash before any input body; source/log/outer resource receipts retained. Fresh parentfix uses O_PATH nofollow directory traversal, O_NOATIME regular body streams and held proc-fd metadata xattrs; no body/resource predicate relaxed."
scope "Only six PNG body streams (candidate3 + anchor3) and small text/JSON control streams. No metadata broad walk, archives, release bodies, decode, Node/imported application/browser/native/Git/build/canonical mutation/storage action. All source FDs closed."
HISTORICAL CONSUMER {
  "retainedReview": {
    "path": "/workspace/scratch/audio-host-independent-v08/independent/REVIEW.md",
    "sha256": "64c499c9887a0da6757002ed924ad1b21d0f50604fee790123f5aef2dda90ac3",
    "lstat": {
      "st_dev": 27,
      "st_ino": 545208,
      "st_mode": 33152,
      "st_nlink": 1,
      "st_uid": 1000,
      "st_gid": 1000,
      "st_size": 10049,
      "st_blocks": 24,
      "st_atime_ns": 1790904183853900365,
      "st_mtime_ns": 1790814022236737973,
      "st_ctime_ns": 1790814022236737973
    },
    "fstat": {
      "st_dev": 27,
      "st_ino": 545208,
      "st_mode": 33152,
      "st_nlink": 1,
      "st_uid": 1000,
      "st_gid": 1000,
      "st_size": 10049,
      "st_blocks": 24,
      "st_atime_ns": 1790904183853900365,
      "st_mtime_ns": 1790814022236737973,
      "st_ctime_ns": 1790814022236737973
    },
    "xattrs": {},
    "ancestorsNoSymlink": [
      {
        "component": "workspace",
        "metadata": {
          "st_dev": 27,
          "st_ino": 9223372036854775855,
          "st_mode": 16877,
          "st_nlink": 1,
          "st_uid": 1000,
          "st_gid": 1000,
          "st_size": 4096,
          "st_blocks": 16,
          "st_atime_ns": 1790896812905353721,
          "st_mtime_ns": 1790896808885418923,
          "st_ctime_ns": 1790896808885418923
        }
      },
      {
        "component": "scratch",
        "metadata": {
          "st_dev": 27,
          "st_ino": 9223372036855894707,
          "st_mode": 16877,
          "st_nlink": 1,
          "st_uid": 1000,
          "st_gid": 1000,
          "st_size": 90112,
          "st_blocks": 184,
          "st_atime_ns": 1790905667286415363,
          "st_mtime_ns": 1790905667274415552,
          "st_ctime_ns": 1790905667274415552
        }
      },
      {
        "component": "audio-host-independent-v08",
        "metadata": {
          "st_dev": 27,
          "st_ino": 544089,
          "st_mode": 16832,
          "st_nlink": 4,
          "st_uid": 1000,
          "st_gid": 1000,
          "st_size": 4096,
          "st_blocks": 8,
          "st_atime_ns": 1790900601215399704,
          "st_mtime_ns": 1790814039831244743,
          "st_ctime_ns": 1790814039831244743
        }
      },
      {
        "component": "independent",
        "metadata": {
          "st_dev": 27,
          "st_ino": 544090,
          "st_mode": 16832,
          "st_nlink": 3,
          "st_uid": 1000,
          "st_gid": 1000,
          "st_size": 4096,
          "st_blocks": 8,
          "st_atime_ns": 1790900601215399704,
          "st_mtime_ns": 1790814039759245877,
          "st_ctime_ns": 1790814039759245877
        }
      }
    ],
    "O_NOATIME": true,
    "parentMethod": "O_PATH|O_DIRECTORY|O_NOFOLLOW; no directory enumeration, held metadata references",
    "duringReadMetadataExact": true
  },
  "historicalSourceDigest": "eb1e4fcadd0b166092484bf9e7ebddfc4e51f3811e3154a24c8b42663273b1fd",
  "declaredSourceManifestSHA": "45cbbb65a1e76f2aec08fe2b217372104df3425f92daff15779651315c7a9917",
  "declaredBuildManifestSHA": "6799d13f41f2a62c3feb1546253ebf07f3e01ce4c56f5c06b1720712f4159e6c",
  "sourceInputs": 66,
  "declaredBuiltOutputs": 51,
  "reviewReportedMethod": "Strict TypeScript and Vite with declared VITE_BUILD_ID; exact51-file reproduction into a new output directory, built host4195/dev4193 diagnostics.",
  "qualification": "These aggregate source/output/method identities are preserved from the exact old independent review, not independently rehashed as a whole build in this three-PNG storage proposal. Exactly the proposed three current media bodies were freshly verified.",
  "consumerNeed": "Preserve old diagnostics, source/manifest/review/failure provenance and all logical output paths/bytes. New reproduction must use fresh stages. Their exact pixels remain readable after separately approved sharing; their independent inode/time/writable isolation is the only proposed redundancy, conditionally unnecessary under explicit holds.",
  "holdStatusAfterProposal": "Root reports adding the exact three-leaf immutable/fresh-stage-only hold and a new unexecuted transaction method after the author body-proof phase. PROPOSAL AGENTS pin predates that addition; no current-path hash immutability or independently verified postchange/push claim. Independent BEFORE review must pin the current hold/method.",
  "beforeAction": "Root publishes r1POST/rejected-ghost evidence, records independent preference and producer judgment, installs exact fresh-stage-only hold and verifies current push. No action is authorized here."
}

CURRENT AGENTS SHA 69a82ce96a594a2b2a5244154de8758b200290ba9de46b40a221a52ba4a0cfb7
CURRENT HOLD The three historical `/workspace/scratch/audio-host-independent-v08/independent/rebuilt-dist/art/abbey-courtyard.png`, `tool-vignettes.png` and `hunter-portrait.png` leaves are also immutable and fresh-stage-only. Preserve their exact independent historical rebuild bodies and consumer evidence. Future reproduction uses fresh stages/inodes; no writes, truncation, chmod, xattr or timestamp changes through these leaves. A separately reviewed exact physical-sharing proposal requires producer judgment and confirmed current push; this coordinated hold grants no transaction, deletion or retirement authority and is not OS-enforced protection.
OWN_RSS_KIB 9728
