PRIOR_CAPSULE_CONTROL GATE.json {
  "decision": "ACCEPT_EXACT_BOUNDED_EVIDENCE_CAPSULE_WITH_DECLARED_FOOTPRINT_DEVIATION",
  "proof": {
    "sha256": "00d4387eccaa3efb5c1c949e995f8b0dd9c8e4fc582b3b419c83fed16026ae3c",
    "bytes": 24381
  },
  "archive": {
    "sha256": "27c7d4e2a117c5fa2625146a5ca78e7965705f8f809e44b6c2d7b9efb52817af",
    "bytes": 3303630
  },
  "archiveManifestSHA256": "005225286c6784598181a46bd0ad25cc99d4ee54b3c2394d58d5ea915b41155b",
  "logicalBodies": 737,
  "uniqueBlobs": 661,
  "excludedRetainedBodies": 166,
  "fullOriginalExcludedEquality": true,
  "fullSelected87Inputs56OutputsAndRollback87Inputs56Outputs": true,
  "mainSHA256": "276999ac8c8feeb148d326b5adcfca7d175db99c743e5722501a34256fd54b9a",
  "sourceDigest": "251c4fd4fdcce5bbbc39bf438155277ea440c724bd803adf10cd07b5ffa89a65",
  "outputsDigest": "2c664aa389221f8570e1f6cebd1ae63f0784d2cba95a7fcc267c3743096a823c",
  "cueDelta": "13 changedlines total:11 additions/2 removals, one presentationhunk; exact main276 versus2027 preserved. Root clarification agrees.",
  "completeSavedPairs": 18,
  "callerAssertedNormalizedSubset": 15,
  "includedOriginalPhotographs": 8,
  "noDecodeVisualArtJudgement": true,
  "releaseThreeControlsMatchHEAD": true,
  "producerCapFailurePreserved": true,
  "footprint": "3303630B accepted as explicitly declared bounded evidence footprint; planned2621440B softcap failure remains rc1, no cleanup authority.",
  "capsuleControlPins": {
    "SUMMARY.json": {
      "sha256": "4e9519fab7287aed4488e7ac35bb007625cdd7581a8209f5f6cce633158f74c8",
      "bytes": 1451
    },
    "README.md": {
      "sha256": "4c4b310b04c799a1b89552109cd85b21c45191994200df3a570655e694afa7eb",
      "bytes": 1729
    },
    "ARCHIVE-CAP-FAILURE.json": {
      "sha256": "68bba3828a48f6c7f789d0ae6e2c11602e29bd6c5074ec96c2888fe1dee647f4",
      "bytes": 2179
    }
  },
  "reviewerGuardRc0": true,
  "reviewerGuardPoints": 6,
  "reviewerMinimumHeadroom": 1475207168,
  "reviewerMaximumAggregateDelta": 13643776,
  "reviewerOwnHWM": 18640896,
  "sealOwnHWM": 10092544,
  "sealInitial": {
    "current": 15690969088,
    "maximum": 17179869184,
    "headroom": 1488900096,
    "free": 69263360,
    "utcNs": 1790897394629222432
  },
  "sealFinal": {
    "current": 15691231232,
    "maximum": 17179869184,
    "headroom": 1488637952,
    "free": 69263360,
    "utcNs": 1790897394629497357
  },
  "eventsUnchanged": true,
  "reviewerCountAssumptionFailurePreserved": "GUARD rc1 beforeproof at assumed13added/4removed; originalsource/log retained. Exact11+2 correction and r2normal0; no runtime retry.",
  "closure": "Finite source verifier normal waited; three read-onlyGitshow commands waited inside verifier, all reviewer tools/FDs closed. Generic sourceguard lacks exhaustive PID/start/globalbackend ledger; no unknownactor attribution claim.",
  "noReleasePromotionRetirementOrRuntimeAuthorization": true,
  "noArchiveSourceMediaMutation": true
}

PRIOR_CAPSULE_CONTROL REVIEW.md Accept the exact evidence capsule with its explicitly declared3,303,630-byte retention footprint. Every661 archive blob roundtrips, all737 logical entries and166 excluded retained bodies match originals, and logical paths are unique. The failed2.5MiB softcap assertion remains a failure; the subsequent finite verification accepts the unchanged artifact, not the failed cap.

All current87/56 canonical bodies match selected READY source251c4f/output2c664a/main276999. Full R8 rollback87/56 bodies remain recoverable. Only the reviewed presentation hunk (11 added/2 removed lines) differs in main; rules/input/save/timers are unchanged. Independent positive and negative gates/failures are preserved. All18 complete drag checkpoint pairs match, while the caller asserts15 normalized pairs. Eight selected originals are included; other media remain needed at pinned retained paths. No images were decoded or judged.

Producer128+512 failure and64+512 correction receipts pass sampled resources/events with finite closure. Generic receipts do not establish exhaustive child identities or global reviewer/backend attribution. The three0.8 release control bodies match retained hashes and HEAD; multiGB historical release archives were not reread. Development package0.9 is distinct from latest sealed0.8.

This accepts bounded evidence preservation, not a self-contained game release, drag improvement/repair, art quality, human enjoyment, promotion or retirement. No archive rewriting, source/media mutation, runtime, Node, build or image operation occurred.

RESTORE 2968 f7c5602ebdaf049b1d11344825f791c05c42e9527572a002d5fbf185d2d6a209
"""Unexecuted restoration source. Requires a separately authorized fresh output."""
import os,sys,json,hashlib,tarfile,pathlib,resource
resource.setrlimit(resource.RLIMIT_DATA,(24*1048576,24*1048576))
CAP='/workspace/Roguelike-deckbuilder/reviews/opening-ready-and-rapid-drop-2026-10-01/evidence.tar.gz'
ASHA='27c7d4e2a117c5fa2625146a5ca78e7965705f8f809e44b6c2d7b9efb52817af';MSHA='005225286c6784598181a46bd0ad25cc99d4ee54b3c2394d58d5ea915b41155b'
RAW='/workspace/scratch/settle-drag-comparison-actual-r1/'
EXPECTED={'VISUAL-RESULT.json':('b7713194f75462873cf59193251203f0cfebfd65c0f32b6732c2a1bac4354d74',3013464),'VISUAL-PROGRESS.json':('76c5d89a05d73e0fb9e0c17559c900be4515668fbfd3ec9e919e9bc2adda34b2',3013437)}
assert len(sys.argv)==3,'Specify raw basename and an explicitly fresh absolute scratch destination.'
name,dest=sys.argv[1:];assert name in EXPECTED
path=pathlib.Path(dest);assert path.is_absolute() and '..' not in path.parts and str(path).startswith('/workspace/scratch/') and not str(path).startswith(RAW)
parent=os.open('/',os.O_PATH|os.O_DIRECTORY|os.O_NOFOLLOW)
try:
 for part in path.parent.parts[1:]:
  nxt=os.open(part,os.O_PATH|os.O_DIRECTORY|os.O_NOFOLLOW,dir_fd=parent);os.close(parent);parent=nxt
 fd=os.open(CAP,os.O_RDONLY|os.O_NOFOLLOW|os.O_NOATIME)
 try:
  before=os.fstat(fd);h=hashlib.sha256()
  while True:
   b=os.read(fd,65536)
   if not b:break
   h.update(b)
  assert h.hexdigest()==ASHA and before==os.fstat(fd);os.lseek(fd,0,os.SEEK_SET);entry=None;done=False
  with os.fdopen(os.dup(fd),'rb') as stream:
   with tarfile.open(fileobj=stream,mode='r|gz') as archive:
    for member in archive:
     if member.name=='MANIFEST.json':
      assert member.isfile() and member.size<2*1048576
      with archive.extractfile(member) as f:body=f.read(2*1048576)
      assert len(body)==member.size and hashlib.sha256(body).hexdigest()==MSHA
      entries=[e for e in json.loads(body)['entries'] if e.get('originalPath')==RAW+name];assert len(entries)==1;entry=entries[0]
      assert (entry['sha256'],entry['bytes'])==EXPECTED[name]
     elif entry and member.name=='blobs/'+entry['sha256']:
      assert member.isfile() and member.size==entry['bytes'];out=os.open(path.name,os.O_WRONLY|os.O_CREAT|os.O_EXCL|os.O_NOFOLLOW,0o600,dir_fd=parent)
      try:
       h=hashlib.sha256();count=0
       with archive.extractfile(member) as f:
        while True:
         b=f.read(65536)
         if not b:break
         h.update(b);count+=len(b);v=memoryview(b)
         while v:v=v[os.write(out,v):]
       assert h.hexdigest()==entry['sha256'] and count==entry['bytes'];os.fsync(out);done=True
      finally:os.close(out)
      break
  assert done and before==os.fstat(fd)
  print(json.dumps({'freshPath':dest,'sha256':entry['sha256'],'bytes':entry['bytes'],'logicalPath':entry['path'],'capsuleSHA256':ASHA,'metadata':'Fresh inode/time/current-user ownership; original metadata not restored.'}))
 finally:os.close(fd)
finally:os.close(parent)

PROOF 9980 MANIFEST_BYTES 291000 MEMBERS 662 RSS 13856
