2026-10-02T19:21:13.6308494Z Current runner version: '2.337.0'
2026-10-02T19:21:13.6329095Z ##[group]Runner Image Provisioner
2026-10-02T19:21:13.6329854Z Hosted Compute Agent
2026-10-02T19:21:13.6330372Z Version: 20260901.588
2026-10-02T19:21:13.6330957Z Commit: f88ec8081b781fac6c440065ac7ff9e710ce3d0b
2026-10-02T19:21:13.6331656Z Build Date: 2026-09-01T19:56:44Z
2026-10-02T19:21:13.6332319Z Worker ID: {03cb9fce-cfff-4a6f-8749-7c5b258eba19}
2026-10-02T19:21:13.6332953Z Azure Region: westus3
2026-10-02T19:21:13.6333446Z ##[endgroup]
2026-10-02T19:21:13.6334537Z ##[group]Operating System
2026-10-02T19:21:13.6335022Z Microsoft Windows Server 2022
2026-10-02T19:21:13.6335496Z 10.0.20348
2026-10-02T19:21:13.6335914Z Datacenter
2026-10-02T19:21:13.6336315Z ##[endgroup]
2026-10-02T19:21:13.6336776Z ##[group]Runner Image
2026-10-02T19:21:13.6337259Z Image: windows-2022
2026-10-02T19:21:13.6337724Z Version: 20260927.320.1
2026-10-02T19:21:13.6338930Z Included Software: https://github.com/actions/runner-images/blob/win22/20260927.320/images/windows/Windows2022-Readme.md
2026-10-02T19:21:13.6340142Z Image Release: https://github.com/actions/runner-images/releases/tag/win22%2F20260927.320
2026-10-02T19:21:13.6340950Z ##[endgroup]
2026-10-02T19:21:13.6341873Z ##[group]GITHUB_TOKEN Permissions
2026-10-02T19:21:13.6343437Z Contents: read
2026-10-02T19:21:13.6343899Z Metadata: read
2026-10-02T19:21:13.6344371Z ##[endgroup]
2026-10-02T19:21:13.6346106Z Secret source: Actions
2026-10-02T19:21:13.6346840Z Cache mode: write
2026-10-02T19:21:13.6347503Z Prepare workflow directory
2026-10-02T19:21:13.6804558Z Prepare all required actions
2026-10-02T19:21:13.6869085Z Getting action download info
2026-10-02T19:21:14.0724357Z Download action repository 'actions/checkout@v4' (SHA:11d5960a326750d5838078e36cf38b85af677262)
2026-10-02T19:21:14.1713821Z Download action repository 'actions/setup-node@v4' (SHA:49933ea5288caeca8642d1e84afbd3f7d6820020)
2026-10-02T19:21:14.2945320Z Download action repository 'actions/upload-artifact@v4' (SHA:ea165f8d65b6e75b540449e92b4886f43607fa02)
2026-10-02T19:21:14.6106921Z Complete job name: windows-x64
2026-10-02T19:21:14.8205435Z ##[group]Run git config --global core.longpaths true
2026-10-02T19:21:14.8206681Z [36;1mgit config --global core.longpaths true[0m
2026-10-02T19:21:14.8207723Z [36;1mif ($LASTEXITCODE -ne 0) { throw 'Failed to enable Git long paths' }[0m
2026-10-02T19:21:14.8208778Z [36;1m$longPaths = git config --global --bool --get core.longpaths[0m
2026-10-02T19:21:14.8210010Z [36;1mif ($LASTEXITCODE -ne 0 -or $longPaths -ne 'true') { throw 'Git long paths verification failed' }[0m
2026-10-02T19:21:14.8211159Z [36;1mWrite-Host "Git core.longpaths=$longPaths"[0m
2026-10-02T19:21:14.8317047Z shell: C:\Program Files\PowerShell\7\pwsh.EXE -command ". '{0}'"
2026-10-02T19:21:14.8318114Z env:
2026-10-02T19:21:14.8318792Z   CSC_IDENTITY_AUTO_DISCOVERY: false
2026-10-02T19:21:14.8320614Z ##[endgroup]
2026-10-02T19:21:15.7008790Z Git core.longpaths=true
2026-10-02T19:21:15.7974865Z ##[group]Run actions/checkout@v4
2026-10-02T19:21:15.7976077Z with:
2026-10-02T19:21:15.7976956Z   persist-credentials: false
2026-10-02T19:21:15.7978151Z   repository: evangjones99-gif/Roguelike-deckbuilder
2026-10-02T19:21:15.7986324Z   token: ***
2026-10-02T19:21:15.7987180Z   ssh-strict: true
2026-10-02T19:21:15.7988063Z   ssh-user: git
2026-10-02T19:21:15.7989125Z   clean: true
2026-10-02T19:21:15.7990447Z   sparse-checkout-cone-mode: true
2026-10-02T19:21:15.7991672Z   fetch-depth: 1
2026-10-02T19:21:15.7992605Z   fetch-tags: false
2026-10-02T19:21:15.7993469Z   show-progress: true
2026-10-02T19:21:15.7994347Z   lfs: false
2026-10-02T19:21:15.7995136Z   submodules: false
2026-10-02T19:21:15.7996031Z   set-safe-directory: true
2026-10-02T19:21:15.7997033Z   allow-unsafe-pr-checkout: false
2026-10-02T19:21:15.7998066Z env:
2026-10-02T19:21:15.7998902Z   CSC_IDENTITY_AUTO_DISCOVERY: false
2026-10-02T19:21:15.7999962Z ##[endgroup]
2026-10-02T19:21:15.9500132Z Syncing repository: evangjones99-gif/Roguelike-deckbuilder
2026-10-02T19:21:15.9505879Z ##[group]Getting Git version info
2026-10-02T19:21:15.9507751Z Working directory is 'D:\a\Roguelike-deckbuilder\Roguelike-deckbuilder'
2026-10-02T19:21:16.0389668Z [command]"C:\Program Files\Git\bin\git.exe" version
2026-10-02T19:21:16.0604956Z git version 2.55.0.windows.5
2026-10-02T19:21:16.0644083Z ##[endgroup]
2026-10-02T19:21:16.0657656Z Copying 'C:\Users\runneradmin\.gitconfig' to 'D:\a\_temp\7760a15e-ca14-4a1d-be4a-5fb9d325d491\.gitconfig'
2026-10-02T19:21:16.0677221Z Temporarily overriding HOME='D:\a\_temp\7760a15e-ca14-4a1d-be4a-5fb9d325d491' before making global git config changes
2026-10-02T19:21:16.0679843Z Adding repository directory to the temporary git global config as a safe directory
2026-10-02T19:21:16.0687635Z [command]"C:\Program Files\Git\bin\git.exe" config --global --add safe.directory D:\a\Roguelike-deckbuilder\Roguelike-deckbuilder
2026-10-02T19:21:16.0919428Z Deleting the contents of 'D:\a\Roguelike-deckbuilder\Roguelike-deckbuilder'
2026-10-02T19:21:16.0924674Z ##[group]Initializing the repository
2026-10-02T19:21:16.0934165Z [command]"C:\Program Files\Git\bin\git.exe" init D:\a\Roguelike-deckbuilder\Roguelike-deckbuilder
2026-10-02T19:21:16.1741967Z Initialized empty Git repository in D:/a/Roguelike-deckbuilder/Roguelike-deckbuilder/.git/
2026-10-02T19:21:16.1781133Z [command]"C:\Program Files\Git\bin\git.exe" remote add origin https://github.com/evangjones99-gif/Roguelike-deckbuilder
2026-10-02T19:21:16.2317369Z ##[endgroup]
2026-10-02T19:21:16.2318837Z ##[group]Disabling automatic garbage collection
2026-10-02T19:21:16.2324464Z [command]"C:\Program Files\Git\bin\git.exe" config --local gc.auto 0
2026-10-02T19:21:16.2539418Z ##[endgroup]
2026-10-02T19:21:16.2540866Z ##[group]Setting up auth
2026-10-02T19:21:16.2553356Z [command]"C:\Program Files\Git\bin\git.exe" config --local --name-only --get-regexp core\.sshCommand
2026-10-02T19:21:16.2831670Z [command]"C:\Program Files\Git\bin\git.exe" submodule foreach --recursive "sh -c \"git config --local --name-only --get-regexp 'core\.sshCommand' && git config --local --unset-all 'core.sshCommand' || :\""
2026-10-02T19:21:17.8803947Z [command]"C:\Program Files\Git\bin\git.exe" config --local --name-only --get-regexp http\.https\:\/\/github\.com\/\.extraheader
2026-10-02T19:21:17.9004189Z [command]"C:\Program Files\Git\bin\git.exe" submodule foreach --recursive "sh -c \"git config --local --name-only --get-regexp 'http\.https\:\/\/github\.com\/\.extraheader' && git config --local --unset-all 'http.https://github.com/.extraheader' || :\""
2026-10-02T19:21:18.4048799Z [command]"C:\Program Files\Git\bin\git.exe" config --local --name-only --get-regexp ^includeIf\.gitdir:
2026-10-02T19:21:18.4266485Z [command]"C:\Program Files\Git\bin\git.exe" submodule foreach --recursive "git config --local --show-origin --name-only --get-regexp remote.origin.url"
2026-10-02T19:21:18.8432337Z [command]"C:\Program Files\Git\bin\git.exe" config --local http.https://github.com/.extraheader "AUTHORIZATION: basic ***"
2026-10-02T19:21:18.8659572Z ##[endgroup]
2026-10-02T19:21:18.8660413Z ##[group]Fetching the repository
2026-10-02T19:21:18.8674349Z [command]"C:\Program Files\Git\bin\git.exe" -c protocol.version=2 fetch --no-tags --prune --no-recurse-submodules --depth=1 origin +ebbcd78a14ddf42dc2a8a8f7c695fe302035a0c3:refs/remotes/pull/1/merge
2026-10-02T19:21:55.4802998Z From https://github.com/evangjones99-gif/Roguelike-deckbuilder
2026-10-02T19:21:55.4804081Z  * [new ref]         ebbcd78a14ddf42dc2a8a8f7c695fe302035a0c3 -> pull/1/merge
2026-10-02T19:21:55.4839019Z ##[endgroup]
2026-10-02T19:21:55.4839842Z ##[group]Determining the checkout info
2026-10-02T19:21:55.4841356Z ##[endgroup]
2026-10-02T19:21:55.4856101Z [command]"C:\Program Files\Git\bin\git.exe" sparse-checkout disable
2026-10-02T19:21:55.5252917Z [command]"C:\Program Files\Git\bin\git.exe" config --local --unset-all extensions.worktreeConfig
2026-10-02T19:21:55.5480290Z ##[group]Checking out the ref
2026-10-02T19:21:55.5488223Z [command]"C:\Program Files\Git\bin\git.exe" checkout --progress --force refs/remotes/pull/1/merge
2026-10-02T19:21:56.5949793Z Updating files:   6% (634/9113)
2026-10-02T19:21:56.7361400Z Updating files:   7% (638/9113)
2026-10-02T19:21:57.0615260Z Updating files:   8% (730/9113)
2026-10-02T19:21:57.1859910Z Updating files:   9% (821/9113)
2026-10-02T19:21:57.3604951Z Updating files:  10% (912/9113)
2026-10-02T19:21:57.4548932Z Updating files:  11% (1003/9113)
2026-10-02T19:21:57.5805855Z Updating files:  12% (1094/9113)
2026-10-02T19:21:57.5941470Z Updating files:  13% (1185/9113)
2026-10-02T19:21:57.6989956Z Updating files:  13% (1193/9113)
2026-10-02T19:21:57.8333087Z Updating files:  14% (1276/9113)
2026-10-02T19:21:57.8862374Z Updating files:  15% (1367/9113)
2026-10-02T19:21:57.9953634Z Updating files:  16% (1459/9113)
2026-10-02T19:21:58.1045651Z Updating files:  17% (1550/9113)
2026-10-02T19:21:58.5944657Z Updating files:  18% (1641/9113)
2026-10-02T19:21:58.6618608Z Updating files:  18% (1680/9113)
2026-10-02T19:21:58.8187901Z Updating files:  19% (1732/9113)
2026-10-02T19:21:58.8880098Z Updating files:  20% (1823/9113)
2026-10-02T19:21:58.9549319Z Updating files:  21% (1914/9113)
2026-10-02T19:21:59.0718765Z Updating files:  22% (2005/9113)
2026-10-02T19:21:59.1763782Z Updating files:  23% (2096/9113)
2026-10-02T19:21:59.2895470Z Updating files:  24% (2188/9113)
2026-10-02T19:21:59.3589735Z Updating files:  25% (2279/9113)
2026-10-02T19:21:59.4404819Z Updating files:  26% (2370/9113)
2026-10-02T19:22:00.0017894Z Updating files:  27% (2461/9113)
2026-10-02T19:22:00.1035900Z Updating files:  27% (2504/9113)
2026-10-02T19:22:00.1965975Z Updating files:  28% (2552/9113)
2026-10-02T19:22:00.2792739Z Updating files:  29% (2643/9113)
2026-10-02T19:22:00.3626943Z Updating files:  30% (2734/9113)
2026-10-02T19:22:00.4676651Z Updating files:  31% (2826/9113)
2026-10-02T19:22:00.5424255Z Updating files:  32% (2917/9113)
2026-10-02T19:22:00.5986807Z Updating files:  33% (3008/9113)
2026-10-02T19:22:00.6301549Z Updating files:  33% (3078/9113)
2026-10-02T19:22:00.7054327Z Updating files:  34% (3099/9113)
2026-10-02T19:22:00.7429347Z Updating files:  35% (3190/9113)
2026-10-02T19:22:00.8285689Z Updating files:  36% (3281/9113)
2026-10-02T19:22:01.6147295Z Updating files:  37% (3372/9113)
2026-10-02T19:22:01.6818451Z Updating files:  37% (3398/9113)
2026-10-02T19:22:01.7271564Z Updating files:  38% (3463/9113)
2026-10-02T19:22:01.8534052Z Updating files:  39% (3555/9113)
2026-10-02T19:22:02.0363366Z Updating files:  40% (3646/9113)
2026-10-02T19:22:02.0712718Z Updating files:  41% (3737/9113)
2026-10-02T19:22:02.2323902Z Updating files:  42% (3828/9113)
2026-10-02T19:22:02.7720206Z Updating files:  43% (3919/9113)
2026-10-02T19:22:03.0881607Z Updating files:  43% (3981/9113)
2026-10-02T19:22:03.1579259Z Updating files:  44% (4010/9113)
2026-10-02T19:22:03.1695430Z Updating files:  45% (4101/9113)
2026-10-02T19:22:03.1927569Z Updating files:  46% (4192/9113)
2026-10-02T19:22:03.2675125Z Updating files:  47% (4284/9113)
2026-10-02T19:22:03.3677332Z Updating files:  48% (4375/9113)
2026-10-02T19:22:03.4148472Z Updating files:  49% (4466/9113)
2026-10-02T19:22:03.4314785Z Updating files:  50% (4557/9113)
2026-10-02T19:22:03.5743575Z Updating files:  51% (4648/9113)
2026-10-02T19:22:03.6236397Z Updating files:  52% (4739/9113)
2026-10-02T19:22:04.6098004Z Updating files:  52% (4754/9113)
2026-10-02T19:22:04.8972801Z Updating files:  52% (4792/9113)
2026-10-02T19:22:04.9583364Z Updating files:  53% (4830/9113)
2026-10-02T19:22:04.9752815Z Updating files:  54% (4922/9113)
2026-10-02T19:22:05.0195846Z Updating files:  55% (5013/9113)
2026-10-02T19:22:05.0611081Z Updating files:  56% (5104/9113)
2026-10-02T19:22:05.1023040Z Updating files:  57% (5195/9113)
2026-10-02T19:22:05.1178405Z Updating files:  58% (5286/9113)
2026-10-02T19:22:05.6519121Z Updating files:  59% (5377/9113)
2026-10-02T19:22:06.0414606Z Updating files:  59% (5398/9113)
2026-10-02T19:22:06.0715428Z Updating files:  60% (5468/9113)
2026-10-02T19:22:06.1193362Z Updating files:  61% (5559/9113)
2026-10-02T19:22:06.1597197Z Updating files:  62% (5651/9113)
2026-10-02T19:22:06.1706458Z Updating files:  63% (5742/9113)
2026-10-02T19:22:06.2025938Z Updating files:  64% (5833/9113)
2026-10-02T19:22:06.2390388Z Updating files:  65% (5924/9113)
2026-10-02T19:22:06.2713598Z Updating files:  66% (6015/9113)
2026-10-02T19:22:06.3167962Z Updating files:  67% (6106/9113)
2026-10-02T19:22:06.3292258Z Updating files:  68% (6197/9113)
2026-10-02T19:22:06.3747202Z Updating files:  69% (6288/9113)
2026-10-02T19:22:06.3916241Z Updating files:  70% (6380/9113)
2026-10-02T19:22:06.4422848Z Updating files:  71% (6471/9113)
2026-10-02T19:22:06.4913243Z Updating files:  72% (6562/9113)
2026-10-02T19:22:06.5107587Z Updating files:  73% (6653/9113)
2026-10-02T19:22:06.5245073Z Updating files:  74% (6744/9113)
2026-10-02T19:22:06.5990249Z Updating files:  75% (6835/9113)
2026-10-02T19:22:07.1324503Z Updating files:  76% (6926/9113)
2026-10-02T19:22:07.5482748Z Updating files:  76% (6955/9113)
2026-10-02T19:22:07.6203700Z Updating files:  77% (7018/9113)
2026-10-02T19:22:07.6706306Z Updating files:  77% (7070/9113)
2026-10-02T19:22:07.7791313Z Updating files:  78% (7109/9113)
2026-10-02T19:22:07.8741725Z Updating files:  79% (7200/9113)
2026-10-02T19:22:07.8858278Z Updating files:  80% (7291/9113)
2026-10-02T19:22:07.9351575Z Updating files:  81% (7382/9113)
2026-10-02T19:22:07.9631859Z Updating files:  82% (7473/9113)
2026-10-02T19:22:07.9763252Z Updating files:  83% (7564/9113)
2026-10-02T19:22:08.0242809Z Updating files:  84% (7655/9113)
2026-10-02T19:22:08.0353478Z Updating files:  85% (7747/9113)
2026-10-02T19:22:08.0481622Z Updating files:  86% (7838/9113)
2026-10-02T19:22:08.1343235Z Updating files:  87% (7929/9113)
2026-10-02T19:22:08.7020944Z Updating files:  88% (8020/9113)
2026-10-02T19:22:09.1372732Z Updating files:  88% (8078/9113)
2026-10-02T19:22:09.2082549Z Updating files:  89% (8111/9113)
2026-10-02T19:22:09.3186723Z Updating files:  90% (8202/9113)
2026-10-02T19:22:09.4505033Z Updating files:  91% (8293/9113)
2026-10-02T19:22:09.5654007Z Updating files:  92% (8384/9113)
2026-10-02T19:22:09.6244548Z Updating files:  93% (8476/9113)
2026-10-02T19:22:10.5937045Z Updating files:  93% (8524/9113)
2026-10-02T19:22:10.6246524Z Updating files:  94% (8567/9113)
2026-10-02T19:22:10.6787574Z Updating files:  94% (8601/9113)
2026-10-02T19:22:10.7754149Z Updating files:  95% (8658/9113)
2026-10-02T19:22:10.8884102Z Updating files:  96% (8749/9113)
2026-10-02T19:22:10.9322908Z Updating files:  97% (8840/9113)
2026-10-02T19:22:10.9769402Z Updating files:  98% (8931/9113)
2026-10-02T19:22:10.9980089Z Updating files:  99% (9022/9113)
2026-10-02T19:22:10.9980596Z Updating files: 100% (9113/9113)
2026-10-02T19:22:10.9981024Z Updating files: 100% (9113/9113), done.
2026-10-02T19:22:11.0149945Z Note: switching to 'refs/remotes/pull/1/merge'.
2026-10-02T19:22:11.0153979Z 
2026-10-02T19:22:11.0154518Z You are in 'detached HEAD' state. You can look around, make experimental
2026-10-02T19:22:11.0155171Z changes and commit them, and you can discard any commits you make in this
2026-10-02T19:22:11.0155683Z state without impacting any branches by switching back to a branch.
2026-10-02T19:22:11.0156098Z 
2026-10-02T19:22:11.0156339Z If you want to create a new branch to retain commits you create, you may
2026-10-02T19:22:11.0156775Z do so (now or later) by using -c with the switch command. Example:
2026-10-02T19:22:11.0157059Z 
2026-10-02T19:22:11.0157238Z   git switch -c <new-branch-name>
2026-10-02T19:22:11.0157406Z 
2026-10-02T19:22:11.0157545Z Or undo this operation with:
2026-10-02T19:22:11.0157698Z 
2026-10-02T19:22:11.0157850Z   git switch -
2026-10-02T19:22:11.0157972Z 
2026-10-02T19:22:11.0158213Z Turn off this advice by setting config variable advice.detachedHead to false
2026-10-02T19:22:11.0158516Z 
2026-10-02T19:22:11.0158827Z HEAD is now at ebbcd78 Merge 265eb047cd041d79a56edfa5b0a6d270e020b8f0 into 98660a7ef214c8a875b25482f64475c8d70e5efc
2026-10-02T19:22:11.2111964Z ##[endgroup]
2026-10-02T19:22:11.2357188Z [command]"C:\Program Files\Git\bin\git.exe" log -1 --format=%H
2026-10-02T19:22:11.2536532Z ebbcd78a14ddf42dc2a8a8f7c695fe302035a0c3
2026-10-02T19:22:11.2569912Z ##[group]Removing auth
2026-10-02T19:22:11.2577463Z [command]"C:\Program Files\Git\bin\git.exe" config --local --name-only --get-regexp core\.sshCommand
2026-10-02T19:22:11.2778638Z [command]"C:\Program Files\Git\bin\git.exe" submodule foreach --recursive "sh -c \"git config --local --name-only --get-regexp 'core\.sshCommand' && git config --local --unset-all 'core.sshCommand' || :\""
2026-10-02T19:22:11.6804208Z [command]"C:\Program Files\Git\bin\git.exe" config --local --name-only --get-regexp http\.https\:\/\/github\.com\/\.extraheader
2026-10-02T19:22:11.6980897Z http.https://github.com/.extraheader
2026-10-02T19:22:11.7015468Z [command]"C:\Program Files\Git\bin\git.exe" config --local --unset-all http.https://github.com/.extraheader
2026-10-02T19:22:11.7232799Z [command]"C:\Program Files\Git\bin\git.exe" submodule foreach --recursive "sh -c \"git config --local --name-only --get-regexp 'http\.https\:\/\/github\.com\/\.extraheader' && git config --local --unset-all 'http.https://github.com/.extraheader' || :\""
2026-10-02T19:22:12.1175051Z [command]"C:\Program Files\Git\bin\git.exe" config --local --name-only --get-regexp ^includeIf\.gitdir:
2026-10-02T19:22:12.1383124Z [command]"C:\Program Files\Git\bin\git.exe" submodule foreach --recursive "git config --local --show-origin --name-only --get-regexp remote.origin.url"
2026-10-02T19:22:12.5708011Z ##[endgroup]
2026-10-02T19:22:12.6016742Z ##[group]Run actions/setup-node@v4
2026-10-02T19:22:12.6017132Z with:
2026-10-02T19:22:12.6017366Z   node-version: 24.19.0
2026-10-02T19:22:12.6017715Z   cache: npm
2026-10-02T19:22:12.6017957Z   always-auth: false
2026-10-02T19:22:12.6018219Z   check-latest: false
2026-10-02T19:22:12.6020423Z   token: ***
2026-10-02T19:22:12.6020663Z env:
2026-10-02T19:22:12.6020928Z   CSC_IDENTITY_AUTO_DISCOVERY: false
2026-10-02T19:22:12.6021229Z ##[endgroup]
2026-10-02T19:22:12.7514284Z Attempting to download 24.19.0...
2026-10-02T19:22:12.7672166Z (node:2596) [DEP0040] DeprecationWarning: The `punycode` module is deprecated. Please use a userland alternative instead.
2026-10-02T19:22:12.7673059Z (Use `node --trace-deprecation ...` to show where the warning was created)
2026-10-02T19:22:13.8299489Z Acquiring 24.19.0 - x64 from https://github.com/actions/node-versions/releases/download/24.19.0-30872449280/node-24.19.0-win32-x64.7z
2026-10-02T19:22:14.3278491Z Extracting ...
2026-10-02T19:22:16.0677432Z Adding to the cache ...
2026-10-02T19:22:19.3598783Z ##[group]Environment details
2026-10-02T19:22:21.1030339Z node: v24.19.0
2026-10-02T19:22:21.1030689Z npm: 11.17.0
2026-10-02T19:22:21.1030922Z yarn: 1.22.22
2026-10-02T19:22:21.1031489Z ##[endgroup]
2026-10-02T19:22:21.1609717Z [command]C:\Windows\system32\cmd.exe /D /S /C "C:\hostedtoolcache\windows\node\24.19.0\x64\npm.cmd config get cache"
2026-10-02T19:22:22.1722537Z C:\npm\cache
2026-10-02T19:22:22.5728959Z Cache hit for: node-cache-Windows-x64-npm-eb61369279b76f3a02feb9e54a42d0325b59a8bfb80590db8eb465abb4aee256
2026-10-02T19:22:22.5829456Z (node:2596) [DEP0169] DeprecationWarning: `url.parse()` behavior is not standardized and prone to errors that have security implications. Use the WHATWG URL API instead. CVEs are not issued for `url.parse()` vulnerabilities.
2026-10-02T19:22:23.8057548Z Received 48594465 of 56983073 (85.3%), 46.1 MBs/sec
2026-10-02T19:22:24.2719269Z Received 56983073 of 56983073 (100.0%), 36.9 MBs/sec
2026-10-02T19:22:24.2721871Z Cache Size: ~54 MB (56983073 B)
2026-10-02T19:22:24.2749813Z [command]"C:\Program Files\Git\usr\bin\tar.exe" -xf D:/a/_temp/696b47fe-e269-466d-ab69-1dd81ed762d2/cache.tzst -P -C D:/a/Roguelike-deckbuilder/Roguelike-deckbuilder --force-local --use-compress-program "zstd -d"
2026-10-02T19:22:26.4136672Z Cache restored successfully
2026-10-02T19:22:26.4191273Z Cache restored from key: node-cache-Windows-x64-npm-eb61369279b76f3a02feb9e54a42d0325b59a8bfb80590db8eb465abb4aee256
2026-10-02T19:22:26.4465881Z ##[group]Run node -e "const fs=require('node:fs'); const p=require('./package.json'); fs.appendFileSync(process.env.GITHUB_OUTPUT, 'version='+p.version+'\n');"
2026-10-02T19:22:26.4466883Z [36;1mnode -e "const fs=require('node:fs'); const p=require('./package.json'); fs.appendFileSync(process.env.GITHUB_OUTPUT, 'version='+p.version+'\n');"[0m
2026-10-02T19:22:26.4499660Z shell: C:\Program Files\PowerShell\7\pwsh.EXE -command ". '{0}'"
2026-10-02T19:22:26.4500151Z env:
2026-10-02T19:22:26.4500417Z   CSC_IDENTITY_AUTO_DISCOVERY: false
2026-10-02T19:22:26.4500726Z ##[endgroup]
2026-10-02T19:22:26.7802083Z ##[group]Run npm ci
2026-10-02T19:22:26.7802416Z [36;1mnpm ci[0m
2026-10-02T19:22:26.7834767Z shell: C:\Program Files\PowerShell\7\pwsh.EXE -command ". '{0}'"
2026-10-02T19:22:26.7835245Z env:
2026-10-02T19:22:26.7835531Z   CSC_IDENTITY_AUTO_DISCOVERY: false
2026-10-02T19:22:26.7835885Z ##[endgroup]
2026-10-02T19:22:29.1757971Z npm warn deprecated inflight@1.0.6: This module is not supported, and leaks memory. Do not use it. Check out lru-cache if you want a good and tested way to coalesce async requests by a key value, which is much more comprehensive and powerful.
2026-10-02T19:22:29.2103675Z npm warn deprecated rimraf@2.6.3: Rimraf versions prior to v4 are no longer supported
2026-10-02T19:22:29.2465670Z npm warn deprecated glob@7.2.3: Old versions of glob are not supported, and contain widely publicized security vulnerabilities, which have been fixed in the current version. Please update. Support for old versions may be purchased (at exorbitant rates) by contacting i@izs.me
2026-10-02T19:22:29.5495662Z npm warn deprecated boolean@3.2.0: Package no longer supported. Contact Support at https://www.npmjs.com/support for more info.
2026-10-02T19:22:31.8863944Z 
2026-10-02T19:22:31.8865088Z added 314 packages, and audited 315 packages in 5s
2026-10-02T19:22:31.8865576Z 
2026-10-02T19:22:31.8865875Z 56 packages are looking for funding
2026-10-02T19:22:31.8867449Z   run `npm fund` for details
2026-10-02T19:22:31.8878499Z 
2026-10-02T19:22:31.8879241Z found 0 vulnerabilities
2026-10-02T19:22:31.8891263Z npm warn allow-scripts 2 packages have install scripts not yet covered by allowScripts:
2026-10-02T19:22:31.8892223Z npm warn allow-scripts   electron-winstaller@5.4.0 (install: node ./script/select-7z-arch.js)
2026-10-02T19:22:31.8892891Z npm warn allow-scripts   esbuild@0.28.2 (postinstall: node install.js)
2026-10-02T19:22:31.8893342Z npm warn allow-scripts
2026-10-02T19:22:31.8894376Z npm warn allow-scripts Run `npm approve-scripts --allow-scripts-pending` to review, or `npm approve-scripts <pkg>` to allow.
2026-10-02T19:22:33.6490424Z ##[group]Run node node_modules/electron/install.js
2026-10-02T19:22:33.6490971Z [36;1mnode node_modules/electron/install.js[0m
2026-10-02T19:22:33.6524734Z shell: C:\Program Files\PowerShell\7\pwsh.EXE -command ". '{0}'"
2026-10-02T19:22:33.6525146Z env:
2026-10-02T19:22:33.6525426Z   CSC_IDENTITY_AUTO_DISCOVERY: false
2026-10-02T19:22:33.6525784Z ##[endgroup]
2026-10-02T19:22:36.8172089Z ##[group]Run npm test
2026-10-02T19:22:36.8172486Z [36;1mnpm test[0m
2026-10-02T19:22:36.8202045Z shell: C:\Program Files\PowerShell\7\pwsh.EXE -command ". '{0}'"
2026-10-02T19:22:36.8202497Z env:
2026-10-02T19:22:36.8202745Z   CSC_IDENTITY_AUTO_DISCOVERY: false
2026-10-02T19:22:36.8203046Z ##[endgroup]
2026-10-02T19:22:37.6569675Z 
2026-10-02T19:22:37.6570938Z > hollowpact@0.9.0 test
2026-10-02T19:22:37.6571506Z > tsx --test tests/*.test.ts
2026-10-02T19:22:37.6571820Z 
2026-10-02T19:22:38.6286176Z ✔ omitted/zero timing preserves the old pure contact cues and canonical bytes (4.1328ms)
2026-10-02T19:22:38.6289592Z ✔ renderer allocation and queued lead shift the anchor without altering contact offsets (0.6283ms)
2026-10-02T19:22:38.6291152Z ✔ invalid timing and nonanimated/noncombat presentation remain immediate (0.5867ms)
2026-10-02T19:22:38.6292797Z ✔ arrival bind/impact groups and enemy-phase wound/stagger cues keep their relative contact times (1.0399ms)
2026-10-02T19:22:38.6301276Z ✔ actual player deadline includes an800ms anchor lead beyond its unchanged600ms offset cap (4.2993ms)
2026-10-02T19:22:38.6320966Z ✔ pending delayed decode cannot escape cancellation or native restoration epoch barriers (2.4677ms)
2026-10-02T19:22:38.6335720Z ✔ hidden and native inactive hosts never start a delayed batch (1.1089ms)
2026-10-02T19:22:38.6341260Z ✔ late cold assets still skip their shifted deadline rather than playing a stale impact (0.943ms)
2026-10-02T19:22:39.1073852Z ✔ schema kind1: ironjaw guard and actual Silence retain 14 armor (5.6328ms)
2026-10-02T19:22:39.1079301Z ✔ schema kind1: raider guard and actual Silence retain 4 armor (1.0898ms)
2026-10-02T19:22:39.1082622Z ✔ schema kind1: cindermaw guard and actual Silence retain 10 armor (0.9299ms)
2026-10-02T19:22:39.1086601Z ✔ schema kind2: ironjaw guard and actual Silence retain 14 armor (1.5748ms)
2026-10-02T19:22:39.1087860Z ✔ schema kind2: raider guard and actual Silence retain 4 armor (1.1408ms)
2026-10-02T19:22:39.1091127Z ✔ schema kind2: cindermaw guard and actual Silence retain 10 armor (0.7626ms)
2026-10-02T19:22:39.1094768Z ✔ guard is absent in an attack phase after Silence (0.758ms)
2026-10-02T19:22:39.1116230Z ✔ revenant single target: summary agrees with actual block admission (1.2125ms)
2026-10-02T19:22:39.1117716Z ✔ thrall single target: summary agrees with actual block admission (0.6387ms)
2026-10-02T19:22:39.1119371Z ✔ loaded revenant area damage uses block and hits every live target (1.0408ms)
2026-10-02T19:22:39.1123812Z ✔ marked Binding 2 dying first redirects a later bypass hit to hunter (2.4905ms)
2026-10-02T19:22:39.1135255Z ✔ raise plan respects post-phase timing and cap with 1 existing hostiles (0.8416ms)
2026-10-02T19:22:39.1137015Z ✔ raise plan respects post-phase timing and cap with 5 existing hostiles (0.7435ms)
2026-10-02T19:22:39.1139187Z ✔ raise plan respects post-phase timing and cap with 6 existing hostiles (0.713ms)
2026-10-02T19:22:39.1146070Z ✔ fatal hunter phase suppresses planned reinforcements (0.6071ms)
2026-10-02T19:22:39.1148760Z ✔ structured loaded facts override misleading labels and formatter is pure (1.3193ms)
2026-10-02T19:22:41.4312467Z ✔ 24 original cards, four creature families and enhancement texts are complete (2.5967ms)
2026-10-02T19:22:41.4313761Z ✔ schema 2 saves reject historical schema, presentation menu and malformed inputs (1.0856ms)
2026-10-02T19:22:41.4362808Z ✔ serialized action replay is exact, pure, and deterministic through terminal state (90.7538ms)
2026-10-02T19:22:41.4370636Z ✔ invalid indices, targets, phase, budget and board size return original object (0.4338ms)
2026-10-02T19:22:41.4446590Z ✔ living creatures own one card copy outside piles; dead creatures rejoin discard (1.0097ms)
2026-10-02T19:22:41.4453786Z ✔ two identical source copies remain separate when one dies (0.5681ms)
2026-10-02T19:22:41.4462043Z ✔ Cairn Hound executes exposed targets but does not receive bonus against armor (0.4988ms)
2026-10-02T19:22:41.4471649Z ✔ Fen Stalker heals only when its command deals health damage (0.9206ms)
2026-10-02T19:22:41.4475930Z ✔ Briar Colossus grants hunter block after every command, even into armor (0.4408ms)
2026-10-02T19:22:41.4504703Z ✔ Ash Widow amplifies targeted damage, relic combines, Revenant resists it (0.6331ms)
2026-10-02T19:22:41.4506074Z ✔ Grave Resonance supports a spell-only opening and loses solo bonus after binding (0.4533ms)
2026-10-02T19:22:41.4507392Z ✔ ready permits a second command while ordinary commands are once per turn (0.4537ms)
2026-10-02T19:22:41.4514896Z ✔ Ironjaw armor retaliates through creature block; Sundering Hex prevents retaliation (0.5484ms)
2026-10-02T19:22:41.4516215Z ✔ retaliation deaths return exactly one source card and no duplicate draws (0.4646ms)
2026-10-02T19:22:41.4536854Z ✔ announced targets stay stable across bindings and commands; missing creature falls back to hunter (0.5433ms)
2026-10-02T19:22:41.4538166Z ✔ Revenant strikes ignore hunter armor and have explicit visible text (0.3146ms)
2026-10-02T19:22:41.4539526Z ✔ Cantor raises announced thralls after enemy resolution; no hidden immediate attacks (0.3993ms)
2026-10-02T19:22:41.4540819Z ✔ reinforcements respect six slots and cannot carry an unannounced extra enemy (0.3499ms)
2026-10-02T19:22:41.4541900Z ✔ Silence cancels necromancy; canceled attacks do not become armor; guard remains guard (0.6846ms)
2026-10-02T19:22:41.4543205Z ✔ killing the raising source before ending the turn prevents its reinforcements (0.3851ms)
2026-10-02T19:22:41.4544477Z ✔ Cindermaw guard/breath/strike cycle has readable damage windows and expires armor (0.3319ms)
2026-10-02T19:22:41.4545805Z ✔ boss is forecastable from run seed independently of earlier RNG consumption (0.9767ms)
2026-10-02T19:22:41.4547122Z ✔ elite formations offer four distinct questions and never guarantee all six relics (28.0663ms)
2026-10-02T19:22:41.4548421Z ✔ targeted camp upgrade changes precisely the selected duplicate entry (0.4011ms)
2026-10-02T19:22:41.4551349Z ✔ relic effects support summon endurance, command attack, solo economy and recovery (0.817ms)
2026-10-02T19:22:41.4580829Z ✔ rewards, real shop costs and removals cannot be collected twice (1.4083ms)
2026-10-02T19:22:41.4582487Z ✔ crypt events provide paid recovery, card purge or bounded relic oath (0.4548ms)
2026-10-02T19:22:41.4583703Z ✔ temporary attack bonuses reset between contracts while permanent deck and HP persist (1.047ms)
2026-10-02T19:22:41.4584957Z ✔ hunter self-damage defeat is immediate and terminal; terminal turn is counted (0.3138ms)
2026-10-02T19:22:41.4586153Z ✔ all three boss contracts can finish in a valid terminal collection state (55.873ms)
2026-10-02T19:22:41.4587444Z ✔ save validation rejects prototype identities, forged passives and illegal reinforcement fields (1.4058ms)
2026-10-02T19:22:41.4588741Z ✔ every encounter must match its actual node; final combat allows only boss (27.2297ms)
2026-10-02T19:22:41.4590092Z ✔ 300 seeded legal-random runs validate every intermediate state across difficulties (2085.8021ms)
2026-10-02T19:22:41.4607493Z {"acceptedObservedStates":769,"seeds":"7811..7818","difficulty":"seed%3","scope":"Actual legal random actions, no human fun inference"}
2026-10-02T19:22:41.4609425Z ✔ actual bind, ward, healing, control, rally and self-injury produce distinct observer cues (5.8818ms)
2026-10-02T19:22:41.4619066Z ✔ fully blocked actual hit braces; lethal actual trace falls at its executed impact only (1.512ms)
2026-10-02T19:22:41.4620175Z ✔ observation never mutates canonical state, UID allocation, RNG, event snapshots or legal actions (114.9183ms)
2026-10-02T19:22:41.4621005Z ✔ unified hunter placement is deterministic and occupies no creature slot (0.2615ms)
2026-10-02T19:22:41.4621849Z ✔ command directs hunter without rewriting its real companion hit and timing boundaries stay bounded (0.6049ms)
2026-10-02T19:22:41.4622762Z ✔ all full R3 pose cells fit desktop/mobile with one shared foot plane and target identity stays canonical (1.9316ms)
2026-10-02T19:22:41.4624434Z ✔ connection-held confirm requires neutral release, then a fresh edge (2.9342ms)
2026-10-02T19:22:41.4625102Z ✔ confirm does not repeat across selection focus changes or long holds (0.544ms)
2026-10-02T19:22:41.4625755Z ✔ button value hysteresis does not chatter near the press threshold (0.3952ms)
2026-10-02T19:22:41.4626460Z ✔ axis enter/exit deadzones ignore jitter and require threshold on reversal (0.4073ms)
2026-10-02T19:22:41.4627156Z ✔ direction alone repeats after350ms, then100ms; reentry is immediate (0.4243ms)
2026-10-02T19:22:41.4627825Z ✔ simultaneous activation buttons produce a single prioritized intent (0.2529ms)
2026-10-02T19:22:41.4628545Z ✔ presentation gate suppresses confirm and requires release after reopening (0.3075ms)
2026-10-02T19:22:41.4629308Z ✔ safe pause may open while gated, but is not replayed into a modal (0.3197ms)
2026-10-02T19:22:41.4630073Z ✔ disconnect, hidden reset and pad-index changes neutralize held input (0.4464ms)
2026-10-02T19:22:41.4630855Z ✔ unsupported mapping, invalid timing and opposing dpad directions stay inert (0.4226ms)
2026-10-02T19:22:41.4631585Z ✔ nonfinite axes/buttons are ignored, and decoder never reads a device identity (0.2788ms)
2026-10-02T19:22:41.4632239Z ✔ decoding does not mutate borrowed browser snapshots (1.0162ms)
2026-10-02T19:22:41.4632957Z ✔ safe pause works after neutral presentation-lock frames, without arming gameplay (0.2307ms)
2026-10-02T19:22:41.4633774Z ✔ initial unfocused document does not read controller; focus event needs neutral then a fresh press (1.3254ms)
2026-10-02T19:22:41.4634711Z ✔ visible-window blur stops reads and requires neutral release before any resumed controller action (0.4788ms)
2026-10-02T19:22:41.4635514Z ✔ blur cancels scheduled RAF; focus reschedules, and disposed adapters cannot resume (0.416ms)
2026-10-02T19:22:41.4636289Z ✔ unavailable initial focus API retains event-based keyboard/controller fallback (0.384ms)
2026-10-02T19:22:43.7290488Z ✔ events and ordinary reducer remain byte equivalent to archived v0.2 across seeded legal runs (3754.2392ms)
2026-10-02T19:22:43.7291898Z ✔ invalid actions produce no observations and preserve object identity (0.2701ms)
2026-10-02T19:22:43.7294899Z ✔ first lethal hunter strike suppresses every later enemy strike (0.408ms)
2026-10-02T19:22:43.7296245Z ✔ a later strike resolves to hunter after its announced creature target dies (0.5392ms)
2026-10-02T19:22:43.7302768Z ✔ one executed area attack finishes its real targets even if hunter dies, then skips later enemies (0.6718ms)
2026-10-02T19:22:43.7310591Z ✔ fully blocked attacks are observed with zero health loss and real absorbed damage (0.3414ms)
2026-10-02T19:22:43.7311779Z ✔ piercing and self damage report zero block absorption despite existing wards (0.2988ms)
2026-10-02T19:22:43.7313020Z ✔ stalker recovery and retaliation remain distinct despite zero net creature HP change (0.2698ms)
2026-10-02T19:22:43.7314210Z ✔ retaliation death follows command hit and returns exactly one real card copy (0.2653ms)
2026-10-02T19:22:43.7316292Z ✔ spell area damage records resolved roster targets and each death in order (0.3314ms)
2026-10-02T19:22:43.7318640Z ✔ binding snapshots survive on-bind victory cleanup and cannot mutate returned state (0.2501ms)
2026-10-02T19:22:43.7321778Z ✔ necromancy emits summons from actual raising source without immediate enemy hits (0.3715ms)
2026-10-02T19:22:43.7323233Z ✔ healing and wards emit actual gains only, with guard source resolved explicitly (0.4824ms)
2026-10-02T19:22:43.7329470Z ✔ random legal replays preserve archived states across rewards, crypt, shop and control branches (309.905ms)
2026-10-02T19:22:43.7331714Z ✔ Silence reports a truthful noninjury control event and redundant silence emits no second cue (0.4062ms)
2026-10-02T19:22:43.7333266Z ✔ Edict reports each real attack increase in roster order without invented injuries (0.5964ms)
2026-10-02T19:22:43.7538439Z ✔ all 119 reachable campaign actions remain valid with unchanged mechanics and payments (73.2678ms)
2026-10-02T19:22:43.7539497Z ✔ guard armor, fresh intentions and serialized continuation match legacy mechanics (76.1567ms)
2026-10-02T19:22:43.7540309Z ✔ exact inherited overflow recovery is valid, detached and preserves the original bytes (1.535ms)
2026-10-02T19:22:43.7540992Z ✔ normal valid saves and unrelated corruption never enter recovery (2.5689ms)
2026-10-02T19:22:43.7541657Z ✔ a valid legacy double suffix becomes canonical on the next paid Silence (0.4318ms)
2026-10-02T19:22:43.7542440Z ✔ generation2 production hash matches frozen research vectors and browser comparison evidence (1.9063ms)
2026-10-02T19:22:43.7543548Z ✔ generation classification is explicit and old serialization has no new fields (2.4003ms)
2026-10-02T19:22:43.7544439Z ✔ actual v0.4 fixture provenance and kind1 continuation stay byte exact (939.4991ms)
2026-10-02T19:22:43.7545994Z ✔ reachable card acquisition, draw history and shop sculpture cannot reroll common world nodes (152.0151ms)
2026-10-02T19:22:43.7546691Z ✔ reachable alternate route choices do not advance any shared world cursor (36.8744ms)
2026-10-02T19:22:43.7547316Z ✔ identity ranking is pure and invariant to catalogue ordering and owned exclusions (7.5287ms)
2026-10-02T19:22:43.7548074Z ✔ new-generation full serialized/event replays preserve stream positions and query purity (1386.1871ms)
2026-10-02T19:22:43.7548785Z ✔ explicit kind2 legal-random campaigns validate and serialize every accepted state (525.2907ms)
2026-10-02T19:22:43.7549607Z ✔ recovery rejects nonserializable programmatic extras and cannot switch generations (1.9927ms)
2026-10-02T19:22:43.7550415Z ✔ new-run Revenant cancellation says damage is canceled; legacy text remains byte exact (2.3778ms)
2026-10-02T19:22:43.7550934Z ℹ tests 111
2026-10-02T19:22:43.7551305Z ℹ suites 0
2026-10-02T19:22:43.7551599Z ℹ pass 111
2026-10-02T19:22:43.7551914Z ℹ fail 0
2026-10-02T19:22:43.7552200Z ℹ cancelled 0
2026-10-02T19:22:43.7552917Z ℹ skipped 0
2026-10-02T19:22:43.7553197Z ℹ todo 0
2026-10-02T19:22:43.7553473Z ℹ duration_ms 5956.1596
2026-10-02T19:22:43.8348869Z ##[group]Run npm run build
2026-10-02T19:22:43.8349223Z [36;1mnpm run build[0m
2026-10-02T19:22:43.8380255Z shell: C:\Program Files\PowerShell\7\pwsh.EXE -command ". '{0}'"
2026-10-02T19:22:43.8380724Z env:
2026-10-02T19:22:43.8381007Z   CSC_IDENTITY_AUTO_DISCOVERY: false
2026-10-02T19:22:43.8381316Z ##[endgroup]
2026-10-02T19:22:44.3597987Z 
2026-10-02T19:22:44.3598873Z > hollowpact@0.9.0 build
2026-10-02T19:22:44.3599557Z > node scripts/build.mjs
2026-10-02T19:22:44.3599806Z 
2026-10-02T19:22:45.2397593Z [36mvite v8.3.1 [32mbuilding client environment for production...[36m[39m
2026-10-02T19:22:45.2502772Z transforming...
2026-10-02T19:22:45.2941765Z ✓ 30 modules transformed.
2026-10-02T19:22:45.3451968Z rendering chunks...
2026-10-02T19:22:45.3710094Z computing gzip size...
2026-10-02T19:22:45.3740499Z dist/index.html                   1.65 kB │ gzip:  0.80 kB
2026-10-02T19:22:45.3741406Z dist/assets/index-CUtnp1BL.css   77.72 kB │ gzip: 16.83 kB
2026-10-02T19:22:45.3742443Z dist/assets/index-D3SmaLij.js   181.10 kB │ gzip: 62.25 kB
2026-10-02T19:22:45.3742800Z 
2026-10-02T19:22:45.3746748Z [32m✓ built in 133ms[39m
2026-10-02T19:22:45.5754426Z Runtime source digest: 64c2a14ada2b24796535f9bb71d8a6acc534685365bcf4f5665b21bf18595353
2026-10-02T19:22:45.6470986Z ##[group]Run node -e "const fs=require('node:fs'); const {build}=require('./package.json'); const config={...build,win:{...build.win,signAndEditExecutable:true,signExecutable:false},forceCodeSigning:false}; fs.mkdirSync('build-desktop',{recursive:true}); fs.writeFileSync('build-desktop/windows-native-config.json',JSON.stringify(config,null,2)+'\n');"
2026-10-02T19:22:45.6473527Z [36;1mnode -e "const fs=require('node:fs'); const {build}=require('./package.json'); const config={...build,win:{...build.win,signAndEditExecutable:true,signExecutable:false},forceCodeSigning:false}; fs.mkdirSync('build-desktop',{recursive:true}); fs.writeFileSync('build-desktop/windows-native-config.json',JSON.stringify(config,null,2)+'\n');"[0m
2026-10-02T19:22:45.6474934Z [36;1mnpx --no-install electron-builder --win dir --x64 --config build-desktop/windows-native-config.json[0m
2026-10-02T19:22:45.6507595Z shell: C:\Program Files\PowerShell\7\pwsh.EXE -command ". '{0}'"
2026-10-02T19:22:45.6508099Z env:
2026-10-02T19:22:45.6508387Z   CSC_IDENTITY_AUTO_DISCOVERY: false
2026-10-02T19:22:45.6508717Z ##[endgroup]
2026-10-02T19:22:46.9819094Z   • electron-builder  version=26.15.3 os=10.0.20348
2026-10-02T19:22:46.9822606Z   • publishing will be skipped  reason=current build is a part of pull request solution=set env PUBLISH_FOR_PULL_REQUEST to true to force code signing
2026-10-02T19:22:46.9823860Z There are serious security concerns with PUBLISH_FOR_PULL_REQUEST=true (see the  CircleCI documentation (https://circleci.com/docs/1.0/fork-pr-builds/) for details)
2026-10-02T19:22:46.9825796Z If you have SSH keys, sensitive env vars or AWS credentials stored in your project settings and untrusted forks can make pull requests against your repo, then this option isn't for you.
2026-10-02T19:22:46.9895842Z   • loaded configuration  file=D:\a\Roguelike-deckbuilder\Roguelike-deckbuilder\build-desktop\windows-native-config.json
2026-10-02T19:22:47.7097122Z   • executing @electron/rebuild  electronVersion=44.5.1 arch=x64 buildFromSource=false workspaceRoot=D:\a\Roguelike-deckbuilder\Roguelike-deckbuilder projectDir=./ appDir=./
2026-10-02T19:22:47.7098354Z   • installing native dependencies  arch=x64
2026-10-02T19:22:47.8580428Z   • completed installing native dependencies
2026-10-02T19:22:47.8636134Z   • packaging       platform=win32 arch=x64 electron=44.5.1 appOutDir=build-desktop\win-unpacked
2026-10-02T19:22:48.1411245Z   • downloaded      label=electron progress=100%
2026-10-02T19:22:51.5519613Z   • downloaded electron zip extracted successfully  output=D:\a\Roguelike-deckbuilder\Roguelike-deckbuilder\build-desktop\win-unpacked
2026-10-02T19:22:51.5679173Z   • searching for node modules  pm=npm searchDir=D:\a\Roguelike-deckbuilder\Roguelike-deckbuilder
2026-10-02T19:22:55.5686592Z   • searching for node modules  pm=traversal searchDir=D:\a\Roguelike-deckbuilder\Roguelike-deckbuilder
2026-10-02T19:22:55.5687560Z   • using manual traversal of node_modules to build dependency tree
2026-10-02T19:22:55.5704091Z   • no node modules returned while searching directories  searchDirectories=[""]
2026-10-02T19:22:56.2716797Z   • updating asar integrity executable resource  executablePath=build-desktop\win-unpacked\Hollowpact.exe
2026-10-02T19:22:56.5301690Z   • downloaded      label=icons-bundle.tar.gz progress=100%
2026-10-02T19:22:58.9489651Z   • file signing skipped via signExecutable configuration  file=build-desktop\win-unpacked\Hollowpact.exe
2026-10-02T19:22:59.1086809Z ##[group]Run node scripts/windows-smoke.mjs build-desktop/win-unpacked/Hollowpact.exe
2026-10-02T19:22:59.1087458Z [36;1mnode scripts/windows-smoke.mjs build-desktop/win-unpacked/Hollowpact.exe[0m
2026-10-02T19:22:59.1116226Z shell: C:\Program Files\PowerShell\7\pwsh.EXE -command ". '{0}'"
2026-10-02T19:22:59.1116587Z env:
2026-10-02T19:22:59.1116800Z   CSC_IDENTITY_AUTO_DISCOVERY: false
2026-10-02T19:22:59.1117045Z ##[endgroup]
2026-10-02T19:23:18.2920644Z locator.evaluate: Timeout 15000ms exceeded.
2026-10-02T19:23:18.2920994Z Call log:
2026-10-02T19:23:18.2921636Z [2m  - waiting for locator('.title-hunter')[22m
2026-10-02T19:23:18.2921851Z 
2026-10-02T19:23:18.2922149Z     at D:\a\Roguelike-deckbuilder\Roguelike-deckbuilder\scripts\windows-smoke.mjs:118:59
2026-10-02T19:23:18.5915429Z ##[error]Process completed with exit code 1.
2026-10-02T19:23:18.6087454Z ##[group]Run actions/upload-artifact@v4
2026-10-02T19:23:18.6087774Z with:
2026-10-02T19:23:18.6088037Z   name: hollowpact-0.9.0-windows-evidence-37053546108-1
2026-10-02T19:23:18.6088957Z   path: reviews/windows-native/
build-desktop/windows-transfer/manifest.json
build-desktop/builder-effective-config.yaml
build-desktop/windows-native-config.json
dist/build-provenance.json

2026-10-02T19:23:18.6089777Z   if-no-files-found: warn
2026-10-02T19:23:18.6089983Z   retention-days: 30
2026-10-02T19:23:18.6090234Z   compression-level: 6
2026-10-02T19:23:18.6090425Z   overwrite: false
2026-10-02T19:23:18.6090611Z   include-hidden-files: false
2026-10-02T19:23:18.6090845Z env:
2026-10-02T19:23:18.6091077Z   CSC_IDENTITY_AUTO_DISCOVERY: false
2026-10-02T19:23:18.6091317Z ##[endgroup]
2026-10-02T19:23:18.7842196Z (node:4492) [DEP0040] DeprecationWarning: The `punycode` module is deprecated. Please use a userland alternative instead.
2026-10-02T19:23:18.7842989Z (Use `node --trace-deprecation ...` to show where the warning was created)
2026-10-02T19:23:18.8138593Z Multiple search paths detected. Calculating the least common ancestor of all paths
2026-10-02T19:23:18.8141193Z The least common ancestor is D:\a\Roguelike-deckbuilder\Roguelike-deckbuilder. This will be the root directory of the artifact
2026-10-02T19:23:18.8142122Z With the provided path, there will be 57 files uploaded
2026-10-02T19:23:18.8146075Z Artifact name is valid!
2026-10-02T19:23:18.8148110Z Root directory input is valid!
2026-10-02T19:23:19.1648705Z Beginning upload of artifact content to blob storage
2026-10-02T19:23:19.4594758Z (node:4492) [DEP0169] DeprecationWarning: `url.parse()` behavior is not standardized and prone to errors that have security implications. Use the WHATWG URL API instead. CVEs are not issued for `url.parse()` vulnerabilities.
2026-10-02T19:23:20.4017464Z Uploaded bytes 8388608
2026-10-02T19:23:20.5454961Z Uploaded bytes 10406248
2026-10-02T19:23:20.6012471Z Finished uploading artifact content to blob storage!
2026-10-02T19:23:20.6014254Z SHA256 digest of uploaded artifact zip is a4287b8dc1e8257e310f21176dd0c328576a9310dae85c086655c6b10909045c
2026-10-02T19:23:20.6016286Z Finalizing artifact upload
2026-10-02T19:23:20.8794948Z Artifact hollowpact-0.9.0-windows-evidence-37053546108-1.zip successfully finalized. Artifact ID 11247905305
2026-10-02T19:23:20.8796189Z Artifact hollowpact-0.9.0-windows-evidence-37053546108-1 has been successfully uploaded! Final size is 10406248 bytes. Artifact ID is 11247905305
2026-10-02T19:23:20.8804563Z Artifact download URL: https://github.com/evangjones99-gif/Roguelike-deckbuilder/actions/runs/37053546108/artifacts/11247905305
2026-10-02T19:23:21.5785255Z ##[group]Run actions/upload-artifact@v4
2026-10-02T19:23:21.5785732Z with:
2026-10-02T19:23:21.5785992Z   name: hollowpact-0.9.0-windows-x64-37053546108-1
2026-10-02T19:23:21.5786828Z   path: reviews/windows-native/
build-desktop/hollowpact-*-windows-native-x64.zip
build-desktop/builder-effective-config.yaml
build-desktop/windows-native-config.json
dist/build-provenance.json

2026-10-02T19:23:21.5787717Z   if-no-files-found: warn
2026-10-02T19:23:21.5788010Z   retention-days: 30
2026-10-02T19:23:21.5788236Z   compression-level: 6
2026-10-02T19:23:21.5788465Z   overwrite: false
2026-10-02T19:23:21.5788678Z   include-hidden-files: false
2026-10-02T19:23:21.5788914Z env:
2026-10-02T19:23:21.5789131Z   CSC_IDENTITY_AUTO_DISCOVERY: false
2026-10-02T19:23:21.5789417Z ##[endgroup]
2026-10-02T19:23:21.7608898Z (node:3312) [DEP0040] DeprecationWarning: The `punycode` module is deprecated. Please use a userland alternative instead.
2026-10-02T19:23:21.7609726Z (Use `node --trace-deprecation ...` to show where the warning was created)
2026-10-02T19:23:21.7901111Z Multiple search paths detected. Calculating the least common ancestor of all paths
2026-10-02T19:23:21.7903366Z The least common ancestor is D:\a\Roguelike-deckbuilder\Roguelike-deckbuilder. This will be the root directory of the artifact
2026-10-02T19:23:21.7904336Z With the provided path, there will be 57 files uploaded
2026-10-02T19:23:21.7908745Z Artifact name is valid!
2026-10-02T19:23:21.7910745Z Root directory input is valid!
2026-10-02T19:23:22.1420926Z Beginning upload of artifact content to blob storage
2026-10-02T19:23:22.4261769Z (node:3312) [DEP0169] DeprecationWarning: `url.parse()` behavior is not standardized and prone to errors that have security implications. Use the WHATWG URL API instead. CVEs are not issued for `url.parse()` vulnerabilities.
2026-10-02T19:23:23.5181963Z Uploaded bytes 8388608
2026-10-02T19:23:23.6661638Z Uploaded bytes 10406248
2026-10-02T19:23:23.7224146Z Finished uploading artifact content to blob storage!
2026-10-02T19:23:23.7225119Z SHA256 digest of uploaded artifact zip is 52117db91a864f7fd5951f55ed5f6d332de84a236c83561e322377b930275723
2026-10-02T19:23:23.7225846Z Finalizing artifact upload
2026-10-02T19:23:24.0506836Z Artifact hollowpact-0.9.0-windows-x64-37053546108-1.zip successfully finalized. Artifact ID 11248220000
2026-10-02T19:23:24.0507828Z Artifact hollowpact-0.9.0-windows-x64-37053546108-1 has been successfully uploaded! Final size is 10406248 bytes. Artifact ID is 11248220000
2026-10-02T19:23:24.0515312Z Artifact download URL: https://github.com/evangjones99-gif/Roguelike-deckbuilder/actions/runs/37053546108/artifacts/11248220000
2026-10-02T19:23:24.0848072Z Post job cleanup.
2026-10-02T19:23:24.2436062Z [command]"C:\Program Files\Git\bin\git.exe" version
2026-10-02T19:23:24.2629185Z git version 2.55.0.windows.5
2026-10-02T19:23:24.2669037Z Copying 'C:\Users\runneradmin\.gitconfig' to 'D:\a\_temp\cc426ccb-0436-4478-994a-312795f0c713\.gitconfig'
2026-10-02T19:23:24.2686717Z Temporarily overriding HOME='D:\a\_temp\cc426ccb-0436-4478-994a-312795f0c713' before making global git config changes
2026-10-02T19:23:24.2687687Z Adding repository directory to the temporary git global config as a safe directory
2026-10-02T19:23:24.2697130Z [command]"C:\Program Files\Git\bin\git.exe" config --global --add safe.directory D:\a\Roguelike-deckbuilder\Roguelike-deckbuilder
2026-10-02T19:23:24.2905449Z [command]"C:\Program Files\Git\bin\git.exe" config --local --name-only --get-regexp core\.sshCommand
2026-10-02T19:23:24.3122888Z [command]"C:\Program Files\Git\bin\git.exe" submodule foreach --recursive "sh -c \"git config --local --name-only --get-regexp 'core\.sshCommand' && git config --local --unset-all 'core.sshCommand' || :\""
2026-10-02T19:23:24.7390853Z [command]"C:\Program Files\Git\bin\git.exe" config --local --name-only --get-regexp http\.https\:\/\/github\.com\/\.extraheader
2026-10-02T19:23:24.7595239Z [command]"C:\Program Files\Git\bin\git.exe" submodule foreach --recursive "sh -c \"git config --local --name-only --get-regexp 'http\.https\:\/\/github\.com\/\.extraheader' && git config --local --unset-all 'http.https://github.com/.extraheader' || :\""
2026-10-02T19:23:25.1607867Z [command]"C:\Program Files\Git\bin\git.exe" config --local --name-only --get-regexp ^includeIf\.gitdir:
2026-10-02T19:23:25.1814889Z [command]"C:\Program Files\Git\bin\git.exe" submodule foreach --recursive "git config --local --show-origin --name-only --get-regexp remote.origin.url"
2026-10-02T19:23:25.5844129Z Cleaning up orphan processes
2026-10-02T19:23:25.6073433Z ##[warning]Node.js 20 is deprecated. The following actions target Node.js 20 but are being forced to run on Node.js 24: actions/checkout@v4, actions/setup-node@v4, actions/upload-artifact@v4. For more information see: https://github.blog/changelog/2025-09-19-deprecation-of-node-20-on-github-actions-runners/
